Archive member included to satisfy reference by file (symbol)

C:/ST/STM32CubeIDE_1.16.1/STM32CubeIDE/plugins/com.st.stm32cube.ide.mcu.externaltools.gnu-tools-for-stm32.12.3.rel1.win32_1.0.200.202406191623/tools/bin/../lib/gcc/arm-none-eabi/12.3.1/../../../../arm-none-eabi/lib/thumb/v7-m/nofp\libc_nano.a(libc_a-exit.o)
                              C:/ST/STM32CubeIDE_1.16.1/STM32CubeIDE/plugins/com.st.stm32cube.ide.mcu.externaltools.gnu-tools-for-stm32.12.3.rel1.win32_1.0.200.202406191623/tools/bin/../lib/gcc/arm-none-eabi/12.3.1/../../../../arm-none-eabi/lib/thumb/v7-m/nofp/crt0.o (exit)
C:/ST/STM32CubeIDE_1.16.1/STM32CubeIDE/plugins/com.st.stm32cube.ide.mcu.externaltools.gnu-tools-for-stm32.12.3.rel1.win32_1.0.200.202406191623/tools/bin/../lib/gcc/arm-none-eabi/12.3.1/../../../../arm-none-eabi/lib/thumb/v7-m/nofp\libc_nano.a(libc_a-findfp.o)
                              C:/ST/STM32CubeIDE_1.16.1/STM32CubeIDE/plugins/com.st.stm32cube.ide.mcu.externaltools.gnu-tools-for-stm32.12.3.rel1.win32_1.0.200.202406191623/tools/bin/../lib/gcc/arm-none-eabi/12.3.1/../../../../arm-none-eabi/lib/thumb/v7-m/nofp\libc_nano.a(libc_a-exit.o) (__stdio_exit_handler)
C:/ST/STM32CubeIDE_1.16.1/STM32CubeIDE/plugins/com.st.stm32cube.ide.mcu.externaltools.gnu-tools-for-stm32.12.3.rel1.win32_1.0.200.202406191623/tools/bin/../lib/gcc/arm-none-eabi/12.3.1/../../../../arm-none-eabi/lib/thumb/v7-m/nofp\libc_nano.a(libc_a-fwalk.o)
                              C:/ST/STM32CubeIDE_1.16.1/STM32CubeIDE/plugins/com.st.stm32cube.ide.mcu.externaltools.gnu-tools-for-stm32.12.3.rel1.win32_1.0.200.202406191623/tools/bin/../lib/gcc/arm-none-eabi/12.3.1/../../../../arm-none-eabi/lib/thumb/v7-m/nofp\libc_nano.a(libc_a-findfp.o) (_fwalk_sglue)
C:/ST/STM32CubeIDE_1.16.1/STM32CubeIDE/plugins/com.st.stm32cube.ide.mcu.externaltools.gnu-tools-for-stm32.12.3.rel1.win32_1.0.200.202406191623/tools/bin/../lib/gcc/arm-none-eabi/12.3.1/../../../../arm-none-eabi/lib/thumb/v7-m/nofp\libc_nano.a(libc_a-stdio.o)
                              C:/ST/STM32CubeIDE_1.16.1/STM32CubeIDE/plugins/com.st.stm32cube.ide.mcu.externaltools.gnu-tools-for-stm32.12.3.rel1.win32_1.0.200.202406191623/tools/bin/../lib/gcc/arm-none-eabi/12.3.1/../../../../arm-none-eabi/lib/thumb/v7-m/nofp\libc_nano.a(libc_a-findfp.o) (__sread)
C:/ST/STM32CubeIDE_1.16.1/STM32CubeIDE/plugins/com.st.stm32cube.ide.mcu.externaltools.gnu-tools-for-stm32.12.3.rel1.win32_1.0.200.202406191623/tools/bin/../lib/gcc/arm-none-eabi/12.3.1/../../../../arm-none-eabi/lib/thumb/v7-m/nofp\libc_nano.a(libc_a-memset.o)
                              C:/ST/STM32CubeIDE_1.16.1/STM32CubeIDE/plugins/com.st.stm32cube.ide.mcu.externaltools.gnu-tools-for-stm32.12.3.rel1.win32_1.0.200.202406191623/tools/bin/../lib/gcc/arm-none-eabi/12.3.1/../../../../arm-none-eabi/lib/thumb/v7-m/nofp/crt0.o (memset)
C:/ST/STM32CubeIDE_1.16.1/STM32CubeIDE/plugins/com.st.stm32cube.ide.mcu.externaltools.gnu-tools-for-stm32.12.3.rel1.win32_1.0.200.202406191623/tools/bin/../lib/gcc/arm-none-eabi/12.3.1/../../../../arm-none-eabi/lib/thumb/v7-m/nofp\libc_nano.a(libc_a-closer.o)
                              C:/ST/STM32CubeIDE_1.16.1/STM32CubeIDE/plugins/com.st.stm32cube.ide.mcu.externaltools.gnu-tools-for-stm32.12.3.rel1.win32_1.0.200.202406191623/tools/bin/../lib/gcc/arm-none-eabi/12.3.1/../../../../arm-none-eabi/lib/thumb/v7-m/nofp\libc_nano.a(libc_a-stdio.o) (_close_r)
C:/ST/STM32CubeIDE_1.16.1/STM32CubeIDE/plugins/com.st.stm32cube.ide.mcu.externaltools.gnu-tools-for-stm32.12.3.rel1.win32_1.0.200.202406191623/tools/bin/../lib/gcc/arm-none-eabi/12.3.1/../../../../arm-none-eabi/lib/thumb/v7-m/nofp\libc_nano.a(libc_a-reent.o)
                              C:/ST/STM32CubeIDE_1.16.1/STM32CubeIDE/plugins/com.st.stm32cube.ide.mcu.externaltools.gnu-tools-for-stm32.12.3.rel1.win32_1.0.200.202406191623/tools/bin/../lib/gcc/arm-none-eabi/12.3.1/../../../../arm-none-eabi/lib/thumb/v7-m/nofp\libc_nano.a(libc_a-closer.o) (errno)
C:/ST/STM32CubeIDE_1.16.1/STM32CubeIDE/plugins/com.st.stm32cube.ide.mcu.externaltools.gnu-tools-for-stm32.12.3.rel1.win32_1.0.200.202406191623/tools/bin/../lib/gcc/arm-none-eabi/12.3.1/../../../../arm-none-eabi/lib/thumb/v7-m/nofp\libc_nano.a(libc_a-impure.o)
                              C:/ST/STM32CubeIDE_1.16.1/STM32CubeIDE/plugins/com.st.stm32cube.ide.mcu.externaltools.gnu-tools-for-stm32.12.3.rel1.win32_1.0.200.202406191623/tools/bin/../lib/gcc/arm-none-eabi/12.3.1/../../../../arm-none-eabi/lib/thumb/v7-m/nofp\libc_nano.a(libc_a-reent.o) (_impure_ptr)
C:/ST/STM32CubeIDE_1.16.1/STM32CubeIDE/plugins/com.st.stm32cube.ide.mcu.externaltools.gnu-tools-for-stm32.12.3.rel1.win32_1.0.200.202406191623/tools/bin/../lib/gcc/arm-none-eabi/12.3.1/../../../../arm-none-eabi/lib/thumb/v7-m/nofp\libc_nano.a(libc_a-lseekr.o)
[...]
Memory Configuration

Name             Origin             Length             Attributes
RAM              0x20000000         0x00005000         xrw
FLASH            0x08000000         0x00010000         xr
*default*        0x00000000         0xffffffff

Linker script and memory map

LOAD C:/ST/STM32CubeIDE_1.16.1/STM32CubeIDE/plugins/com.st.stm32cube.ide.mcu.externaltools.gnu-tools-for-stm32.12.3.rel1.win32_1.0.200.202406191623/tools/bin/../lib/gcc/arm-none-eabi/12.3.1/thumb/v7-m/nofp/crti.o
LOAD C:/ST/STM32CubeIDE_1.16.1/STM32CubeIDE/plugins/com.st.stm32cube.ide.mcu.externaltools.gnu-tools-for-stm32.12.3.rel1.win32_1.0.200.202406191623/tools/bin/../lib/gcc/arm-none-eabi/12.3.1/thumb/v7-m/nofp/crtbegin.o
LOAD C:/ST/STM32CubeIDE_1.16.1/STM32CubeIDE/plugins/com.st.stm32cube.ide.mcu.externaltools.gnu-tools-for-stm32.12.3.rel1.win32_1.0.200.202406191623/tools/bin/../lib/gcc/arm-none-eabi/12.3.1/../../../../arm-none-eabi/lib/thumb/v7-m/nofp/crt0.o
LOAD ./Core/Src/CAN_Handler.o
LOAD ./Core/Src/MOTOR.o
LOAD ./Core/Src/SERVO.o
LOAD ./Core/Src/SIGNAL.o
LOAD ./Core/Src/can.o
LOAD ./Core/Src/gpio.o
LOAD ./Core/Src/main.o
LOAD ./Core/Src/stm32f1xx_hal_msp.o
LOAD ./Core/Src/stm32f1xx_it.o
LOAD ./Core/Src/syscalls.o
LOAD ./Core/Src/sysmem.o
LOAD ./Core/Src/system_stm32f1xx.o
LOAD ./Core/Src/tim.o
LOAD ./Core/Src/usart.o
LOAD ./Core/Startup/startup_stm32f103c8tx.o
LOAD ./Drivers/STM32F1xx_HAL_Driver/Src/stm32f1xx_hal.o
LOAD ./Drivers/STM32F1xx_HAL_Driver/Src/stm32f1xx_hal_can.o
LOAD ./Drivers/STM32F1xx_HAL_Driver/Src/stm32f1xx_hal_cortex.o
LOAD ./Drivers/STM32F1xx_HAL_Driver/Src/stm32f1xx_hal_dma.o
LOAD ./Drivers/STM32F1xx_HAL_Driver/Src/stm32f1xx_hal_exti.o
LOAD ./Drivers/STM32F1xx_HAL_Driver/Src/stm32f1xx_hal_flash.o
LOAD ./Drivers/STM32F1xx_HAL_Driver/Src/stm32f1xx_hal_flash_ex.o
LOAD ./Drivers/STM32F1xx_HAL_Driver/Src/stm32f1xx_hal_gpio.o
LOAD ./Drivers/STM32F1xx_HAL_Driver/Src/stm32f1xx_hal_gpio_ex.o
LOAD ./Drivers/STM32F1xx_HAL_Driver/Src/stm32f1xx_hal_pwr.o
LOAD ./Drivers/STM32F1xx_HAL_Driver/Src/stm32f1xx_hal_rcc.o
LOAD ./Drivers/STM32F1xx_HAL_Driver/Src/stm32f1xx_hal_rcc_ex.o
LOAD ./Drivers/STM32F1xx_HAL_Driver/Src/stm32f1xx_hal_tim.o
LOAD ./Drivers/STM32F1xx_HAL_Driver/Src/stm32f1xx_hal_tim_ex.o
LOAD ./Drivers/STM32F1xx_HAL_Driver/Src/stm32f1xx_hal_uart.o
START GROUP
LOAD C:/ST/STM32CubeIDE_1.16.1/STM32CubeIDE/plugins/com.st.stm32cube.ide.mcu.externaltools.gnu-tools-for-stm32.12.3.rel1.win32_1.0.200.202406191623/tools/bin/../lib/gcc/arm-none-eabi/12.3.1/../../../../arm-none-eabi/lib/thumb/v7-m/nofp\libc_nano.a
LOAD C:/ST/STM32CubeIDE_1.16.1/STM32CubeIDE/plugins/com.st.stm32cube.ide.mcu.externaltools.gnu-tools-for-stm32.12.3.rel1.win32_1.0.200.202406191623/tools/bin/../lib/gcc/arm-none-eabi/12.3.1/../../../../arm-none-eabi/lib/thumb/v7-m/nofp\libm.a
END GROUP
START GROUP
LOAD C:/ST/STM32CubeIDE_1.16.1/STM32CubeIDE/plugins/com.st.stm32cube.ide.mcu.externaltools.gnu-tools-for-stm32.12.3.rel1.win32_1.0.200.202406191623/tools/bin/../lib/gcc/arm-none-eabi/12.3.1/thumb/v7-m/nofp\libgcc.a
LOAD C:/ST/STM32CubeIDE_1.16.1/STM32CubeIDE/plugins/com.st.stm32cube.ide.mcu.externaltools.gnu-tools-for-stm32.12.3.rel1.win32_1.0.200.202406191623/tools/bin/../lib/gcc/arm-none-eabi/12.3.1/../../../../arm-none-eabi/lib/thumb/v7-m/nofp\libc_nano.a
END GROUP
START GROUP
LOAD C:/ST/STM32CubeIDE_1.16.1/STM32CubeIDE/plugins/com.st.stm32cube.ide.mcu.externaltools.gnu-tools-for-stm32.12.3.rel1.win32_1.0.200.202406191623/tools/bin/../lib/gcc/arm-none-eabi/12.3.1/thumb/v7-m/nofp\libgcc.a
LOAD C:/ST/STM32CubeIDE_1.16.1/STM32CubeIDE/plugins/com.st.stm32cube.ide.mcu.externaltools.gnu-tools-for-stm32.12.3.rel1.win32_1.0.200.202406191623/tools/bin/../lib/gcc/arm-none-eabi/12.3.1/../../../../arm-none-eabi/lib/thumb/v7-m/nofp\libc_nano.a
LOAD C:/ST/STM32CubeIDE_1.16.1/STM32CubeIDE/plugins/com.st.stm32cube.ide.mcu.externaltools.gnu-tools-for-stm32.12.3.rel1.win32_1.0.200.202406191623/tools/bin/../lib/gcc/arm-none-eabi/12.3.1/../../../../arm-none-eabi/lib/thumb/v7-m/nofp\libnosys.a
END GROUP
START GROUP
LOAD C:/ST/STM32CubeIDE_1.16.1/STM32CubeIDE/plugins/com.st.stm32cube.ide.mcu.externaltools.gnu-tools-for-stm32.12.3.rel1.win32_1.0.200.202406191623/tools/bin/../lib/gcc/arm-none-eabi/12.3.1/thumb/v7-m/nofp\libgcc.a
LOAD C:/ST/STM32CubeIDE_1.16.1/STM32CubeIDE/plugins/com.st.stm32cube.ide.mcu.externaltools.gnu-tools-for-stm32.12.3.rel1.win32_1.0.200.202406191623/tools/bin/../lib/gcc/arm-none-eabi/12.3.1/../../../../arm-none-eabi/lib/thumb/v7-m/nofp\libc_nano.a
LOAD C:/ST/STM32CubeIDE_1.16.1/STM32CubeIDE/plugins/com.st.stm32cube.ide.mcu.externaltools.gnu-tools-for-stm32.12.3.rel1.win32_1.0.200.202406191623/tools/bin/../lib/gcc/arm-none-eabi/12.3.1/../../../../arm-none-eabi/lib/thumb/v7-m/nofp\libnosys.a
END GROUP
LOAD C:/ST/STM32CubeIDE_1.16.1/STM32CubeIDE/plugins/com.st.stm32cube.ide.mcu.externaltools.gnu-tools-for-stm32.12.3.rel1.win32_1.0.200.202406191623/tools/bin/../lib/gcc/arm-none-eabi/12.3.1/thumb/v7-m/nofp/crtend.o
LOAD C:/ST/STM32CubeIDE_1.16.1/STM32CubeIDE/plugins/com.st.stm32cube.ide.mcu.externaltools.gnu-tools-for-stm32.12.3.rel1.win32_1.0.200.202406191623/tools/bin/../lib/gcc/arm-none-eabi/12.3.1/thumb/v7-m/nofp/crtn.o
                0x20005000                        _estack = (ORIGIN (RAM) + LENGTH (RAM))
                0x00000200                        _Min_Heap_Size = 0x200
                0x00000400                        _Min_Stack_Size = 0x400

.isr_vector     0x08000000      0x10c
                0x08000000                        . = ALIGN (0x4)
 *(.isr_vector)
 .isr_vector    0x08000000      0x10c ./Core/Startup/startup_stm32f103c8tx.o
                0x08000000                g_pfnVectors
                0x0800010c                        . = ALIGN (0x4)

.text           0x08000110     0x44f4
                0x08000110                        . = ALIGN (0x4)
 *(.text)
 .text          0x08000110       0x40 C:/ST/STM32CubeIDE_1.16.1/STM32CubeIDE/plugins/com.st.stm32cube.ide.mcu.externaltools.gnu-tools-for-stm32.12.3.rel1.win32_1.0.200.202406191623/tools/bin/../lib/gcc/arm-none-eabi/12.3.1/thumb/v7-m/nofp/crtbegin.o
 .text          0x08000150      0x254 C:/ST/STM32CubeIDE_1.16.1/STM32CubeIDE/plugins/com.st.stm32cube.ide.mcu.externaltools.gnu-tools-for-stm32.12.3.rel1.win32_1.0.200.202406191623/tools/bin/../lib/gcc/arm-none-eabi/12.3.1/thumb/v7-m/nofp\libgcc.a(_arm_muldf3.o)
                0x08000150                __muldf3
                0x08000150                __aeabi_dmul
 .text          0x080003a4      0x378 C:/ST/STM32CubeIDE_1.16.1/STM32CubeIDE/plugins/com.st.stm32cube.ide.mcu.externaltools.gnu-tools-for-stm32.12.3.rel1.win32_1.0.200.202406191623/tools/bin/../lib/gcc/arm-none-eabi/12.3.1/thumb/v7-m/nofp\libgcc.a(_arm_addsubdf3.o)
                0x080003a4                __aeabi_drsub
                0x080003ac                __aeabi_dsub
                0x080003ac                __subdf3
                0x080003b0                __aeabi_dadd
                0x080003b0                __adddf3
                0x08000628                __floatunsidf
                0x08000628                __aeabi_ui2d
                0x08000648                __floatsidf
                0x08000648                __aeabi_i2d
                0x0800066c                __aeabi_f2d
                0x0800066c                __extendsfdf2
                0x080006b0                __floatundidf
                0x080006b0                __aeabi_ul2d
                0x080006c0                __floatdidf
                0x080006c0                __aeabi_l2d
 .text          0x0800071c       0x50 C:/ST/STM32CubeIDE_1.16.1/STM32CubeIDE/plugins/com.st.stm32cube.ide.mcu.externaltools.gnu-tools-for-stm32.12.3.rel1.win32_1.0.200.202406191623/tools/bin/../lib/gcc/arm-none-eabi/12.3.1/thumb/v7-m/nofp\libgcc.a(_arm_fixdfsi.o)
                0x0800071c                __aeabi_d2iz
                0x0800071c                __fixdfsi
 .text          0x0800076c      0x21c C:/ST/STM32CubeIDE_1.16.1/STM32CubeIDE/plugins/com.st.stm32cube.ide.mcu.externaltools.gnu-tools-for-stm32.12.3.rel1.win32_1.0.200.202406191623/tools/bin/../lib/gcc/arm-none-eabi/12.3.1/thumb/v7-m/nofp\libgcc.a(_arm_addsubsf3.o)
                0x0800076c                __aeabi_frsub
                0x08000774                __subsf3
                0x08000774                __aeabi_fsub
                0x08000778                __aeabi_fadd
                0x08000778                __addsf3
                0x080008d8                __aeabi_ui2f
                0x080008d8                __floatunsisf
                0x080008e0                __aeabi_i2f
                0x080008e0                __floatsisf
                0x080008fc                __aeabi_ul2f
                0x080008fc                __floatundisf
                0x0800090c                __aeabi_l2f
                0x0800090c                __floatdisf
 .text          0x08000988      0x2a0 C:/ST/STM32CubeIDE_1.16.1/STM32CubeIDE/plugins/com.st.stm32cube.ide.mcu.externaltools.gnu-tools-for-stm32.12.3.rel1.win32_1.0.200.202406191623/tools/bin/../lib/gcc/arm-none-eabi/12.3.1/thumb/v7-m/nofp\libgcc.a(_arm_muldivsf3.o)
                0x08000988                __mulsf3
                0x08000988                __aeabi_fmul
                0x08000af0                __aeabi_fdiv
                0x08000af0                __divsf3
 .text          0x08000c28       0x40 C:/ST/STM32CubeIDE_1.16.1/STM32CubeIDE/plugins/com.st.stm32cube.ide.mcu.externaltools.gnu-tools-for-stm32.12.3.rel1.win32_1.0.200.202406191623/tools/bin/../lib/gcc/arm-none-eabi/12.3.1/thumb/v7-m/nofp\libgcc.a(_arm_fixunssfsi.o)
                0x08000c28                __fixunssfsi
                0x08000c28                __aeabi_f2uiz
 *(.text*)
 .text.CAN_ComInit_Std
                0x08000c68       0x34 ./Core/Src/CAN_Handler.o
                0x08000c68                CAN_ComInit_Std
 .text.CAN_FilterInit_SingleFF0
                0x08000c9c       0x5e ./Core/Src/CAN_Handler.o
                0x08000c9c                CAN_FilterInit_SingleFF0
 *fill*         0x08000cfa        0x2 
 .text.Start_Motor
                0x08000cfc       0x38 ./Core/Src/MOTOR.o
                0x08000cfc                Start_Motor
 .text.run      0x08000d34       0x64 ./Core/Src/MOTOR.o
                0x08000d34                run
 .text.genPwm   0x08000d98       0x9c ./Core/Src/MOTOR.o
                0x08000d98                genPwm
 .text.Start_Servo
                0x08000e34       0x20 ./Core/Src/SERVO.o
                0x08000e34                Start_Servo
 *fill*         0x08000e54        0x4 
 .text.AngleToPWM
                0x08000e58       0x54 ./Core/Src/SERVO.o
                0x08000e58                AngleToPWM
 .text.To_Default
                0x08000eac       0x24 ./Core/Src/SERVO.o
                0x08000eac                To_Default
 .text.Turn_Left
                0x08000ed0       0x24 ./Core/Src/SERVO.o
                0x08000ed0                Turn_Left
 *fill*         0x08000ef4        0x4 
 .text.Turn_Right
                0x08000ef8       0x2c ./Core/Src/SERVO.o
                0x08000ef8                Turn_Right
 .text.MX_CAN_Init
                0x08000f24       0x6c ./Core/Src/can.o
                0x08000f24                MX_CAN_Init
 .text.HAL_CAN_MspInit
                0x08000f90       0xd0 ./Core/Src/can.o
                0x08000f90                HAL_CAN_MspInit
 .text.MX_GPIO_Init
                0x08001060       0x98 ./Core/Src/gpio.o
                0x08001060                MX_GPIO_Init
 .text.HAL_CAN_RxFifo0MsgPendingCallback
                0x080010f8       0x48 ./Core/Src/main.o
                0x080010f8                HAL_CAN_RxFifo0MsgPendingCallback
 .text.main     0x08001140      0x100 ./Core/Src/main.o
                0x08001140                main
 .text.SystemClock_Config
                0x08001240       0x8a ./Core/Src/main.o
                0x08001240                SystemClock_Config
 .text.Error_Handler
                0x080012ca        0xc ./Core/Src/main.o
                0x080012ca                Error_Handler
 *fill*         0x080012d6        0x2 
 .text.HAL_MspInit
                0x080012d8       0x64 ./Core/Src/stm32f1xx_hal_msp.o
                0x080012d8                HAL_MspInit
 .text.NMI_Handler
                0x0800133c        0x8 ./Core/Src/stm32f1xx_it.o
                0x0800133c                NMI_Handler
 .text.HardFault_Handler
                0x08001344        0x8 ./Core/Src/stm32f1xx_it.o
                0x08001344                HardFault_Handler
 .text.MemManage_Handler
                0x0800134c        0x8 ./Core/Src/stm32f1xx_it.o
                0x0800134c                MemManage_Handler
 .text.BusFault_Handler
                0x08001354        0x8 ./Core/Src/stm32f1xx_it.o
                0x08001354                BusFault_Handler
 .text.UsageFault_Handler
                0x0800135c        0x8 ./Core/Src/stm32f1xx_it.o
                0x0800135c                UsageFault_Handler
 .text.SVC_Handler
                0x08001364        0xc ./Core/Src/stm32f1xx_it.o
                0x08001364                SVC_Handler
 .text.DebugMon_Handler
                0x08001370        0xc ./Core/Src/stm32f1xx_it.o
                0x08001370                DebugMon_Handler
 .text.PendSV_Handler
                0x0800137c        0xc ./Core/Src/stm32f1xx_it.o
                0x0800137c                PendSV_Handler
 .text.SysTick_Handler
                0x08001388        0xc ./Core/Src/stm32f1xx_it.o
                0x08001388                SysTick_Handler
 .text.USB_LP_CAN1_RX0_IRQHandler
                0x08001394       0x14 ./Core/Src/stm32f1xx_it.o
                0x08001394                USB_LP_CAN1_RX0_IRQHandler
 .text.TIM2_IRQHandler
                0x080013a8       0x14 ./Core/Src/stm32f1xx_it.o
                0x080013a8                TIM2_IRQHandler
 .text.TIM3_IRQHandler
                0x080013bc       0x14 ./Core/Src/stm32f1xx_it.o
                0x080013bc                TIM3_IRQHandler
 .text.SystemInit
                0x080013d0        0xc ./Core/Src/system_stm32f1xx.o
                0x080013d0                SystemInit
 .text.MX_TIM1_Init
                0x080013dc      0x158 ./Core/Src/tim.o
                0x080013dc                MX_TIM1_Init
 .text.MX_TIM2_Init
                0x08001534       0xa8 ./Core/Src/tim.o
                0x08001534                MX_TIM2_Init
 .text.MX_TIM3_Init
                0x080015dc       0x9c ./Core/Src/tim.o
                0x080015dc                MX_TIM3_Init
 .text.MX_TIM4_Init
                0x08001678       0xec ./Core/Src/tim.o
                0x08001678                MX_TIM4_Init
 .text.HAL_TIM_Base_MspInit
                0x08001764       0x9c ./Core/Src/tim.o
                0x08001764                HAL_TIM_Base_MspInit
 .text.HAL_TIM_Encoder_MspInit
                0x08001800       0x88 ./Core/Src/tim.o
                0x08001800                HAL_TIM_Encoder_MspInit
 .text.HAL_TIM_MspPostInit
                0x08001888       0xac ./Core/Src/tim.o
                0x08001888                HAL_TIM_MspPostInit
 .text.MX_USART1_UART_Init
                0x08001934       0x54 ./Core/Src/usart.o
                0x08001934                MX_USART1_UART_Init
 .text.HAL_UART_MspInit
                0x08001988       0x98 ./Core/Src/usart.o
                0x08001988                HAL_UART_MspInit
 .text.Reset_Handler
                0x08001a20       0x48 ./Core/Startup/startup_stm32f103c8tx.o
                0x08001a20                Reset_Handler
 .text.Default_Handler
                0x08001a68        0x2 ./Core/Startup/startup_stm32f103c8tx.o
                0x08001a68                RTC_Alarm_IRQHandler
                0x08001a68                EXTI2_IRQHandler
                0x08001a68                TIM1_CC_IRQHandler
                0x08001a68                PVD_IRQHandler
                0x08001a68                EXTI3_IRQHandler
                0x08001a68                EXTI0_IRQHandler
                0x08001a68                I2C2_EV_IRQHandler
                0x08001a68                ADC1_2_IRQHandler
                0x08001a68                SPI1_IRQHandler
                0x08001a68                TAMPER_IRQHandler
                0x08001a68                DMA1_Channel4_IRQHandler
                0x08001a68                USART3_IRQHandler
                0x08001a68                RTC_IRQHandler
                0x08001a68                DMA1_Channel7_IRQHandler
                0x08001a68                CAN1_RX1_IRQHandler
                0x08001a68                TIM4_IRQHandler
                0x08001a68                I2C1_EV_IRQHandler
                0x08001a68                DMA1_Channel6_IRQHandler
                0x08001a68                RCC_IRQHandler
                0x08001a68                TIM1_TRG_COM_IRQHandler
                0x08001a68                DMA1_Channel1_IRQHandler
                0x08001a68                Default_Handler
                0x08001a68                EXTI15_10_IRQHandler
                0x08001a68                EXTI9_5_IRQHandler
                0x08001a68                SPI2_IRQHandler
                0x08001a68                DMA1_Channel5_IRQHandler
                0x08001a68                EXTI4_IRQHandler
                0x08001a68                USB_HP_CAN1_TX_IRQHandler
                0x08001a68                DMA1_Channel3_IRQHandler
                0x08001a68                TIM1_UP_IRQHandler
                0x08001a68                WWDG_IRQHandler
                0x08001a68                TIM1_BRK_IRQHandler
                0x08001a68                EXTI1_IRQHandler
                0x08001a68                USART2_IRQHandler
                0x08001a68                I2C2_ER_IRQHandler
                0x08001a68                DMA1_Channel2_IRQHandler
                0x08001a68                CAN1_SCE_IRQHandler
                0x08001a68                FLASH_IRQHandler
                0x08001a68                USART1_IRQHandler
                0x08001a68                I2C1_ER_IRQHandler
                0x08001a68                USBWakeUp_IRQHandler
 *fill*         0x08001a6a        0x2 
 .text.HAL_Init
                0x08001a6c       0x2c ./Drivers/STM32F1xx_HAL_Driver/Src/stm32f1xx_hal.o
                0x08001a6c                HAL_Init
 .text.HAL_InitTick
                0x08001a98       0x60 ./Drivers/STM32F1xx_HAL_Driver/Src/stm32f1xx_hal.o
                0x08001a98                HAL_InitTick
 .text.HAL_IncTick
                0x08001af8       0x24 ./Drivers/STM32F1xx_HAL_Driver/Src/stm32f1xx_hal.o
                0x08001af8                HAL_IncTick
 .text.HAL_GetTick
                0x08001b1c       0x14 ./Drivers/STM32F1xx_HAL_Driver/Src/stm32f1xx_hal.o
                0x08001b1c                HAL_GetTick
 .text.HAL_Delay
                0x08001b30       0x48 ./Drivers/STM32F1xx_HAL_Driver/Src/stm32f1xx_hal.o
                0x08001b30                HAL_Delay
 .text.HAL_CAN_Init
                0x08001b78      0x1f6 ./Drivers/STM32F1xx_HAL_Driver/Src/stm32f1xx_hal_can.o
                0x08001b78                HAL_CAN_Init
 .text.HAL_CAN_ConfigFilter
                0x08001d6e      0x192 ./Drivers/STM32F1xx_HAL_Driver/Src/stm32f1xx_hal_can.o
                0x08001d6e                HAL_CAN_ConfigFilter
 .text.HAL_CAN_Start
                0x08001f00       0x88 ./Drivers/STM32F1xx_HAL_Driver/Src/stm32f1xx_hal_can.o
                0x08001f00                HAL_CAN_Start
 .text.HAL_CAN_GetRxMessage
                0x08001f88      0x242 ./Drivers/STM32F1xx_HAL_Driver/Src/stm32f1xx_hal_can.o
                0x08001f88                HAL_CAN_GetRxMessage
 .text.HAL_CAN_ActivateNotification
                0x080021ca       0x4a ./Drivers/STM32F1xx_HAL_Driver/Src/stm32f1xx_hal_can.o
                0x080021ca                HAL_CAN_ActivateNotification
 .text.HAL_CAN_IRQHandler
                0x08002214      0x36e ./Drivers/STM32F1xx_HAL_Driver/Src/stm32f1xx_hal_can.o
                0x08002214                HAL_CAN_IRQHandler
 .text.HAL_CAN_TxMailbox0CompleteCallback
                0x08002582       0x12 ./Drivers/STM32F1xx_HAL_Driver/Src/stm32f1xx_hal_can.o
                0x08002582                HAL_CAN_TxMailbox0CompleteCallback
 .text.HAL_CAN_TxMailbox1CompleteCallback
                0x08002594       0x12 ./Drivers/STM32F1xx_HAL_Driver/Src/stm32f1xx_hal_can.o
                0x08002594                HAL_CAN_TxMailbox1CompleteCallback
 .text.HAL_CAN_TxMailbox2CompleteCallback
                0x080025a6       0x12 ./Drivers/STM32F1xx_HAL_Driver/Src/stm32f1xx_hal_can.o
                0x080025a6                HAL_CAN_TxMailbox2CompleteCallback
 .text.HAL_CAN_TxMailbox0AbortCallback
                0x080025b8       0x12 ./Drivers/STM32F1xx_HAL_Driver/Src/stm32f1xx_hal_can.o
                0x080025b8                HAL_CAN_TxMailbox0AbortCallback
 .text.HAL_CAN_TxMailbox1AbortCallback
                0x080025ca       0x12 ./Drivers/STM32F1xx_HAL_Driver/Src/stm32f1xx_hal_can.o
                0x080025ca                HAL_CAN_TxMailbox1AbortCallback
 .text.HAL_CAN_TxMailbox2AbortCallback
                0x080025dc       0x12 ./Drivers/STM32F1xx_HAL_Driver/Src/stm32f1xx_hal_can.o
                0x080025dc                HAL_CAN_TxMailbox2AbortCallback
 .text.HAL_CAN_RxFifo0FullCallback
                0x080025ee       0x12 ./Drivers/STM32F1xx_HAL_Driver/Src/stm32f1xx_hal_can.o
                0x080025ee                HAL_CAN_RxFifo0FullCallback
 .text.HAL_CAN_RxFifo1MsgPendingCallback
                0x08002600       0x12 ./Drivers/STM32F1xx_HAL_Driver/Src/stm32f1xx_hal_can.o
                0x08002600                HAL_CAN_RxFifo1MsgPendingCallback
 .text.HAL_CAN_RxFifo1FullCallback
                0x08002612       0x12 ./Drivers/STM32F1xx_HAL_Driver/Src/stm32f1xx_hal_can.o
                0x08002612                HAL_CAN_RxFifo1FullCallback
 .text.HAL_CAN_SleepCallback
                0x08002624       0x12 ./Drivers/STM32F1xx_HAL_Driver/Src/stm32f1xx_hal_can.o
                0x08002624                HAL_CAN_SleepCallback
 .text.HAL_CAN_WakeUpFromRxMsgCallback
                0x08002636       0x12 ./Drivers/STM32F1xx_HAL_Driver/Src/stm32f1xx_hal_can.o
                0x08002636                HAL_CAN_WakeUpFromRxMsgCallback
 .text.HAL_CAN_ErrorCallback
                0x08002648       0x12 ./Drivers/STM32F1xx_HAL_Driver/Src/stm32f1xx_hal_can.o
                0x08002648                HAL_CAN_ErrorCallback
 *fill*         0x0800265a        0x2 
 .text.__NVIC_SetPriorityGrouping
                0x0800265c       0x48 ./Drivers/STM32F1xx_HAL_Driver/Src/stm32f1xx_hal_cortex.o
 .text.__NVIC_GetPriorityGrouping
                0x080026a4       0x1c ./Drivers/STM32F1xx_HAL_Driver/Src/stm32f1xx_hal_cortex.o
 .text.__NVIC_EnableIRQ
                0x080026c0       0x38 ./Drivers/STM32F1xx_HAL_Driver/Src/stm32f1xx_hal_cortex.o
 .text.__NVIC_SetPriority
                0x080026f8       0x54 ./Drivers/STM32F1xx_HAL_Driver/Src/stm32f1xx_hal_cortex.o
 .text.NVIC_EncodePriority
                0x0800274c       0x64 ./Drivers/STM32F1xx_HAL_Driver/Src/stm32f1xx_hal_cortex.o
 .text.SysTick_Config
                0x080027b0       0x44 ./Drivers/STM32F1xx_HAL_Driver/Src/stm32f1xx_hal_cortex.o
 .text.HAL_NVIC_SetPriorityGrouping
                0x080027f4       0x16 ./Drivers/STM32F1xx_HAL_Driver/Src/stm32f1xx_hal_cortex.o
                0x080027f4                HAL_NVIC_SetPriorityGrouping
 .text.HAL_NVIC_SetPriority
                0x0800280a       0x38 ./Drivers/STM32F1xx_HAL_Driver/Src/stm32f1xx_hal_cortex.o
                0x0800280a                HAL_NVIC_SetPriority
 .text.HAL_NVIC_EnableIRQ
                0x08002842       0x1c ./Drivers/STM32F1xx_HAL_Driver/Src/stm32f1xx_hal_cortex.o
                0x08002842                HAL_NVIC_EnableIRQ
 .text.HAL_SYSTICK_Config
                0x0800285e       0x18 ./Drivers/STM32F1xx_HAL_Driver/Src/stm32f1xx_hal_cortex.o
                0x0800285e                HAL_SYSTICK_Config
 *fill*         0x08002876        0x2 
 .text.HAL_GPIO_Init
                0x08002878      0x308 ./Drivers/STM32F1xx_HAL_Driver/Src/stm32f1xx_hal_gpio.o
                0x08002878                HAL_GPIO_Init
 .text.HAL_GPIO_WritePin
                0x08002b80       0x30 ./Drivers/STM32F1xx_HAL_Driver/Src/stm32f1xx_hal_gpio.o
                0x08002b80                HAL_GPIO_WritePin
 .text.HAL_RCC_OscConfig
                0x08002bb0      0x504 ./Drivers/STM32F1xx_HAL_Driver/Src/stm32f1xx_hal_rcc.o
                0x08002bb0                HAL_RCC_OscConfig
 .text.HAL_RCC_ClockConfig
                0x080030b4      0x1d4 ./Drivers/STM32F1xx_HAL_Driver/Src/stm32f1xx_hal_rcc.o
                0x080030b4                HAL_RCC_ClockConfig
 .text.HAL_RCC_GetSysClockFreq
                0x08003288       0xa8 ./Drivers/STM32F1xx_HAL_Driver/Src/stm32f1xx_hal_rcc.o
                0x08003288                HAL_RCC_GetSysClockFreq
 .text.HAL_RCC_GetHCLKFreq
                0x08003330       0x14 ./Drivers/STM32F1xx_HAL_Driver/Src/stm32f1xx_hal_rcc.o
                0x08003330                HAL_RCC_GetHCLKFreq
 .text.HAL_RCC_GetPCLK1Freq
                0x08003344       0x28 ./Drivers/STM32F1xx_HAL_Driver/Src/stm32f1xx_hal_rcc.o
                0x08003344                HAL_RCC_GetPCLK1Freq
 .text.HAL_RCC_GetPCLK2Freq
                0x0800336c       0x28 ./Drivers/STM32F1xx_HAL_Driver/Src/stm32f1xx_hal_rcc.o
                0x0800336c                HAL_RCC_GetPCLK2Freq
 .text.RCC_Delay
                0x08003394       0x3c ./Drivers/STM32F1xx_HAL_Driver/Src/stm32f1xx_hal_rcc.o
 .text.HAL_TIM_Base_Init
                0x080033d0       0x9e ./Drivers/STM32F1xx_HAL_Driver/Src/stm32f1xx_hal_tim.o
                0x080033d0                HAL_TIM_Base_Init
 .text.HAL_TIM_PWM_Init
                0x0800346e       0x9e ./Drivers/STM32F1xx_HAL_Driver/Src/stm32f1xx_hal_tim.o
                0x0800346e                HAL_TIM_PWM_Init
 .text.HAL_TIM_PWM_MspInit
                0x0800350c       0x12 ./Drivers/STM32F1xx_HAL_Driver/Src/stm32f1xx_hal_tim.o
                0x0800350c                HAL_TIM_PWM_MspInit
 *fill*         0x0800351e        0x2 
 .text.HAL_TIM_PWM_Start
                0x08003520      0x144 ./Drivers/STM32F1xx_HAL_Driver/Src/stm32f1xx_hal_tim.o
                0x08003520                HAL_TIM_PWM_Start
 .text.HAL_TIM_Encoder_Init
                0x08003664      0x144 ./Drivers/STM32F1xx_HAL_Driver/Src/stm32f1xx_hal_tim.o
                0x08003664                HAL_TIM_Encoder_Init
 .text.HAL_TIM_IRQHandler
                0x080037a8      0x1e0 ./Drivers/STM32F1xx_HAL_Driver/Src/stm32f1xx_hal_tim.o
                0x080037a8                HAL_TIM_IRQHandler
 .text.HAL_TIM_PWM_ConfigChannel
                0x08003988      0x184 ./Drivers/STM32F1xx_HAL_Driver/Src/stm32f1xx_hal_tim.o
                0x08003988                HAL_TIM_PWM_ConfigChannel
 .text.HAL_TIM_ConfigClockSource
                0x08003b0c      0x18e ./Drivers/STM32F1xx_HAL_Driver/Src/stm32f1xx_hal_tim.o
                0x08003b0c                HAL_TIM_ConfigClockSource
 .text.HAL_TIM_PeriodElapsedCallback
                0x08003c9a       0x12 ./Drivers/STM32F1xx_HAL_Driver/Src/stm32f1xx_hal_tim.o
                0x08003c9a                HAL_TIM_PeriodElapsedCallback
 .text.HAL_TIM_OC_DelayElapsedCallback
                0x08003cac       0x12 ./Drivers/STM32F1xx_HAL_Driver/Src/stm32f1xx_hal_tim.o
                0x08003cac                HAL_TIM_OC_DelayElapsedCallback
 .text.HAL_TIM_IC_CaptureCallback
                0x08003cbe       0x12 ./Drivers/STM32F1xx_HAL_Driver/Src/stm32f1xx_hal_tim.o
                0x08003cbe                HAL_TIM_IC_CaptureCallback
 .text.HAL_TIM_PWM_PulseFinishedCallback
                0x08003cd0       0x12 ./Drivers/STM32F1xx_HAL_Driver/Src/stm32f1xx_hal_tim.o
                0x08003cd0                HAL_TIM_PWM_PulseFinishedCallback
 .text.HAL_TIM_TriggerCallback
                0x08003ce2       0x12 ./Drivers/STM32F1xx_HAL_Driver/Src/stm32f1xx_hal_tim.o
                0x08003ce2                HAL_TIM_TriggerCallback
 .text.TIM_Base_SetConfig
                0x08003cf4       0xdc ./Drivers/STM32F1xx_HAL_Driver/Src/stm32f1xx_hal_tim.o
                0x08003cf4                TIM_Base_SetConfig
 .text.TIM_OC1_SetConfig
                0x08003dd0       0xcc ./Drivers/STM32F1xx_HAL_Driver/Src/stm32f1xx_hal_tim.o
 .text.TIM_OC2_SetConfig
                0x08003e9c       0xd4 ./Drivers/STM32F1xx_HAL_Driver/Src/stm32f1xx_hal_tim.o
                0x08003e9c                TIM_OC2_SetConfig
 .text.TIM_OC3_SetConfig
                0x08003f70       0xd4 ./Drivers/STM32F1xx_HAL_Driver/Src/stm32f1xx_hal_tim.o
 .text.TIM_OC4_SetConfig
                0x08004044       0x9c ./Drivers/STM32F1xx_HAL_Driver/Src/stm32f1xx_hal_tim.o
 .text.TIM_TI1_ConfigInputStage
                0x080040e0       0x5c ./Drivers/STM32F1xx_HAL_Driver/Src/stm32f1xx_hal_tim.o
 .text.TIM_TI2_ConfigInputStage
                0x0800413c       0x5e ./Drivers/STM32F1xx_HAL_Driver/Src/stm32f1xx_hal_tim.o
 .text.TIM_ITRx_SetConfig
                0x0800419a       0x34 ./Drivers/STM32F1xx_HAL_Driver/Src/stm32f1xx_hal_tim.o
 .text.TIM_ETR_SetConfig
                0x080041ce       0x3e ./Drivers/STM32F1xx_HAL_Driver/Src/stm32f1xx_hal_tim.o
                0x080041ce                TIM_ETR_SetConfig
 .text.TIM_CCxChannelCmd
                0x0800420c       0x48 ./Drivers/STM32F1xx_HAL_Driver/Src/stm32f1xx_hal_tim.o
                0x0800420c                TIM_CCxChannelCmd
 .text.HAL_TIMEx_MasterConfigSynchronization
                0x08004254       0xbc ./Drivers/STM32F1xx_HAL_Driver/Src/stm32f1xx_hal_tim_ex.o
                0x08004254                HAL_TIMEx_MasterConfigSynchronization
 .text.HAL_TIMEx_ConfigBreakDeadTime
                0x08004310       0xa2 ./Drivers/STM32F1xx_HAL_Driver/Src/stm32f1xx_hal_tim_ex.o
                0x08004310                HAL_TIMEx_ConfigBreakDeadTime
 .text.HAL_TIMEx_CommutCallback
                0x080043b2       0x12 ./Drivers/STM32F1xx_HAL_Driver/Src/stm32f1xx_hal_tim_ex.o
                0x080043b2                HAL_TIMEx_CommutCallback
 .text.HAL_TIMEx_BreakCallback
                0x080043c4       0x12 ./Drivers/STM32F1xx_HAL_Driver/Src/stm32f1xx_hal_tim_ex.o
                0x080043c4                HAL_TIMEx_BreakCallback
 .text.HAL_UART_Init
                0x080043d6       0xa0 ./Drivers/STM32F1xx_HAL_Driver/Src/stm32f1xx_hal_uart.o
                0x080043d6                HAL_UART_Init
 *fill*         0x08004476        0x2 
 .text.UART_SetConfig
                0x08004478      0x11c ./Drivers/STM32F1xx_HAL_Driver/Src/stm32f1xx_hal_uart.o
 .text.memset   0x08004594       0x10 C:/ST/STM32CubeIDE_1.16.1/STM32CubeIDE/plugins/com.st.stm32cube.ide.mcu.externaltools.gnu-tools-for-stm32.12.3.rel1.win32_1.0.200.202406191623/tools/bin/../lib/gcc/arm-none-eabi/12.3.1/../../../../arm-none-eabi/lib/thumb/v7-m/nofp\libc_nano.a(libc_a-memset.o)
                0x08004594                memset
 .text.__libc_init_array
                0x080045a4       0x48 C:/ST/STM32CubeIDE_1.16.1/STM32CubeIDE/plugins/com.st.stm32cube.ide.mcu.externaltools.gnu-tools-for-stm32.12.3.rel1.win32_1.0.200.202406191623/tools/bin/../lib/gcc/arm-none-eabi/12.3.1/../../../../arm-none-eabi/lib/thumb/v7-m/nofp\libc_nano.a(libc_a-init.o)
                0x080045a4                __libc_init_array
 *(.glue_7)
 .glue_7        0x080045ec        0x0 linker stubs
 *(.glue_7t)
 .glue_7t       0x080045ec        0x0 linker stubs
 *(.eh_frame)
 .eh_frame      0x080045ec        0x0 C:/ST/STM32CubeIDE_1.16.1/STM32CubeIDE/plugins/com.st.stm32cube.ide.mcu.externaltools.gnu-tools-for-stm32.12.3.rel1.win32_1.0.200.202406191623/tools/bin/../lib/gcc/arm-none-eabi/12.3.1/thumb/v7-m/nofp/crtbegin.o
 *(.init)
 .init          0x080045ec        0x4 C:/ST/STM32CubeIDE_1.16.1/STM32CubeIDE/plugins/com.st.stm32cube.ide.mcu.externaltools.gnu-tools-for-stm32.12.3.rel1.win32_1.0.200.202406191623/tools/bin/../lib/gcc/arm-none-eabi/12.3.1/thumb/v7-m/nofp/crti.o
                0x080045ec                _init
 .init          0x080045f0        0x8 C:/ST/STM32CubeIDE_1.16.1/STM32CubeIDE/plugins/com.st.stm32cube.ide.mcu.externaltools.gnu-tools-for-stm32.12.3.rel1.win32_1.0.200.202406191623/tools/bin/../lib/gcc/arm-none-eabi/12.3.1/thumb/v7-m/nofp/crtn.o
 *(.fini)
 .fini          0x080045f8        0x4 C:/ST/STM32CubeIDE_1.16.1/STM32CubeIDE/plugins/com.st.stm32cube.ide.mcu.externaltools.gnu-tools-for-stm32.12.3.rel1.win32_1.0.200.202406191623/tools/bin/../lib/gcc/arm-none-eabi/12.3.1/thumb/v7-m/nofp/crti.o
                0x080045f8                _fini
 .fini          0x080045fc        0x8 C:/ST/STM32CubeIDE_1.16.1/STM32CubeIDE/plugins/com.st.stm32cube.ide.mcu.externaltools.gnu-tools-for-stm32.12.3.rel1.win32_1.0.200.202406191623/tools/bin/../lib/gcc/arm-none-eabi/12.3.1/thumb/v7-m/nofp/crtn.o
                0x08004604                        . = ALIGN (0x4)
                0x08004604                        _etext = .

.vfp11_veneer   0x08004604        0x0
 .vfp11_veneer  0x08004604        0x0 linker stubs

.v4_bx          0x08004604        0x0
 .v4_bx         0x08004604        0x0 linker stubs

.iplt           0x08004604        0x0
 .iplt          0x08004604        0x0 C:/ST/STM32CubeIDE_1.16.1/STM32CubeIDE/plugins/com.st.stm32cube.ide.mcu.externaltools.gnu-tools-for-stm32.12.3.rel1.win32_1.0.200.202406191623/tools/bin/../lib/gcc/arm-none-eabi/12.3.1/thumb/v7-m/nofp/crtbegin.o

.rodata         0x08004604       0x2c
                0x08004604                        . = ALIGN (0x4)
 *(.rodata)
 *(.rodata*)
 .rodata.AHBPrescTable
                0x08004604       0x10 ./Core/Src/system_stm32f1xx.o
                0x08004604                AHBPrescTable
 .rodata.APBPrescTable
                0x08004614        0x8 ./Core/Src/system_stm32f1xx.o
                0x08004614                APBPrescTable
 .rodata.aPLLMULFactorTable.1
                0x0800461c       0x10 ./Drivers/STM32F1xx_HAL_Driver/Src/stm32f1xx_hal_rcc.o
 .rodata.aPredivFactorTable.0
                0x0800462c        0x2 ./Drivers/STM32F1xx_HAL_Driver/Src/stm32f1xx_hal_rcc.o
                0x08004630                        . = ALIGN (0x4)
 *fill*         0x0800462e        0x2 

.ARM.extab      0x08004630        0x0
                0x08004630                        . = ALIGN (0x4)
 *(.ARM.extab* .gnu.linkonce.armextab.*)
                0x08004630                        . = ALIGN (0x4)

.ARM            0x08004630        0x0
                0x08004630                        . = ALIGN (0x4)
                0x08004630                        __exidx_start = .
 *(.ARM.exidx*)
                0x08004630                        __exidx_end = .
                0x08004630                        . = ALIGN (0x4)

.preinit_array  0x08004630        0x0
                0x08004630                        . = ALIGN (0x4)
                0x08004630                        PROVIDE (__preinit_array_start = .)
 *(.preinit_array*)
                0x08004630                        PROVIDE (__preinit_array_end = .)
                0x08004630                        . = ALIGN (0x4)

.init_array     0x08004630        0x4
                0x08004630                        . = ALIGN (0x4)
                0x08004630                        PROVIDE (__init_array_start = .)
 *(SORT_BY_NAME(.init_array.*))
 *(.init_array*)
 .init_array    0x08004630        0x4 C:/ST/STM32CubeIDE_1.16.1/STM32CubeIDE/plugins/com.st.stm32cube.ide.mcu.externaltools.gnu-tools-for-stm32.12.3.rel1.win32_1.0.200.202406191623/tools/bin/../lib/gcc/arm-none-eabi/12.3.1/thumb/v7-m/nofp/crtbegin.o
                0x08004634                        PROVIDE (__init_array_end = .)
                0x08004634                        . = ALIGN (0x4)

.fini_array     0x08004634        0x4
                0x08004634                        . = ALIGN (0x4)
                [!provide]                        PROVIDE (__fini_array_start = .)
 *(SORT_BY_NAME(.fini_array.*))
 *(.fini_array*)
 .fini_array    0x08004634        0x4 C:/ST/STM32CubeIDE_1.16.1/STM32CubeIDE/plugins/com.st.stm32cube.ide.mcu.externaltools.gnu-tools-for-stm32.12.3.rel1.win32_1.0.200.202406191623/tools/bin/../lib/gcc/arm-none-eabi/12.3.1/thumb/v7-m/nofp/crtbegin.o
                [!provide]                        PROVIDE (__fini_array_end = .)
                0x08004638                        . = ALIGN (0x4)
                0x08004638                        _sidata = LOADADDR (.data)

.rel.dyn        0x08004638        0x0
 .rel.iplt      0x08004638        0x0 C:/ST/STM32CubeIDE_1.16.1/STM32CubeIDE/plugins/com.st.stm32cube.ide.mcu.externaltools.gnu-tools-for-stm32.12.3.rel1.win32_1.0.200.202406191623/tools/bin/../lib/gcc/arm-none-eabi/12.3.1/thumb/v7-m/nofp/crtbegin.o

.data           0x20000000        0xc load address 0x08004638
                0x20000000                        . = ALIGN (0x4)
                0x20000000                        _sdata = .
 *(.data)
 *(.data*)
 .data.SystemCoreClock
                0x20000000        0x4 ./Core/Src/system_stm32f1xx.o
                0x20000000                SystemCoreClock
 .data.uwTickPrio
                0x20000004        0x4 ./Drivers/STM32F1xx_HAL_Driver/Src/stm32f1xx_hal.o
                0x20000004                uwTickPrio
 .data.uwTickFreq
                0x20000008        0x1 ./Drivers/STM32F1xx_HAL_Driver/Src/stm32f1xx_hal.o
                0x20000008                uwTickFreq
 *(.RamFunc)
 *(.RamFunc*)
                0x2000000c                        . = ALIGN (0x4)
 *fill*         0x20000009        0x3 
                0x2000000c                        _edata = .

.igot.plt       0x2000000c        0x0 load address 0x08004644
 .igot.plt      0x2000000c        0x0 C:/ST/STM32CubeIDE_1.16.1/STM32CubeIDE/plugins/com.st.stm32cube.ide.mcu.externaltools.gnu-tools-for-stm32.12.3.rel1.win32_1.0.200.202406191623/tools/bin/../lib/gcc/arm-none-eabi/12.3.1/thumb/v7-m/nofp/crtbegin.o
                0x2000000c                        . = ALIGN (0x4)

.bss            0x2000000c      0x218 load address 0x08004644
                0x2000000c                        _sbss = .
                0x2000000c                        __bss_start__ = _sbss
 *(.bss)
 .bss           0x2000000c       0x1c C:/ST/STM32CubeIDE_1.16.1/STM32CubeIDE/plugins/com.st.stm32cube.ide.mcu.externaltools.gnu-tools-for-stm32.12.3.rel1.win32_1.0.200.202406191623/tools/bin/../lib/gcc/arm-none-eabi/12.3.1/thumb/v7-m/nofp/crtbegin.o
 *(.bss*)
 .bss.TxHeader  0x20000028       0x18 ./Core/Src/CAN_Handler.o
                0x20000028                TxHeader
 .bss.RxHeader  0x20000040       0x1c ./Core/Src/CAN_Handler.o
                0x20000040                RxHeader
 .bss.canfilterconfig
                0x2000005c       0x28 ./Core/Src/CAN_Handler.o
                0x2000005c                canfilterconfig
 .bss.RxData    0x20000084        0x8 ./Core/Src/CAN_Handler.o
                0x20000084                RxData
 .bss.hcan      0x2000008c       0x28 ./Core/Src/can.o
                0x2000008c                hcan
 .bss.recv      0x200000b4        0x1 ./Core/Src/main.o
                0x200000b4                recv
 .bss.ctrlSignal
                0x200000b5        0x1 ./Core/Src/main.o
                0x200000b5                ctrlSignal
 .bss.subCtrlSignal
                0x200000b6        0x1 ./Core/Src/main.o
                0x200000b6                subCtrlSignal
 *fill*         0x200000b7        0x1 
 .bss.htim1     0x200000b8       0x48 ./Core/Src/tim.o
                0x200000b8                htim1
 .bss.htim2     0x20000100       0x48 ./Core/Src/tim.o
                0x20000100                htim2
 .bss.htim3     0x20000148       0x48 ./Core/Src/tim.o
                0x20000148                htim3
 .bss.htim4     0x20000190       0x48 ./Core/Src/tim.o
                0x20000190                htim4
 .bss.huart1    0x200001d8       0x48 ./Core/Src/usart.o
                0x200001d8                huart1
 .bss.uwTick    0x20000220        0x4 ./Drivers/STM32F1xx_HAL_Driver/Src/stm32f1xx_hal.o
                0x20000220                uwTick
 *(COMMON)
                0x20000224                        . = ALIGN (0x4)
                0x20000224                        _ebss = .
                0x20000224                        __bss_end__ = _ebss

._user_heap_stack
                0x20000224      0x604 load address 0x08004644
                0x20000228                        . = ALIGN (0x8)
 *fill*         0x20000224        0x4 
                [!provide]                        PROVIDE (end = .)
                0x20000228                        PROVIDE (_end = .)
                0x20000428                        . = (. + _Min_Heap_Size)
 *fill*         0x20000228      0x200 
                0x20000828                        . = (. + _Min_Stack_Size)
 *fill*         0x20000428      0x400 
                0x20000828                        . = ALIGN (0x8)

/DISCARD/
 libc.a(*)
 libm.a(*)
 libgcc.a(*)

.ARM.attributes
                0x00000000       0x29
 *(.ARM.attributes)
 .ARM.attributes
                0x00000000       0x1d C:/ST/STM32CubeIDE_1.16.1/STM32CubeIDE/plugins/com.st.stm32cube.ide.mcu.externaltools.gnu-tools-for-stm32.12.3.rel1.win32_1.0.200.202406191623/tools/bin/../lib/gcc/arm-none-eabi/12.3.1/thumb/v7-m/nofp/crti.o
 .ARM.attributes
                0x0000001d       0x2d C:/ST/STM32CubeIDE_1.16.1/STM32CubeIDE/plugins/com.st.stm32cube.ide.mcu.externaltools.gnu-tools-for-stm32.12.3.rel1.win32_1.0.200.202406191623/tools/bin/../lib/gcc/arm-none-eabi/12.3.1/thumb/v7-m/nofp/crtbegin.o
 .ARM.attributes
                0x0000004a       0x2d ./Core/Src/CAN_Handler.o
 .ARM.attributes
                0x00000077       0x2d ./Core/Src/MOTOR.o
 .ARM.attributes
                0x000000a4       0x2d ./Core/Src/SERVO.o
 .ARM.attributes
                0x000000d1       0x2d ./Core/Src/can.o
 .ARM.attributes
                0x000000fe       0x2d ./Core/Src/gpio.o
 .ARM.attributes
                0x0000012b       0x2d ./Core/Src/main.o
 .ARM.attributes
                0x00000158       0x2d ./Core/Src/stm32f1xx_hal_msp.o
 .ARM.attributes
                0x00000185       0x2d ./Core/Src/stm32f1xx_it.o
 .ARM.attributes
                0x000001b2       0x2d ./Core/Src/system_stm32f1xx.o
 .ARM.attributes
                0x000001df       0x2d ./Core/Src/tim.o
 .ARM.attributes
                0x0000020c       0x2d ./Core/Src/usart.o
 .ARM.attributes
                0x00000239       0x21 ./Core/Startup/startup_stm32f103c8tx.o
 .ARM.attributes
                0x0000025a       0x2d ./Drivers/STM32F1xx_HAL_Driver/Src/stm32f1xx_hal.o
 .ARM.attributes
                0x00000287       0x2d ./Drivers/STM32F1xx_HAL_Driver/Src/stm32f1xx_hal_can.o
 .ARM.attributes
                0x000002b4       0x2d ./Drivers/STM32F1xx_HAL_Driver/Src/stm32f1xx_hal_cortex.o
 .ARM.attributes
                0x000002e1       0x2d ./Drivers/STM32F1xx_HAL_Driver/Src/stm32f1xx_hal_gpio.o
 .ARM.attributes
                0x0000030e       0x2d ./Drivers/STM32F1xx_HAL_Driver/Src/stm32f1xx_hal_rcc.o
 .ARM.attributes
                0x0000033b       0x2d ./Drivers/STM32F1xx_HAL_Driver/Src/stm32f1xx_hal_tim.o
 .ARM.attributes
                0x00000368       0x2d ./Drivers/STM32F1xx_HAL_Driver/Src/stm32f1xx_hal_tim_ex.o
 .ARM.attributes
                0x00000395       0x2d ./Drivers/STM32F1xx_HAL_Driver/Src/stm32f1xx_hal_uart.o
 .ARM.attributes
                0x000003c2       0x2d C:/ST/STM32CubeIDE_1.16.1/STM32CubeIDE/plugins/com.st.stm32cube.ide.mcu.externaltools.gnu-tools-for-stm32.12.3.rel1.win32_1.0.200.202406191623/tools/bin/../lib/gcc/arm-none-eabi/12.3.1/../../../../arm-none-eabi/lib/thumb/v7-m/nofp\libc_nano.a(libc_a-memset.o)
 .ARM.attributes
                0x000003ef       0x2d C:/ST/STM32CubeIDE_1.16.1/STM32CubeIDE/plugins/com.st.stm32cube.ide.mcu.externaltools.gnu-tools-for-stm32.12.3.rel1.win32_1.0.200.202406191623/tools/bin/../lib/gcc/arm-none-eabi/12.3.1/../../../../arm-none-eabi/lib/thumb/v7-m/nofp\libc_nano.a(libc_a-init.o)
 .ARM.attributes
                0x0000041c       0x1d C:/ST/STM32CubeIDE_1.16.1/STM32CubeIDE/plugins/com.st.stm32cube.ide.mcu.externaltools.gnu-tools-for-stm32.12.3.rel1.win32_1.0.200.202406191623/tools/bin/../lib/gcc/arm-none-eabi/12.3.1/thumb/v7-m/nofp\libgcc.a(_arm_muldf3.o)
 .ARM.attributes
                0x00000439       0x1d C:/ST/STM32CubeIDE_1.16.1/STM32CubeIDE/plugins/com.st.stm32cube.ide.mcu.externaltools.gnu-tools-for-stm32.12.3.rel1.win32_1.0.200.202406191623/tools/bin/../lib/gcc/arm-none-eabi/12.3.1/thumb/v7-m/nofp\libgcc.a(_arm_addsubdf3.o)
 .ARM.attributes
                0x00000456       0x1d C:/ST/STM32CubeIDE_1.16.1/STM32CubeIDE/plugins/com.st.stm32cube.ide.mcu.externaltools.gnu-tools-for-stm32.12.3.rel1.win32_1.0.200.202406191623/tools/bin/../lib/gcc/arm-none-eabi/12.3.1/thumb/v7-m/nofp\libgcc.a(_arm_fixdfsi.o)
 .ARM.attributes
                0x00000473       0x1d C:/ST/STM32CubeIDE_1.16.1/STM32CubeIDE/plugins/com.st.stm32cube.ide.mcu.externaltools.gnu-tools-for-stm32.12.3.rel1.win32_1.0.200.202406191623/tools/bin/../lib/gcc/arm-none-eabi/12.3.1/thumb/v7-m/nofp\libgcc.a(_arm_addsubsf3.o)
 .ARM.attributes
                0x00000490       0x1d C:/ST/STM32CubeIDE_1.16.1/STM32CubeIDE/plugins/com.st.stm32cube.ide.mcu.externaltools.gnu-tools-for-stm32.12.3.rel1.win32_1.0.200.202406191623/tools/bin/../lib/gcc/arm-none-eabi/12.3.1/thumb/v7-m/nofp\libgcc.a(_arm_muldivsf3.o)
 .ARM.attributes
                0x000004ad       0x1d C:/ST/STM32CubeIDE_1.16.1/STM32CubeIDE/plugins/com.st.stm32cube.ide.mcu.externaltools.gnu-tools-for-stm32.12.3.rel1.win32_1.0.200.202406191623/tools/bin/../lib/gcc/arm-none-eabi/12.3.1/thumb/v7-m/nofp\libgcc.a(_arm_fixunssfsi.o)
 .ARM.attributes
                0x000004ca       0x1d C:/ST/STM32CubeIDE_1.16.1/STM32CubeIDE/plugins/com.st.stm32cube.ide.mcu.externaltools.gnu-tools-for-stm32.12.3.rel1.win32_1.0.200.202406191623/tools/bin/../lib/gcc/arm-none-eabi/12.3.1/thumb/v7-m/nofp/crtn.o
OUTPUT(FINAL_ACTUATOR.elf elf32-littlearm)
LOAD linker stubs
LOAD C:/ST/STM32CubeIDE_1.16.1/STM32CubeIDE/plugins/com.st.stm32cube.ide.mcu.externaltools.gnu-tools-for-stm32.12.3.rel1.win32_1.0.200.202406191623/tools/bin/../lib/gcc/arm-none-eabi/12.3.1/../../../../arm-none-eabi/lib/thumb/v7-m/nofp\libc.a
LOAD C:/ST/STM32CubeIDE_1.16.1/STM32CubeIDE/plugins/com.st.stm32cube.ide.mcu.externaltools.gnu-tools-for-stm32.12.3.rel1.win32_1.0.200.202406191623/tools/bin/../lib/gcc/arm-none-eabi/12.3.1/../../../../arm-none-eabi/lib/thumb/v7-m/nofp\libm.a
LOAD C:/ST/STM32CubeIDE_1.16.1/STM32CubeIDE/plugins/com.st.stm32cube.ide.mcu.externaltools.gnu-tools-for-stm32.12.3.rel1.win32_1.0.200.202406191623/tools/bin/../lib/gcc/arm-none-eabi/12.3.1/thumb/v7-m/nofp\libgcc.a

.debug_info     0x00000000     0xec8a
 .debug_info    0x00000000      0x80c ./Core/Src/CAN_Handler.o
 .debug_info    0x0000080c      0x7d2 ./Core/Src/MOTOR.o
 .debug_info    0x00000fde      0x6dc ./Core/Src/SERVO.o
 .debug_info    0x000016ba      0x8f6 ./Core/Src/can.o
 .debug_info    0x00001fb0      0x2b7 ./Core/Src/gpio.o
 .debug_info    0x00002267      0x9cc ./Core/Src/main.o
 .debug_info    0x00002c33      0x1f1 ./Core/Src/stm32f1xx_hal_msp.o
 .debug_info    0x00002e24      0xa88 ./Core/Src/stm32f1xx_it.o
 .debug_info    0x000038ac      0x222 ./Core/Src/system_stm32f1xx.o
 .debug_info    0x00003ace      0xef5 ./Core/Src/tim.o
 .debug_info    0x000049c3      0x798 ./Core/Src/usart.o
 .debug_info    0x0000515b       0x30 ./Core/Startup/startup_stm32f103c8tx.o
 .debug_info    0x0000518b      0x704 ./Drivers/STM32F1xx_HAL_Driver/Src/stm32f1xx_hal.o
 .debug_info    0x0000588f      0xf13 ./Drivers/STM32F1xx_HAL_Driver/Src/stm32f1xx_hal_can.o
 .debug_info    0x000067a2      0xa87 ./Drivers/STM32F1xx_HAL_Driver/Src/stm32f1xx_hal_cortex.o
 .debug_info    0x00007229      0x5ab ./Drivers/STM32F1xx_HAL_Driver/Src/stm32f1xx_hal_gpio.o
 .debug_info    0x000077d4      0x7d5 ./Drivers/STM32F1xx_HAL_Driver/Src/stm32f1xx_hal_rcc.o
 .debug_info    0x00007fa9     0x2959 ./Drivers/STM32F1xx_HAL_Driver/Src/stm32f1xx_hal_tim.o
 .debug_info    0x0000a902     0x149b ./Drivers/STM32F1xx_HAL_Driver/Src/stm32f1xx_hal_tim_ex.o
 .debug_info    0x0000bd9d     0x2eed ./Drivers/STM32F1xx_HAL_Driver/Src/stm32f1xx_hal_uart.o

.debug_abbrev   0x00000000     0x2766
 .debug_abbrev  0x00000000      0x1c3 ./Core/Src/CAN_Handler.o
 .debug_abbrev  0x000001c3      0x1e6 ./Core/Src/MOTOR.o
 .debug_abbrev  0x000003a9      0x1b7 ./Core/Src/SERVO.o
 .debug_abbrev  0x00000560      0x231 ./Core/Src/can.o
 .debug_abbrev  0x00000791      0x13f ./Core/Src/gpio.o
 .debug_abbrev  0x000008d0      0x27d ./Core/Src/main.o
 .debug_abbrev  0x00000b4d       0xdb ./Core/Src/stm32f1xx_hal_msp.o
 .debug_abbrev  0x00000c28      0x1eb ./Core/Src/stm32f1xx_it.o
 .debug_abbrev  0x00000e13      0x13f ./Core/Src/system_stm32f1xx.o
 .debug_abbrev  0x00000f52      0x287 ./Core/Src/tim.o
 .debug_abbrev  0x000011d9      0x1e6 ./Core/Src/usart.o
 .debug_abbrev  0x000013bf       0x24 ./Core/Startup/startup_stm32f103c8tx.o
 .debug_abbrev  0x000013e3      0x201 ./Drivers/STM32F1xx_HAL_Driver/Src/stm32f1xx_hal.o
 .debug_abbrev  0x000015e4      0x21c ./Drivers/STM32F1xx_HAL_Driver/Src/stm32f1xx_hal_can.o
 .debug_abbrev  0x00001800      0x2f8 ./Drivers/STM32F1xx_HAL_Driver/Src/stm32f1xx_hal_cortex.o
 .debug_abbrev  0x00001af8      0x1ca ./Drivers/STM32F1xx_HAL_Driver/Src/stm32f1xx_hal_gpio.o
 .debug_abbrev  0x00001cc2      0x2b3 ./Drivers/STM32F1xx_HAL_Driver/Src/stm32f1xx_hal_rcc.o
 .debug_abbrev  0x00001f75      0x277 ./Drivers/STM32F1xx_HAL_Driver/Src/stm32f1xx_hal_tim.o
 .debug_abbrev  0x000021ec      0x282 ./Drivers/STM32F1xx_HAL_Driver/Src/stm32f1xx_hal_tim_ex.o
 .debug_abbrev  0x0000246e      0x2f8 ./Drivers/STM32F1xx_HAL_Driver/Src/stm32f1xx_hal_uart.o

.debug_aranges  0x00000000      0xdf0
 .debug_aranges
                0x00000000       0x30 ./Core/Src/CAN_Handler.o
 .debug_aranges
                0x00000030       0x38 ./Core/Src/MOTOR.o
 .debug_aranges
                0x00000068       0x40 ./Core/Src/SERVO.o
 .debug_aranges
                0x000000a8       0x30 ./Core/Src/can.o
 .debug_aranges
                0x000000d8       0x20 ./Core/Src/gpio.o
 .debug_aranges
                0x000000f8       0x40 ./Core/Src/main.o
 .debug_aranges
                0x00000138       0x20 ./Core/Src/stm32f1xx_hal_msp.o
 .debug_aranges
                0x00000158       0x78 ./Core/Src/stm32f1xx_it.o
 .debug_aranges
                0x000001d0       0x28 ./Core/Src/system_stm32f1xx.o
 .debug_aranges
                0x000001f8       0x60 ./Core/Src/tim.o
 .debug_aranges
                0x00000258       0x30 ./Core/Src/usart.o
 .debug_aranges
                0x00000288       0x28 ./Core/Startup/startup_stm32f103c8tx.o
 .debug_aranges
                0x000002b0       0xe0 ./Drivers/STM32F1xx_HAL_Driver/Src/stm32f1xx_hal.o
 .debug_aranges
                0x00000390      0x138 ./Drivers/STM32F1xx_HAL_Driver/Src/stm32f1xx_hal_can.o
 .debug_aranges
                0x000004c8      0x100 ./Drivers/STM32F1xx_HAL_Driver/Src/stm32f1xx_hal_cortex.o
 .debug_aranges
                0x000005c8       0x58 ./Drivers/STM32F1xx_HAL_Driver/Src/stm32f1xx_hal_gpio.o
 .debug_aranges
                0x00000620       0x90 ./Drivers/STM32F1xx_HAL_Driver/Src/stm32f1xx_hal_rcc.o
 .debug_aranges
                0x000006b0      0x3d0 ./Drivers/STM32F1xx_HAL_Driver/Src/stm32f1xx_hal_tim.o
 .debug_aranges
                0x00000a80      0x168 ./Drivers/STM32F1xx_HAL_Driver/Src/stm32f1xx_hal_tim_ex.o
 .debug_aranges
                0x00000be8      0x208 ./Drivers/STM32F1xx_HAL_Driver/Src/stm32f1xx_hal_uart.o

.debug_rnglists
                0x00000000      0xac7
 .debug_rnglists
                0x00000000       0x1f ./Core/Src/CAN_Handler.o
 .debug_rnglists
                0x0000001f       0x26 ./Core/Src/MOTOR.o
 .debug_rnglists
                0x00000045       0x2b ./Core/Src/SERVO.o
 .debug_rnglists
                0x00000070       0x20 ./Core/Src/can.o
 .debug_rnglists
                0x00000090       0x14 ./Core/Src/gpio.o
 .debug_rnglists
                0x000000a4       0x2d ./Core/Src/main.o
 .debug_rnglists
                0x000000d1       0x13 ./Core/Src/stm32f1xx_hal_msp.o
 .debug_rnglists
                0x000000e4       0x55 ./Core/Src/stm32f1xx_it.o
 .debug_rnglists
                0x00000139       0x1a ./Core/Src/system_stm32f1xx.o
 .debug_rnglists
                0x00000153       0x4a ./Core/Src/tim.o
 .debug_rnglists
                0x0000019d       0x20 ./Core/Src/usart.o
 .debug_rnglists
                0x000001bd       0x19 ./Core/Startup/startup_stm32f103c8tx.o
 .debug_rnglists
                0x000001d6       0xa3 ./Drivers/STM32F1xx_HAL_Driver/Src/stm32f1xx_hal.o
 .debug_rnglists
                0x00000279       0xed ./Drivers/STM32F1xx_HAL_Driver/Src/stm32f1xx_hal_can.o
 .debug_rnglists
                0x00000366       0xbb ./Drivers/STM32F1xx_HAL_Driver/Src/stm32f1xx_hal_cortex.o
 .debug_rnglists
                0x00000421       0x3f ./Drivers/STM32F1xx_HAL_Driver/Src/stm32f1xx_hal_gpio.o
 .debug_rnglists
                0x00000460       0x6c ./Drivers/STM32F1xx_HAL_Driver/Src/stm32f1xx_hal_rcc.o
 .debug_rnglists
                0x000004cc      0x31a ./Drivers/STM32F1xx_HAL_Driver/Src/stm32f1xx_hal_tim.o
 .debug_rnglists
                0x000007e6      0x125 ./Drivers/STM32F1xx_HAL_Driver/Src/stm32f1xx_hal_tim_ex.o
 .debug_rnglists
                0x0000090b      0x1bc ./Drivers/STM32F1xx_HAL_Driver/Src/stm32f1xx_hal_uart.o

.debug_macro    0x00000000    0x18833
 .debug_macro   0x00000000      0x1d0 ./Core/Src/CAN_Handler.o
 .debug_macro   0x000001d0      0xaa8 ./Core/Src/CAN_Handler.o
 .debug_macro   0x00000c78      0x221 ./Core/Src/CAN_Handler.o
 .debug_macro   0x00000e99       0x2e ./Core/Src/CAN_Handler.o
 .debug_macro   0x00000ec7       0x22 ./Core/Src/CAN_Handler.o
 .debug_macro   0x00000ee9       0x22 ./Core/Src/CAN_Handler.o
 .debug_macro   0x00000f0b       0x8e ./Core/Src/CAN_Handler.o
 .debug_macro   0x00000f99       0x51 ./Core/Src/CAN_Handler.o
 .debug_macro   0x00000fea      0x103 ./Core/Src/CAN_Handler.o
 .debug_macro   0x000010ed       0x6a ./Core/Src/CAN_Handler.o
 .debug_macro   0x00001157      0x1df ./Core/Src/CAN_Handler.o
 .debug_macro   0x00001336       0x1c ./Core/Src/CAN_Handler.o
 .debug_macro   0x00001352       0x22 ./Core/Src/CAN_Handler.o
 .debug_macro   0x00001374       0xbd ./Core/Src/CAN_Handler.o
 .debug_macro   0x00001431      0xd23 ./Core/Src/CAN_Handler.o
 .debug_macro   0x00002154     0xe09e ./Core/Src/CAN_Handler.o
 .debug_macro   0x000101f2       0x6d ./Core/Src/CAN_Handler.o
 .debug_macro   0x0001025f     0x34a2 ./Core/Src/CAN_Handler.o
 .debug_macro   0x00013701      0x189 ./Core/Src/CAN_Handler.o
 .debug_macro   0x0001388a       0x5c ./Core/Src/CAN_Handler.o
 .debug_macro   0x000138e6      0x5bc ./Core/Src/CAN_Handler.o
 .debug_macro   0x00013ea2      0x289 ./Core/Src/CAN_Handler.o
 .debug_macro   0x0001412b      0x1cb ./Core/Src/CAN_Handler.o
 .debug_macro   0x000142f6      0x114 ./Core/Src/CAN_Handler.o
 .debug_macro   0x0001440a      0x1b2 ./Core/Src/CAN_Handler.o
 .debug_macro   0x000145bc       0x27 ./Core/Src/CAN_Handler.o
 .debug_macro   0x000145e3      0x136 ./Core/Src/CAN_Handler.o
 .debug_macro   0x00014719      0x1bc ./Core/Src/CAN_Handler.o
 .debug_macro   0x000148d5       0x34 ./Core/Src/CAN_Handler.o
 .debug_macro   0x00014909       0x3c ./Core/Src/CAN_Handler.o
 .debug_macro   0x00014945      0x408 ./Core/Src/CAN_Handler.o
 .debug_macro   0x00014d4d       0x57 ./Core/Src/CAN_Handler.o
 .debug_macro   0x00014da4       0x87 ./Core/Src/CAN_Handler.o
 .debug_macro   0x00014e2b      0x240 ./Core/Src/CAN_Handler.o
 .debug_macro   0x0001506b      0x140 ./Core/Src/CAN_Handler.o
 .debug_macro   0x000151ab      0x8ed ./Core/Src/CAN_Handler.o
 .debug_macro   0x00015a98      0x28e ./Core/Src/CAN_Handler.o
 .debug_macro   0x00015d26       0x83 ./Core/Src/CAN_Handler.o
 .debug_macro   0x00015da9       0x10 ./Core/Src/CAN_Handler.o
 .debug_macro   0x00015db9      0x1da ./Core/Src/MOTOR.o
 .debug_macro   0x00015f93       0x10 ./Core/Src/MOTOR.o
 .debug_macro   0x00015fa3      0x1d0 ./Core/Src/SERVO.o
 .debug_macro   0x00016173       0x10 ./Core/Src/SERVO.o
 .debug_macro   0x00016183      0x1c1 ./Core/Src/can.o
 .debug_macro   0x00016344      0x1c1 ./Core/Src/gpio.o
 .debug_macro   0x00016505      0x2fd ./Core/Src/main.o
 .debug_macro   0x00016802       0x61 ./Core/Src/main.o
 .debug_macro   0x00016863       0x24 ./Core/Src/main.o
 .debug_macro   0x00016887       0x43 ./Core/Src/main.o
 .debug_macro   0x000168ca       0x34 ./Core/Src/main.o
 .debug_macro   0x000168fe       0x16 ./Core/Src/main.o
 .debug_macro   0x00016914       0x35 ./Core/Src/main.o
 .debug_macro   0x00016949      0x369 ./Core/Src/main.o
 .debug_macro   0x00016cb2       0x10 ./Core/Src/main.o
 .debug_macro   0x00016cc2       0x16 ./Core/Src/main.o
 .debug_macro   0x00016cd8       0x43 ./Core/Src/main.o
 .debug_macro   0x00016d1b       0x34 ./Core/Src/main.o
 .debug_macro   0x00016d4f       0x10 ./Core/Src/main.o
 .debug_macro   0x00016d5f       0x58 ./Core/Src/main.o
 .debug_macro   0x00016db7       0x8e ./Core/Src/main.o
 .debug_macro   0x00016e45       0x1c ./Core/Src/main.o
 .debug_macro   0x00016e61      0x177 ./Core/Src/main.o
 .debug_macro   0x00016fd8       0x16 ./Core/Src/main.o
 .debug_macro   0x00016fee       0x16 ./Core/Src/main.o
 .debug_macro   0x00017004      0x146 ./Core/Src/main.o
 .debug_macro   0x0001714a       0x28 ./Core/Src/main.o
 .debug_macro   0x00017172      0x1b7 ./Core/Src/stm32f1xx_hal_msp.o
 .debug_macro   0x00017329      0x1c1 ./Core/Src/stm32f1xx_it.o
 .debug_macro   0x000174ea      0x1ad ./Core/Src/system_stm32f1xx.o
 .debug_macro   0x00017697      0x1c1 ./Core/Src/tim.o
 .debug_macro   0x00017858      0x1c1 ./Core/Src/usart.o
 .debug_macro   0x00017a19      0x1d1 ./Drivers/STM32F1xx_HAL_Driver/Src/stm32f1xx_hal.o
 .debug_macro   0x00017bea      0x1bc ./Drivers/STM32F1xx_HAL_Driver/Src/stm32f1xx_hal_can.o
 .debug_macro   0x00017da6      0x1ad ./Drivers/STM32F1xx_HAL_Driver/Src/stm32f1xx_hal_cortex.o
 .debug_macro   0x00017f53      0x218 ./Drivers/STM32F1xx_HAL_Driver/Src/stm32f1xx_hal_gpio.o
 .debug_macro   0x0001816b      0x1bf ./Drivers/STM32F1xx_HAL_Driver/Src/stm32f1xx_hal_rcc.o
 .debug_macro   0x0001832a      0x1ae ./Drivers/STM32F1xx_HAL_Driver/Src/stm32f1xx_hal_tim.o
 .debug_macro   0x000184d8      0x1ad ./Drivers/STM32F1xx_HAL_Driver/Src/stm32f1xx_hal_tim_ex.o
 .debug_macro   0x00018685      0x1ae ./Drivers/STM32F1xx_HAL_Driver/Src/stm32f1xx_hal_uart.o

.debug_line     0x00000000    0x10e16
 .debug_line    0x00000000      0x78b ./Core/Src/CAN_Handler.o
 .debug_line    0x0000078b      0x7cf ./Core/Src/MOTOR.o
 .debug_line    0x00000f5a      0x784 ./Core/Src/SERVO.o
 .debug_line    0x000016de      0x794 ./Core/Src/can.o
 .debug_line    0x00001e72      0x72a ./Core/Src/gpio.o
 .debug_line    0x0000259c      0x9d1 ./Core/Src/main.o
 .debug_line    0x00002f6d      0x71d ./Core/Src/stm32f1xx_hal_msp.o
 .debug_line    0x0000368a      0x826 ./Core/Src/stm32f1xx_it.o
 .debug_line    0x00003eb0      0x79a ./Core/Src/system_stm32f1xx.o
 .debug_line    0x0000464a      0x9ce ./Core/Src/tim.o
 .debug_line    0x00005018      0x78b ./Core/Src/usart.o
 .debug_line    0x000057a3       0x78 ./Core/Startup/startup_stm32f103c8tx.o
 .debug_line    0x0000581b      0x9c7 ./Drivers/STM32F1xx_HAL_Driver/Src/stm32f1xx_hal.o
 .debug_line    0x000061e2     0x11a9 ./Drivers/STM32F1xx_HAL_Driver/Src/stm32f1xx_hal_can.o
 .debug_line    0x0000738b      0xbb3 ./Drivers/STM32F1xx_HAL_Driver/Src/stm32f1xx_hal_cortex.o
 .debug_line    0x00007f3e      0xa60 ./Drivers/STM32F1xx_HAL_Driver/Src/stm32f1xx_hal_gpio.o
 .debug_line    0x0000899e      0xdd0 ./Drivers/STM32F1xx_HAL_Driver/Src/stm32f1xx_hal_rcc.o
 .debug_line    0x0000976e     0x34ec ./Drivers/STM32F1xx_HAL_Driver/Src/stm32f1xx_hal_tim.o
 .debug_line    0x0000cc5a     0x1916 ./Drivers/STM32F1xx_HAL_Driver/Src/stm32f1xx_hal_tim_ex.o
 .debug_line    0x0000e570     0x28a6 ./Drivers/STM32F1xx_HAL_Driver/Src/stm32f1xx_hal_uart.o

.debug_str      0x00000000    0x8c9bb
 .debug_str     0x00000000    0x85975 ./Core/Src/CAN_Handler.o
                              0x85cf7 (size before relaxing)
 .debug_str     0x00085975      0x50b ./Core/Src/MOTOR.o
                              0x85e00 (size before relaxing)
 .debug_str     0x00085e80       0x78 ./Core/Src/SERVO.o
                              0x85d83 (size before relaxing)
 .debug_str     0x00085ef8      0x3c3 ./Core/Src/can.o
                              0x85f0a (size before relaxing)
 .debug_str     0x000862bb       0x20 ./Core/Src/gpio.o
                              0x858f5 (size before relaxing)
 .debug_str     0x000862db     0x3977 ./Core/Src/main.o
                              0x8968e (size before relaxing)
 .debug_str     0x00089c52       0x2c ./Core/Src/stm32f1xx_hal_msp.o
                              0x8587d (size before relaxing)
 .debug_str     0x00089c7e      0x11b ./Core/Src/stm32f1xx_it.o
                              0x86025 (size before relaxing)
 .debug_str     0x00089d99       0x7e ./Core/Src/system_stm32f1xx.o
                              0x858a8 (size before relaxing)
 .debug_str     0x00089e17      0x381 ./Core/Src/tim.o
                              0x8649a (size before relaxing)
 .debug_str     0x0008a198      0x236 ./Core/Src/usart.o
                              0x85d3d (size before relaxing)
 .debug_str     0x0008a3ce       0x44 ./Core/Startup/startup_stm32f103c8tx.o
                                 0x85 (size before relaxing)
 .debug_str     0x0008a412      0x384 ./Drivers/STM32F1xx_HAL_Driver/Src/stm32f1xx_hal.o
                              0x85fdb (size before relaxing)
 .debug_str     0x0008a796      0x3f5 ./Drivers/STM32F1xx_HAL_Driver/Src/stm32f1xx_hal_can.o
                              0x860b0 (size before relaxing)
 .debug_str     0x0008ab8b      0x26c ./Drivers/STM32F1xx_HAL_Driver/Src/stm32f1xx_hal_cortex.o
                              0x85f27 (size before relaxing)
 .debug_str     0x0008adf7      0x2e1 ./Drivers/STM32F1xx_HAL_Driver/Src/stm32f1xx_hal_gpio.o
                              0x85c2e (size before relaxing)
 .debug_str     0x0008b0d8      0x229 ./Drivers/STM32F1xx_HAL_Driver/Src/stm32f1xx_hal_rcc.o
                              0x85cd7 (size before relaxing)
 .debug_str     0x0008b301      0xca9 ./Drivers/STM32F1xx_HAL_Driver/Src/stm32f1xx_hal_tim.o
                              0x86cd9 (size before relaxing)
 .debug_str     0x0008bfaa      0x3e1 ./Drivers/STM32F1xx_HAL_Driver/Src/stm32f1xx_hal_tim_ex.o
                              0x864e5 (size before relaxing)
 .debug_str     0x0008c38b      0x630 ./Drivers/STM32F1xx_HAL_Driver/Src/stm32f1xx_hal_uart.o
                              0x86348 (size before relaxing)

.comment        0x00000000       0x43
 .comment       0x00000000       0x43 ./Core/Src/CAN_Handler.o
                                 0x44 (size before relaxing)
 .comment       0x00000043       0x44 ./Core/Src/MOTOR.o
 .comment       0x00000043       0x44 ./Core/Src/SERVO.o
 .comment       0x00000043       0x44 ./Core/Src/can.o
 .comment       0x00000043       0x44 ./Core/Src/gpio.o
 .comment       0x00000043       0x44 ./Core/Src/main.o
 .comment       0x00000043       0x44 ./Core/Src/stm32f1xx_hal_msp.o
 .comment       0x00000043       0x44 ./Core/Src/stm32f1xx_it.o
 .comment       0x00000043       0x44 ./Core/Src/system_stm32f1xx.o
 .comment       0x00000043       0x44 ./Core/Src/tim.o
 .comment       0x00000043       0x44 ./Core/Src/usart.o
 .comment       0x00000043       0x44 ./Drivers/STM32F1xx_HAL_Driver/Src/stm32f1xx_hal.o
 .comment       0x00000043       0x44 ./Drivers/STM32F1xx_HAL_Driver/Src/stm32f1xx_hal_can.o
 .comment       0x00000043       0x44 ./Drivers/STM32F1xx_HAL_Driver/Src/stm32f1xx_hal_cortex.o
 .comment       0x00000043       0x44 ./Drivers/STM32F1xx_HAL_Driver/Src/stm32f1xx_hal_gpio.o
 .comment       0x00000043       0x44 ./Drivers/STM32F1xx_HAL_Driver/Src/stm32f1xx_hal_rcc.o
 .comment       0x00000043       0x44 ./Drivers/STM32F1xx_HAL_Driver/Src/stm32f1xx_hal_tim.o
 .comment       0x00000043       0x44 ./Drivers/STM32F1xx_HAL_Driver/Src/stm32f1xx_hal_tim_ex.o
 .comment       0x00000043       0x44 ./Drivers/STM32F1xx_HAL_Driver/Src/stm32f1xx_hal_uart.o

.debug_frame    0x00000000     0x3a44
 .debug_frame   0x00000000       0x7c ./Core/Src/CAN_Handler.o
 .debug_frame   0x0000007c       0x94 ./Core/Src/MOTOR.o
 .debug_frame   0x00000110       0xa4 ./Core/Src/SERVO.o
 .debug_frame   0x000001b4       0x74 ./Core/Src/can.o
 .debug_frame   0x00000228       0x34 ./Core/Src/gpio.o
 .debug_frame   0x0000025c       0xb0 ./Core/Src/main.o
 .debug_frame   0x0000030c       0x38 ./Core/Src/stm32f1xx_hal_msp.o
 .debug_frame   0x00000344      0x158 ./Core/Src/stm32f1xx_it.o
 .debug_frame   0x0000049c       0x58 ./Core/Src/system_stm32f1xx.o
 .debug_frame   0x000004f4      0x154 ./Core/Src/tim.o
 .debug_frame   0x00000648       0x74 ./Core/Src/usart.o
 .debug_frame   0x000006bc      0x334 ./Drivers/STM32F1xx_HAL_Driver/Src/stm32f1xx_hal.o
 .debug_frame   0x000009f0      0x5a0 ./Drivers/STM32F1xx_HAL_Driver/Src/stm32f1xx_hal_can.o
 .debug_frame   0x00000f90      0x428 ./Drivers/STM32F1xx_HAL_Driver/Src/stm32f1xx_hal_cortex.o
 .debug_frame   0x000013b8      0x14c ./Drivers/STM32F1xx_HAL_Driver/Src/stm32f1xx_hal_gpio.o
 .debug_frame   0x00001504      0x218 ./Drivers/STM32F1xx_HAL_Driver/Src/stm32f1xx_hal_rcc.o
 .debug_frame   0x0000171c     0x11b8 ./Drivers/STM32F1xx_HAL_Driver/Src/stm32f1xx_hal_tim.o
 .debug_frame   0x000028d4      0x638 ./Drivers/STM32F1xx_HAL_Driver/Src/stm32f1xx_hal_tim_ex.o
 .debug_frame   0x00002f0c      0x944 ./Drivers/STM32F1xx_HAL_Driver/Src/stm32f1xx_hal_uart.o
 .debug_frame   0x00003850       0x20 C:/ST/STM32CubeIDE_1.16.1/STM32CubeIDE/plugins/com.st.stm32cube.ide.mcu.externaltools.gnu-tools-for-stm32.12.3.rel1.win32_1.0.200.202406191623/tools/bin/../lib/gcc/arm-none-eabi/12.3.1/../../../../arm-none-eabi/lib/thumb/v7-m/nofp\libc_nano.a(libc_a-memset.o)
 .debug_frame   0x00003870       0x2c C:/ST/STM32CubeIDE_1.16.1/STM32CubeIDE/plugins/com.st.stm32cube.ide.mcu.externaltools.gnu-tools-for-stm32.12.3.rel1.win32_1.0.200.202406191623/tools/bin/../lib/gcc/arm-none-eabi/12.3.1/../../../../arm-none-eabi/lib/thumb/v7-m/nofp\libc_nano.a(libc_a-init.o)
 .debug_frame   0x0000389c       0x30 C:/ST/STM32CubeIDE_1.16.1/STM32CubeIDE/plugins/com.st.stm32cube.ide.mcu.externaltools.gnu-tools-for-stm32.12.3.rel1.win32_1.0.200.202406191623/tools/bin/../lib/gcc/arm-none-eabi/12.3.1/thumb/v7-m/nofp\libgcc.a(_arm_muldf3.o)
 .debug_frame   0x000038cc       0xac C:/ST/STM32CubeIDE_1.16.1/STM32CubeIDE/plugins/com.st.stm32cube.ide.mcu.externaltools.gnu-tools-for-stm32.12.3.rel1.win32_1.0.200.202406191623/tools/bin/../lib/gcc/arm-none-eabi/12.3.1/thumb/v7-m/nofp\libgcc.a(_arm_addsubdf3.o)
 .debug_frame   0x00003978       0x24 C:/ST/STM32CubeIDE_1.16.1/STM32CubeIDE/plugins/com.st.stm32cube.ide.mcu.externaltools.gnu-tools-for-stm32.12.3.rel1.win32_1.0.200.202406191623/tools/bin/../lib/gcc/arm-none-eabi/12.3.1/thumb/v7-m/nofp\libgcc.a(_arm_fixdfsi.o)
 .debug_frame   0x0000399c       0x4c C:/ST/STM32CubeIDE_1.16.1/STM32CubeIDE/plugins/com.st.stm32cube.ide.mcu.externaltools.gnu-tools-for-stm32.12.3.rel1.win32_1.0.200.202406191623/tools/bin/../lib/gcc/arm-none-eabi/12.3.1/thumb/v7-m/nofp\libgcc.a(_arm_addsubsf3.o)
 .debug_frame   0x000039e8       0x38 C:/ST/STM32CubeIDE_1.16.1/STM32CubeIDE/plugins/com.st.stm32cube.ide.mcu.externaltools.gnu-tools-for-stm32.12.3.rel1.win32_1.0.200.202406191623/tools/bin/../lib/gcc/arm-none-eabi/12.3.1/thumb/v7-m/nofp\libgcc.a(_arm_muldivsf3.o)
 .debug_frame   0x00003a20       0x24 C:/ST/STM32CubeIDE_1.16.1/STM32CubeIDE/plugins/com.st.stm32cube.ide.mcu.externaltools.gnu-tools-for-stm32.12.3.rel1.win32_1.0.200.202406191623/tools/bin/../lib/gcc/arm-none-eabi/12.3.1/thumb/v7-m/nofp\libgcc.a(_arm_fixunssfsi.o)

.debug_line_str
                0x00000000       0x69
 .debug_line_str
                0x00000000       0x69 ./Core/Startup/startup_stm32f103c8tx.o
