Archive member included to satisfy reference by file (symbol)

C:/ST/STM32CubeIDE_1.16.1/STM32CubeIDE/plugins/com.st.stm32cube.ide.mcu.externaltools.gnu-tools-for-stm32.12.3.rel1.win32_1.0.200.202406191623/tools/bin/../lib/gcc/arm-none-eabi/12.3.1/../../../../arm-none-eabi/lib/thumb/v7-m/nofp\libc_nano.a(libc_a-exit.o)
                              C:/ST/STM32CubeIDE_1.16.1/STM32CubeIDE/plugins/com.st.stm32cube.ide.mcu.externaltools.gnu-tools-for-stm32.12.3.rel1.win32_1.0.200.202406191623/tools/bin/../lib/gcc/arm-none-eabi/12.3.1/../../../../arm-none-eabi/lib/thumb/v7-m/nofp/crt0.o (exit)
C:/ST/STM32CubeIDE_1.16.1/STM32CubeIDE/plugins/com.st.stm32cube.ide.mcu.externaltools.gnu-tools-for-stm32.12.3.rel1.win32_1.0.200.202406191623/tools/bin/../lib/gcc/arm-none-eabi/12.3.1/../../../../arm-none-eabi/lib/thumb/v7-m/nofp\libc_nano.a(libc_a-findfp.o)
                              C:/ST/STM32CubeIDE_1.16.1/STM32CubeIDE/plugins/com.st.stm32cube.ide.mcu.externaltools.gnu-tools-for-stm32.12.3.rel1.win32_1.0.200.202406191623/tools/bin/../lib/gcc/arm-none-eabi/12.3.1/../../../../arm-none-eabi/lib/thumb/v7-m/nofp\libc_nano.a(libc_a-exit.o) (__stdio_exit_handler)
C:/ST/STM32CubeIDE_1.16.1/STM32CubeIDE/plugins/com.st.stm32cube.ide.mcu.externaltools.gnu-tools-for-stm32.12.3.rel1.win32_1.0.200.202406191623/tools/bin/../lib/gcc/arm-none-eabi/12.3.1/../../../../arm-none-eabi/lib/thumb/v7-m/nofp\libc_nano.a(libc_a-fwalk.o)
                              C:/ST/STM32CubeIDE_1.16.1/STM32CubeIDE/plugins/com.st.stm32cube.ide.mcu.externaltools.gnu-tools-for-stm32.12.3.rel1.win32_1.0.200.202406191623/tools/bin/../lib/gcc/arm-none-eabi/12.3.1/../../../../arm-none-eabi/lib/thumb/v7-m/nofp\libc_nano.a(libc_a-findfp.o) (_fwalk_sglue)
C:/ST/STM32CubeIDE_1.16.1/STM32CubeIDE/plugins/com.st.stm32cube.ide.mcu.externaltools.gnu-tools-for-stm32.12.3.rel1.win32_1.0.200.202406191623/tools/bin/../lib/gcc/arm-none-eabi/12.3.1/../../../../arm-none-eabi/lib/thumb/v7-m/nofp\libc_nano.a(libc_a-sprintf.o)
                              ./Core/Src/VL53L1_Handler.o (sprintf)
C:/ST/STM32CubeIDE_1.16.1/STM32CubeIDE/plugins/com.st.stm32cube.ide.mcu.externaltools.gnu-tools-for-stm32.12.3.rel1.win32_1.0.200.202406191623/tools/bin/../lib/gcc/arm-none-eabi/12.3.1/../../../../arm-none-eabi/lib/thumb/v7-m/nofp\libc_nano.a(libc_a-stdio.o)
                              C:/ST/STM32CubeIDE_1.16.1/STM32CubeIDE/plugins/com.st.stm32cube.ide.mcu.externaltools.gnu-tools-for-stm32.12.3.rel1.win32_1.0.200.202406191623/tools/bin/../lib/gcc/arm-none-eabi/12.3.1/../../../../arm-none-eabi/lib/thumb/v7-m/nofp\libc_nano.a(libc_a-findfp.o) (__sread)
C:/ST/STM32CubeIDE_1.16.1/STM32CubeIDE/plugins/com.st.stm32cube.ide.mcu.externaltools.gnu-tools-for-stm32.12.3.rel1.win32_1.0.200.202406191623/tools/bin/../lib/gcc/arm-none-eabi/12.3.1/../../../../arm-none-eabi/lib/thumb/v7-m/nofp\libc_nano.a(libc_a-memset.o)
                              C:/ST/STM32CubeIDE_1.16.1/STM32CubeIDE/plugins/com.st.stm32cube.ide.mcu.externaltools.gnu-tools-for-stm32.12.3.rel1.win32_1.0.200.202406191623/tools/bin/../lib/gcc/arm-none-eabi/12.3.1/../../../../arm-none-eabi/lib/thumb/v7-m/nofp/crt0.o (memset)
C:/ST/STM32CubeIDE_1.16.1/STM32CubeIDE/plugins/com.st.stm32cube.ide.mcu.externaltools.gnu-tools-for-stm32.12.3.rel1.win32_1.0.200.202406191623/tools/bin/../lib/gcc/arm-none-eabi/12.3.1/../../../../arm-none-eabi/lib/thumb/v7-m/nofp\libc_nano.a(libc_a-closer.o)
                              C:/ST/STM32CubeIDE_1.16.1/STM32CubeIDE/plugins/com.st.stm32cube.ide.mcu.externaltools.gnu-tools-for-stm32.12.3.rel1.win32_1.0.200.202406191623/tools/bin/../lib/gcc/arm-none-eabi/12.3.1/../../../../arm-none-eabi/lib/thumb/v7-m/nofp\libc_nano.a(libc_a-stdio.o) (_close_r)
C:/ST/STM32CubeIDE_1.16.1/STM32CubeIDE/plugins/com.st.stm32cube.ide.mcu.externaltools.gnu-tools-for-stm32.12.3.rel1.win32_1.0.200.202406191623/tools/bin/../lib/gcc/arm-none-eabi/12.3.1/../../../../arm-none-eabi/lib/thumb/v7-m/nofp\libc_nano.a(libc_a-reent.o)
                              C:/ST/STM32CubeIDE_1.16.1/STM32CubeIDE/plugins/com.st.stm32cube.ide.mcu.externaltools.gnu-tools-for-stm32.12.3.rel1.win32_1.0.200.202406191623/tools/bin/../lib/gcc/arm-none-eabi/12.3.1/../../../../arm-none-eabi/lib/thumb/v7-m/nofp\libc_nano.a(libc_a-closer.o) (errno)
C:/ST/STM32CubeIDE_1.16.1/STM32CubeIDE/plugins/com.st.stm32cube.ide.mcu.externaltools.gnu-tools-for-stm32.12.3.rel1.win32_1.0.200.202406191623/tools/bin/../lib/gcc/arm-none-eabi/12.3.1/../../../../arm-none-eabi/lib/thumb/v7-m/nofp\libc_nano.a(libc_a-impure.o)
                              C:/ST/STM32CubeIDE_1.16.1/STM32CubeIDE/plugins/com.st.stm32cube.ide.mcu.externaltools.gnu-tools-for-stm32.12.3.rel1.win32_1.0.200.202406191623/tools/bin/../lib/gcc/arm-none-eabi/12.3.1/../../../../arm-none-eabi/lib/thumb/v7-m/nofp\libc_nano.a(libc_a-sprintf.o) (_impure_ptr)
[...]
Memory Configuration

Name             Origin             Length             Attributes
RAM              0x20000000         0x00005000         xrw
FLASH            0x08000000         0x00010000         xr
*default*        0x00000000         0xffffffff

Linker script and memory map

LOAD C:/ST/STM32CubeIDE_1.16.1/STM32CubeIDE/plugins/com.st.stm32cube.ide.mcu.externaltools.gnu-tools-for-stm32.12.3.rel1.win32_1.0.200.202406191623/tools/bin/../lib/gcc/arm-none-eabi/12.3.1/thumb/v7-m/nofp/crti.o
LOAD C:/ST/STM32CubeIDE_1.16.1/STM32CubeIDE/plugins/com.st.stm32cube.ide.mcu.externaltools.gnu-tools-for-stm32.12.3.rel1.win32_1.0.200.202406191623/tools/bin/../lib/gcc/arm-none-eabi/12.3.1/thumb/v7-m/nofp/crtbegin.o
LOAD C:/ST/STM32CubeIDE_1.16.1/STM32CubeIDE/plugins/com.st.stm32cube.ide.mcu.externaltools.gnu-tools-for-stm32.12.3.rel1.win32_1.0.200.202406191623/tools/bin/../lib/gcc/arm-none-eabi/12.3.1/../../../../arm-none-eabi/lib/thumb/v7-m/nofp/crt0.o
LOAD ./Core/Src/CAN_Handler.o
LOAD ./Core/Src/SIGNAL.o
LOAD ./Core/Src/VL53L1X.o
LOAD ./Core/Src/VL53L1X_api.o
LOAD ./Core/Src/VL53L1X_calibration.o
LOAD ./Core/Src/VL53L1_Handler.o
LOAD ./Core/Src/can.o
LOAD ./Core/Src/gpio.o
LOAD ./Core/Src/i2c.o
LOAD ./Core/Src/main.o
LOAD ./Core/Src/stm32f1xx_hal_msp.o
LOAD ./Core/Src/stm32f1xx_it.o
LOAD ./Core/Src/syscalls.o
LOAD ./Core/Src/sysmem.o
LOAD ./Core/Src/system_stm32f1xx.o
LOAD ./Core/Src/tim.o
LOAD ./Core/Src/usart.o
LOAD ./Core/Src/vl53l1_platform.o
LOAD ./Core/Startup/startup_stm32f103c8tx.o
LOAD ./Drivers/STM32F1xx_HAL_Driver/Src/stm32f1xx_hal.o
LOAD ./Drivers/STM32F1xx_HAL_Driver/Src/stm32f1xx_hal_can.o
LOAD ./Drivers/STM32F1xx_HAL_Driver/Src/stm32f1xx_hal_cortex.o
LOAD ./Drivers/STM32F1xx_HAL_Driver/Src/stm32f1xx_hal_dma.o
LOAD ./Drivers/STM32F1xx_HAL_Driver/Src/stm32f1xx_hal_exti.o
LOAD ./Drivers/STM32F1xx_HAL_Driver/Src/stm32f1xx_hal_flash.o
LOAD ./Drivers/STM32F1xx_HAL_Driver/Src/stm32f1xx_hal_flash_ex.o
LOAD ./Drivers/STM32F1xx_HAL_Driver/Src/stm32f1xx_hal_gpio.o
LOAD ./Drivers/STM32F1xx_HAL_Driver/Src/stm32f1xx_hal_gpio_ex.o
LOAD ./Drivers/STM32F1xx_HAL_Driver/Src/stm32f1xx_hal_i2c.o
LOAD ./Drivers/STM32F1xx_HAL_Driver/Src/stm32f1xx_hal_pwr.o
LOAD ./Drivers/STM32F1xx_HAL_Driver/Src/stm32f1xx_hal_rcc.o
LOAD ./Drivers/STM32F1xx_HAL_Driver/Src/stm32f1xx_hal_rcc_ex.o
LOAD ./Drivers/STM32F1xx_HAL_Driver/Src/stm32f1xx_hal_tim.o
LOAD ./Drivers/STM32F1xx_HAL_Driver/Src/stm32f1xx_hal_tim_ex.o
LOAD ./Drivers/STM32F1xx_HAL_Driver/Src/stm32f1xx_hal_uart.o
START GROUP
LOAD C:/ST/STM32CubeIDE_1.16.1/STM32CubeIDE/plugins/com.st.stm32cube.ide.mcu.externaltools.gnu-tools-for-stm32.12.3.rel1.win32_1.0.200.202406191623/tools/bin/../lib/gcc/arm-none-eabi/12.3.1/../../../../arm-none-eabi/lib/thumb/v7-m/nofp\libc_nano.a
LOAD C:/ST/STM32CubeIDE_1.16.1/STM32CubeIDE/plugins/com.st.stm32cube.ide.mcu.externaltools.gnu-tools-for-stm32.12.3.rel1.win32_1.0.200.202406191623/tools/bin/../lib/gcc/arm-none-eabi/12.3.1/../../../../arm-none-eabi/lib/thumb/v7-m/nofp\libm.a
END GROUP
START GROUP
LOAD C:/ST/STM32CubeIDE_1.16.1/STM32CubeIDE/plugins/com.st.stm32cube.ide.mcu.externaltools.gnu-tools-for-stm32.12.3.rel1.win32_1.0.200.202406191623/tools/bin/../lib/gcc/arm-none-eabi/12.3.1/thumb/v7-m/nofp\libgcc.a
LOAD C:/ST/STM32CubeIDE_1.16.1/STM32CubeIDE/plugins/com.st.stm32cube.ide.mcu.externaltools.gnu-tools-for-stm32.12.3.rel1.win32_1.0.200.202406191623/tools/bin/../lib/gcc/arm-none-eabi/12.3.1/../../../../arm-none-eabi/lib/thumb/v7-m/nofp\libc_nano.a
END GROUP
START GROUP
LOAD C:/ST/STM32CubeIDE_1.16.1/STM32CubeIDE/plugins/com.st.stm32cube.ide.mcu.externaltools.gnu-tools-for-stm32.12.3.rel1.win32_1.0.200.202406191623/tools/bin/../lib/gcc/arm-none-eabi/12.3.1/thumb/v7-m/nofp\libgcc.a
LOAD C:/ST/STM32CubeIDE_1.16.1/STM32CubeIDE/plugins/com.st.stm32cube.ide.mcu.externaltools.gnu-tools-for-stm32.12.3.rel1.win32_1.0.200.202406191623/tools/bin/../lib/gcc/arm-none-eabi/12.3.1/../../../../arm-none-eabi/lib/thumb/v7-m/nofp\libc_nano.a
LOAD C:/ST/STM32CubeIDE_1.16.1/STM32CubeIDE/plugins/com.st.stm32cube.ide.mcu.externaltools.gnu-tools-for-stm32.12.3.rel1.win32_1.0.200.202406191623/tools/bin/../lib/gcc/arm-none-eabi/12.3.1/../../../../arm-none-eabi/lib/thumb/v7-m/nofp\libnosys.a
END GROUP
START GROUP
LOAD C:/ST/STM32CubeIDE_1.16.1/STM32CubeIDE/plugins/com.st.stm32cube.ide.mcu.externaltools.gnu-tools-for-stm32.12.3.rel1.win32_1.0.200.202406191623/tools/bin/../lib/gcc/arm-none-eabi/12.3.1/thumb/v7-m/nofp\libgcc.a
LOAD C:/ST/STM32CubeIDE_1.16.1/STM32CubeIDE/plugins/com.st.stm32cube.ide.mcu.externaltools.gnu-tools-for-stm32.12.3.rel1.win32_1.0.200.202406191623/tools/bin/../lib/gcc/arm-none-eabi/12.3.1/../../../../arm-none-eabi/lib/thumb/v7-m/nofp\libc_nano.a
LOAD C:/ST/STM32CubeIDE_1.16.1/STM32CubeIDE/plugins/com.st.stm32cube.ide.mcu.externaltools.gnu-tools-for-stm32.12.3.rel1.win32_1.0.200.202406191623/tools/bin/../lib/gcc/arm-none-eabi/12.3.1/../../../../arm-none-eabi/lib/thumb/v7-m/nofp\libnosys.a
END GROUP
LOAD C:/ST/STM32CubeIDE_1.16.1/STM32CubeIDE/plugins/com.st.stm32cube.ide.mcu.externaltools.gnu-tools-for-stm32.12.3.rel1.win32_1.0.200.202406191623/tools/bin/../lib/gcc/arm-none-eabi/12.3.1/thumb/v7-m/nofp/crtend.o
LOAD C:/ST/STM32CubeIDE_1.16.1/STM32CubeIDE/plugins/com.st.stm32cube.ide.mcu.externaltools.gnu-tools-for-stm32.12.3.rel1.win32_1.0.200.202406191623/tools/bin/../lib/gcc/arm-none-eabi/12.3.1/thumb/v7-m/nofp/crtn.o
                0x20005000                        _estack = (ORIGIN (RAM) + LENGTH (RAM))
                0x00000200                        _Min_Heap_Size = 0x200
                0x00000400                        _Min_Stack_Size = 0x400

.isr_vector     0x08000000      0x10c
                0x08000000                        . = ALIGN (0x4)
 *(.isr_vector)
 .isr_vector    0x08000000      0x10c ./Core/Startup/startup_stm32f103c8tx.o
                0x08000000                g_pfnVectors
                0x0800010c                        . = ALIGN (0x4)

.text           0x0800010c     0x5288
                0x0800010c                        . = ALIGN (0x4)
 *(.text)
 .text          0x0800010c       0x40 C:/ST/STM32CubeIDE_1.16.1/STM32CubeIDE/plugins/com.st.stm32cube.ide.mcu.externaltools.gnu-tools-for-stm32.12.3.rel1.win32_1.0.200.202406191623/tools/bin/../lib/gcc/arm-none-eabi/12.3.1/thumb/v7-m/nofp/crtbegin.o
 .text          0x0800014c       0x10 C:/ST/STM32CubeIDE_1.16.1/STM32CubeIDE/plugins/com.st.stm32cube.ide.mcu.externaltools.gnu-tools-for-stm32.12.3.rel1.win32_1.0.200.202406191623/tools/bin/../lib/gcc/arm-none-eabi/12.3.1/../../../../arm-none-eabi/lib/thumb/v7-m/nofp\libc_nano.a(libc_a-strlen.o)
                0x0800014c                strlen
 *(.text*)
 .text.CAN_ComInit_Std
                0x0800015c       0x34 ./Core/Src/CAN_Handler.o
                0x0800015c                CAN_ComInit_Std
 .text.CAN_FilterInit_SingleFF0
                0x08000190       0x5e ./Core/Src/CAN_Handler.o
                0x08000190                CAN_FilterInit_SingleFF0
 *fill*         0x080001ee        0x2 
 .text.CAN_Transmit
                0x080001f0       0x28 ./Core/Src/CAN_Handler.o
                0x080001f0                CAN_Transmit
 .text.Get_State
                0x08000218       0x62 ./Core/Src/SIGNAL.o
                0x08000218                Get_State
 *fill*         0x0800027a        0x2 
 .text.TOF_InitStruct
                0x0800027c       0xa4 ./Core/Src/VL53L1X.o
                0x0800027c                TOF_InitStruct
 .text.TOF_TurnOn
                0x08000320       0x20 ./Core/Src/VL53L1X.o
                0x08000320                TOF_TurnOn
 .text.TOF_TurnOff
                0x08000340       0x20 ./Core/Src/VL53L1X.o
                0x08000340                TOF_TurnOff
 .text.TOF_BootSensor
                0x08000360      0x11c ./Core/Src/VL53L1X.o
                0x08000360                TOF_BootSensor
 .text.TOF_GetDistance
                0x0800047c       0x54 ./Core/Src/VL53L1X.o
                0x0800047c                TOF_GetDistance
 .text.VL53L1X_SetI2CAddress
                0x080004d0       0x36 ./Core/Src/VL53L1X_api.o
                0x080004d0                VL53L1X_SetI2CAddress
 *fill*         0x08000506        0x2 
 .text.VL53L1X_SensorInit
                0x08000508       0xd8 ./Core/Src/VL53L1X_api.o
                0x08000508                VL53L1X_SensorInit
 .text.VL53L1X_ClearInterrupt
                0x080005e0       0x30 ./Core/Src/VL53L1X_api.o
                0x080005e0                VL53L1X_ClearInterrupt
 .text.VL53L1X_GetInterruptPolarity
                0x08000610       0x54 ./Core/Src/VL53L1X_api.o
                0x08000610                VL53L1X_GetInterruptPolarity
 .text.VL53L1X_StartRanging
                0x08000664       0x30 ./Core/Src/VL53L1X_api.o
                0x08000664                VL53L1X_StartRanging
 .text.VL53L1X_StopRanging
                0x08000694       0x30 ./Core/Src/VL53L1X_api.o
                0x08000694                VL53L1X_StopRanging
 .text.VL53L1X_CheckForDataReady
                0x080006c4       0x6e ./Core/Src/VL53L1X_api.o
                0x080006c4                VL53L1X_CheckForDataReady
 .text.VL53L1X_GetSensorId
                0x08000732       0x40 ./Core/Src/VL53L1X_api.o
                0x08000732                VL53L1X_GetSensorId
 .text.VL53L1X_GetDistance
                0x08000772       0x3a ./Core/Src/VL53L1X_api.o
                0x08000772                VL53L1X_GetDistance
 .text.VL53L1_BootDualSensors
                0x080007ac       0x42 ./Core/Src/VL53L1_Handler.o
                0x080007ac                VL53L1_BootDualSensors
 *fill*         0x080007ee        0x2 
 .text.VL53L1_Error_Hanlder
                0x080007f0       0x2c ./Core/Src/VL53L1_Handler.o
                0x080007f0                VL53L1_Error_Hanlder
 .text.VL53L1_GetDistance
                0x0800081c       0x28 ./Core/Src/VL53L1_Handler.o
                0x0800081c                VL53L1_GetDistance
 .text.MX_CAN_Init
                0x08000844       0x70 ./Core/Src/can.o
                0x08000844                MX_CAN_Init
 .text.HAL_CAN_MspInit
                0x080008b4       0xa8 ./Core/Src/can.o
                0x080008b4                HAL_CAN_MspInit
 .text.MX_GPIO_Init
                0x0800095c       0xdc ./Core/Src/gpio.o
                0x0800095c                MX_GPIO_Init
 .text.MX_I2C1_Init
                0x08000a38       0x5c ./Core/Src/i2c.o
                0x08000a38                MX_I2C1_Init
 .text.HAL_I2C_MspInit
                0x08000a94       0x7c ./Core/Src/i2c.o
                0x08000a94                HAL_I2C_MspInit
 .text.HAL_CAN_RxFifo0MsgPendingCallback
                0x08000b10       0x30 ./Core/Src/main.o
                0x08000b10                HAL_CAN_RxFifo0MsgPendingCallback
 .text.main     0x08000b40      0x16c ./Core/Src/main.o
                0x08000b40                main
 .text.SystemClock_Config
                0x08000cac       0x8a ./Core/Src/main.o
                0x08000cac                SystemClock_Config
 .text.Error_Handler
                0x08000d36        0xc ./Core/Src/main.o
                0x08000d36                Error_Handler
 *fill*         0x08000d42        0x2 
 .text.HAL_MspInit
                0x08000d44       0x64 ./Core/Src/stm32f1xx_hal_msp.o
                0x08000d44                HAL_MspInit
 .text.NMI_Handler
                0x08000da8        0x8 ./Core/Src/stm32f1xx_it.o
                0x08000da8                NMI_Handler
 .text.HardFault_Handler
                0x08000db0        0x8 ./Core/Src/stm32f1xx_it.o
                0x08000db0                HardFault_Handler
 .text.MemManage_Handler
                0x08000db8        0x8 ./Core/Src/stm32f1xx_it.o
                0x08000db8                MemManage_Handler
 .text.BusFault_Handler
                0x08000dc0        0x8 ./Core/Src/stm32f1xx_it.o
                0x08000dc0                BusFault_Handler
 .text.UsageFault_Handler
                0x08000dc8        0x8 ./Core/Src/stm32f1xx_it.o
                0x08000dc8                UsageFault_Handler
 .text.SVC_Handler
                0x08000dd0        0xc ./Core/Src/stm32f1xx_it.o
                0x08000dd0                SVC_Handler
 .text.DebugMon_Handler
                0x08000ddc        0xc ./Core/Src/stm32f1xx_it.o
                0x08000ddc                DebugMon_Handler
 .text.PendSV_Handler
                0x08000de8        0xc ./Core/Src/stm32f1xx_it.o
                0x08000de8                PendSV_Handler
 .text.SysTick_Handler
                0x08000df4        0xc ./Core/Src/stm32f1xx_it.o
                0x08000df4                SysTick_Handler
 .text.USB_LP_CAN1_RX0_IRQHandler
                0x08000e00       0x14 ./Core/Src/stm32f1xx_it.o
                0x08000e00                USB_LP_CAN1_RX0_IRQHandler
 .text.TIM3_IRQHandler
                0x08000e14       0x14 ./Core/Src/stm32f1xx_it.o
                0x08000e14                TIM3_IRQHandler
 .text._sbrk    0x08000e28       0x6c ./Core/Src/sysmem.o
                0x08000e28                _sbrk
 .text.SystemInit
                0x08000e94        0xc ./Core/Src/system_stm32f1xx.o
                0x08000e94                SystemInit
 .text.MX_TIM3_Init
                0x08000ea0       0x9c ./Core/Src/tim.o
                0x08000ea0                MX_TIM3_Init
 .text.HAL_TIM_Base_MspInit
                0x08000f3c       0x4c ./Core/Src/tim.o
                0x08000f3c                HAL_TIM_Base_MspInit
 .text.MX_USART1_UART_Init
                0x08000f88       0x54 ./Core/Src/usart.o
                0x08000f88                MX_USART1_UART_Init
 .text.HAL_UART_MspInit
                0x08000fdc       0x98 ./Core/Src/usart.o
                0x08000fdc                HAL_UART_MspInit
 .text.Print    0x08001074       0x2c ./Core/Src/usart.o
                0x08001074                Print
 .text._GetTof  0x080010a0       0x5c ./Core/Src/vl53l1_platform.o
                0x080010a0                _GetTof
 .text._I2CWrite
                0x080010fc       0x46 ./Core/Src/vl53l1_platform.o
                0x080010fc                _I2CWrite
 .text._I2CRead
                0x08001142       0x46 ./Core/Src/vl53l1_platform.o
                0x08001142                _I2CRead
 .text.VL53L1_WrByte
                0x08001188       0x58 ./Core/Src/vl53l1_platform.o
                0x08001188                VL53L1_WrByte
 .text.VL53L1_RdByte
                0x080011e0       0x70 ./Core/Src/vl53l1_platform.o
                0x080011e0                VL53L1_RdByte
 .text.VL53L1_RdWord
                0x08001250       0x80 ./Core/Src/vl53l1_platform.o
                0x08001250                VL53L1_RdWord
 .text.Reset_Handler
                0x080012d0       0x48 ./Core/Startup/startup_stm32f103c8tx.o
                0x080012d0                Reset_Handler
 .text.Default_Handler
                0x08001318        0x2 ./Core/Startup/startup_stm32f103c8tx.o
                0x08001318                RTC_Alarm_IRQHandler
                0x08001318                EXTI2_IRQHandler
                0x08001318                TIM1_CC_IRQHandler
                0x08001318                PVD_IRQHandler
                0x08001318                EXTI3_IRQHandler
                0x08001318                EXTI0_IRQHandler
                0x08001318                I2C2_EV_IRQHandler
                0x08001318                ADC1_2_IRQHandler
                0x08001318                SPI1_IRQHandler
                0x08001318                TAMPER_IRQHandler
                0x08001318                DMA1_Channel4_IRQHandler
                0x08001318                USART3_IRQHandler
                0x08001318                RTC_IRQHandler
                0x08001318                DMA1_Channel7_IRQHandler
                0x08001318                CAN1_RX1_IRQHandler
                0x08001318                TIM4_IRQHandler
                0x08001318                I2C1_EV_IRQHandler
                0x08001318                DMA1_Channel6_IRQHandler
                0x08001318                RCC_IRQHandler
                0x08001318                TIM1_TRG_COM_IRQHandler
                0x08001318                DMA1_Channel1_IRQHandler
                0x08001318                Default_Handler
                0x08001318                EXTI15_10_IRQHandler
                0x08001318                EXTI9_5_IRQHandler
                0x08001318                SPI2_IRQHandler
                0x08001318                DMA1_Channel5_IRQHandler
                0x08001318                EXTI4_IRQHandler
                0x08001318                USB_HP_CAN1_TX_IRQHandler
                0x08001318                DMA1_Channel3_IRQHandler
                0x08001318                TIM1_UP_IRQHandler
                0x08001318                WWDG_IRQHandler
                0x08001318                TIM2_IRQHandler
                0x08001318                TIM1_BRK_IRQHandler
                0x08001318                EXTI1_IRQHandler
                0x08001318                USART2_IRQHandler
                0x08001318                I2C2_ER_IRQHandler
                0x08001318                DMA1_Channel2_IRQHandler
                0x08001318                CAN1_SCE_IRQHandler
                0x08001318                FLASH_IRQHandler
                0x08001318                USART1_IRQHandler
                0x08001318                I2C1_ER_IRQHandler
                0x08001318                USBWakeUp_IRQHandler
 *fill*         0x0800131a        0x2 
 .text.HAL_Init
                0x0800131c       0x2c ./Drivers/STM32F1xx_HAL_Driver/Src/stm32f1xx_hal.o
                0x0800131c                HAL_Init
 .text.HAL_InitTick
                0x08001348       0x60 ./Drivers/STM32F1xx_HAL_Driver/Src/stm32f1xx_hal.o
                0x08001348                HAL_InitTick
 .text.HAL_IncTick
                0x080013a8       0x24 ./Drivers/STM32F1xx_HAL_Driver/Src/stm32f1xx_hal.o
                0x080013a8                HAL_IncTick
 .text.HAL_GetTick
                0x080013cc       0x14 ./Drivers/STM32F1xx_HAL_Driver/Src/stm32f1xx_hal.o
                0x080013cc                HAL_GetTick
 .text.HAL_Delay
                0x080013e0       0x48 ./Drivers/STM32F1xx_HAL_Driver/Src/stm32f1xx_hal.o
                0x080013e0                HAL_Delay
 .text.HAL_CAN_Init
                0x08001428      0x1f6 ./Drivers/STM32F1xx_HAL_Driver/Src/stm32f1xx_hal_can.o
                0x08001428                HAL_CAN_Init
 .text.HAL_CAN_ConfigFilter
                0x0800161e      0x192 ./Drivers/STM32F1xx_HAL_Driver/Src/stm32f1xx_hal_can.o
                0x0800161e                HAL_CAN_ConfigFilter
 .text.HAL_CAN_Start
                0x080017b0       0x88 ./Drivers/STM32F1xx_HAL_Driver/Src/stm32f1xx_hal_can.o
                0x080017b0                HAL_CAN_Start
 .text.HAL_CAN_AddTxMessage
                0x08001838      0x19e ./Drivers/STM32F1xx_HAL_Driver/Src/stm32f1xx_hal_can.o
                0x08001838                HAL_CAN_AddTxMessage
 .text.HAL_CAN_GetRxMessage
                0x080019d6      0x242 ./Drivers/STM32F1xx_HAL_Driver/Src/stm32f1xx_hal_can.o
                0x080019d6                HAL_CAN_GetRxMessage
 .text.HAL_CAN_ActivateNotification
                0x08001c18       0x4a ./Drivers/STM32F1xx_HAL_Driver/Src/stm32f1xx_hal_can.o
                0x08001c18                HAL_CAN_ActivateNotification
 .text.HAL_CAN_IRQHandler
                0x08001c62      0x36e ./Drivers/STM32F1xx_HAL_Driver/Src/stm32f1xx_hal_can.o
                0x08001c62                HAL_CAN_IRQHandler
 .text.HAL_CAN_TxMailbox0CompleteCallback
                0x08001fd0       0x12 ./Drivers/STM32F1xx_HAL_Driver/Src/stm32f1xx_hal_can.o
                0x08001fd0                HAL_CAN_TxMailbox0CompleteCallback
 .text.HAL_CAN_TxMailbox1CompleteCallback
                0x08001fe2       0x12 ./Drivers/STM32F1xx_HAL_Driver/Src/stm32f1xx_hal_can.o
                0x08001fe2                HAL_CAN_TxMailbox1CompleteCallback
 .text.HAL_CAN_TxMailbox2CompleteCallback
                0x08001ff4       0x12 ./Drivers/STM32F1xx_HAL_Driver/Src/stm32f1xx_hal_can.o
                0x08001ff4                HAL_CAN_TxMailbox2CompleteCallback
 .text.HAL_CAN_TxMailbox0AbortCallback
                0x08002006       0x12 ./Drivers/STM32F1xx_HAL_Driver/Src/stm32f1xx_hal_can.o
                0x08002006                HAL_CAN_TxMailbox0AbortCallback
 .text.HAL_CAN_TxMailbox1AbortCallback
                0x08002018       0x12 ./Drivers/STM32F1xx_HAL_Driver/Src/stm32f1xx_hal_can.o
                0x08002018                HAL_CAN_TxMailbox1AbortCallback
 .text.HAL_CAN_TxMailbox2AbortCallback
                0x0800202a       0x12 ./Drivers/STM32F1xx_HAL_Driver/Src/stm32f1xx_hal_can.o
                0x0800202a                HAL_CAN_TxMailbox2AbortCallback
 .text.HAL_CAN_RxFifo0FullCallback
                0x0800203c       0x12 ./Drivers/STM32F1xx_HAL_Driver/Src/stm32f1xx_hal_can.o
                0x0800203c                HAL_CAN_RxFifo0FullCallback
 .text.HAL_CAN_RxFifo1MsgPendingCallback
                0x0800204e       0x12 ./Drivers/STM32F1xx_HAL_Driver/Src/stm32f1xx_hal_can.o
                0x0800204e                HAL_CAN_RxFifo1MsgPendingCallback
 .text.HAL_CAN_RxFifo1FullCallback
                0x08002060       0x12 ./Drivers/STM32F1xx_HAL_Driver/Src/stm32f1xx_hal_can.o
                0x08002060                HAL_CAN_RxFifo1FullCallback
 .text.HAL_CAN_SleepCallback
                0x08002072       0x12 ./Drivers/STM32F1xx_HAL_Driver/Src/stm32f1xx_hal_can.o
                0x08002072                HAL_CAN_SleepCallback
 .text.HAL_CAN_WakeUpFromRxMsgCallback
                0x08002084       0x12 ./Drivers/STM32F1xx_HAL_Driver/Src/stm32f1xx_hal_can.o
                0x08002084                HAL_CAN_WakeUpFromRxMsgCallback
 .text.HAL_CAN_ErrorCallback
                0x08002096       0x12 ./Drivers/STM32F1xx_HAL_Driver/Src/stm32f1xx_hal_can.o
                0x08002096                HAL_CAN_ErrorCallback
 .text.__NVIC_SetPriorityGrouping
                0x080020a8       0x48 ./Drivers/STM32F1xx_HAL_Driver/Src/stm32f1xx_hal_cortex.o
 .text.__NVIC_GetPriorityGrouping
                0x080020f0       0x1c ./Drivers/STM32F1xx_HAL_Driver/Src/stm32f1xx_hal_cortex.o
 .text.__NVIC_EnableIRQ
                0x0800210c       0x38 ./Drivers/STM32F1xx_HAL_Driver/Src/stm32f1xx_hal_cortex.o
 .text.__NVIC_SetPriority
                0x08002144       0x54 ./Drivers/STM32F1xx_HAL_Driver/Src/stm32f1xx_hal_cortex.o
 .text.NVIC_EncodePriority
                0x08002198       0x64 ./Drivers/STM32F1xx_HAL_Driver/Src/stm32f1xx_hal_cortex.o
 .text.SysTick_Config
                0x080021fc       0x44 ./Drivers/STM32F1xx_HAL_Driver/Src/stm32f1xx_hal_cortex.o
 .text.HAL_NVIC_SetPriorityGrouping
                0x08002240       0x16 ./Drivers/STM32F1xx_HAL_Driver/Src/stm32f1xx_hal_cortex.o
                0x08002240                HAL_NVIC_SetPriorityGrouping
 .text.HAL_NVIC_SetPriority
                0x08002256       0x38 ./Drivers/STM32F1xx_HAL_Driver/Src/stm32f1xx_hal_cortex.o
                0x08002256                HAL_NVIC_SetPriority
 .text.HAL_NVIC_EnableIRQ
                0x0800228e       0x1c ./Drivers/STM32F1xx_HAL_Driver/Src/stm32f1xx_hal_cortex.o
                0x0800228e                HAL_NVIC_EnableIRQ
 .text.HAL_SYSTICK_Config
                0x080022aa       0x18 ./Drivers/STM32F1xx_HAL_Driver/Src/stm32f1xx_hal_cortex.o
                0x080022aa                HAL_SYSTICK_Config
 *fill*         0x080022c2        0x2 
 .text.HAL_GPIO_Init
                0x080022c4      0x308 ./Drivers/STM32F1xx_HAL_Driver/Src/stm32f1xx_hal_gpio.o
                0x080022c4                HAL_GPIO_Init
 .text.HAL_GPIO_WritePin
                0x080025cc       0x30 ./Drivers/STM32F1xx_HAL_Driver/Src/stm32f1xx_hal_gpio.o
                0x080025cc                HAL_GPIO_WritePin
 .text.HAL_I2C_Init
                0x080025fc      0x288 ./Drivers/STM32F1xx_HAL_Driver/Src/stm32f1xx_hal_i2c.o
                0x080025fc                HAL_I2C_Init
 .text.HAL_I2C_Master_Transmit
                0x08002884      0x1fc ./Drivers/STM32F1xx_HAL_Driver/Src/stm32f1xx_hal_i2c.o
                0x08002884                HAL_I2C_Master_Transmit
 .text.HAL_I2C_Master_Receive
                0x08002a80      0x4d8 ./Drivers/STM32F1xx_HAL_Driver/Src/stm32f1xx_hal_i2c.o
                0x08002a80                HAL_I2C_Master_Receive
 .text.I2C_MasterRequestWrite
                0x08002f58      0x104 ./Drivers/STM32F1xx_HAL_Driver/Src/stm32f1xx_hal_i2c.o
 .text.I2C_MasterRequestRead
                0x0800305c      0x19c ./Drivers/STM32F1xx_HAL_Driver/Src/stm32f1xx_hal_i2c.o
 .text.I2C_WaitOnFlagUntilTimeout
                0x080031f8       0xf4 ./Drivers/STM32F1xx_HAL_Driver/Src/stm32f1xx_hal_i2c.o
 .text.I2C_WaitOnMasterAddressFlagUntilTimeout
                0x080032ec      0x140 ./Drivers/STM32F1xx_HAL_Driver/Src/stm32f1xx_hal_i2c.o
 .text.I2C_WaitOnTXEFlagUntilTimeout
                0x0800342c       0x90 ./Drivers/STM32F1xx_HAL_Driver/Src/stm32f1xx_hal_i2c.o
 .text.I2C_WaitOnBTFFlagUntilTimeout
                0x080034bc       0x90 ./Drivers/STM32F1xx_HAL_Driver/Src/stm32f1xx_hal_i2c.o
 .text.I2C_WaitOnRXNEFlagUntilTimeout
                0x0800354c       0xba ./Drivers/STM32F1xx_HAL_Driver/Src/stm32f1xx_hal_i2c.o
 .text.I2C_IsAcknowledgeFailed
                0x08003606       0x5c ./Drivers/STM32F1xx_HAL_Driver/Src/stm32f1xx_hal_i2c.o
 *fill*         0x08003662        0x2 
 .text.HAL_RCC_OscConfig
                0x08003664      0x504 ./Drivers/STM32F1xx_HAL_Driver/Src/stm32f1xx_hal_rcc.o
                0x08003664                HAL_RCC_OscConfig
 .text.HAL_RCC_ClockConfig
                0x08003b68      0x1d4 ./Drivers/STM32F1xx_HAL_Driver/Src/stm32f1xx_hal_rcc.o
                0x08003b68                HAL_RCC_ClockConfig
 .text.HAL_RCC_GetSysClockFreq
                0x08003d3c       0xa8 ./Drivers/STM32F1xx_HAL_Driver/Src/stm32f1xx_hal_rcc.o
                0x08003d3c                HAL_RCC_GetSysClockFreq
 .text.HAL_RCC_GetHCLKFreq
                0x08003de4       0x14 ./Drivers/STM32F1xx_HAL_Driver/Src/stm32f1xx_hal_rcc.o
                0x08003de4                HAL_RCC_GetHCLKFreq
 .text.HAL_RCC_GetPCLK1Freq
                0x08003df8       0x28 ./Drivers/STM32F1xx_HAL_Driver/Src/stm32f1xx_hal_rcc.o
                0x08003df8                HAL_RCC_GetPCLK1Freq
 .text.HAL_RCC_GetPCLK2Freq
                0x08003e20       0x28 ./Drivers/STM32F1xx_HAL_Driver/Src/stm32f1xx_hal_rcc.o
                0x08003e20                HAL_RCC_GetPCLK2Freq
 .text.RCC_Delay
                0x08003e48       0x3c ./Drivers/STM32F1xx_HAL_Driver/Src/stm32f1xx_hal_rcc.o
 .text.HAL_TIM_Base_Init
                0x08003e84       0x9e ./Drivers/STM32F1xx_HAL_Driver/Src/stm32f1xx_hal_tim.o
                0x08003e84                HAL_TIM_Base_Init
 .text.HAL_TIM_IRQHandler
                0x08003f22      0x1e0 ./Drivers/STM32F1xx_HAL_Driver/Src/stm32f1xx_hal_tim.o
                0x08003f22                HAL_TIM_IRQHandler
 .text.HAL_TIM_ConfigClockSource
                0x08004102      0x18e ./Drivers/STM32F1xx_HAL_Driver/Src/stm32f1xx_hal_tim.o
                0x08004102                HAL_TIM_ConfigClockSource
 .text.HAL_TIM_PeriodElapsedCallback
                0x08004290       0x12 ./Drivers/STM32F1xx_HAL_Driver/Src/stm32f1xx_hal_tim.o
                0x08004290                HAL_TIM_PeriodElapsedCallback
 .text.HAL_TIM_OC_DelayElapsedCallback
                0x080042a2       0x12 ./Drivers/STM32F1xx_HAL_Driver/Src/stm32f1xx_hal_tim.o
                0x080042a2                HAL_TIM_OC_DelayElapsedCallback
 .text.HAL_TIM_IC_CaptureCallback
                0x080042b4       0x12 ./Drivers/STM32F1xx_HAL_Driver/Src/stm32f1xx_hal_tim.o
                0x080042b4                HAL_TIM_IC_CaptureCallback
 .text.HAL_TIM_PWM_PulseFinishedCallback
                0x080042c6       0x12 ./Drivers/STM32F1xx_HAL_Driver/Src/stm32f1xx_hal_tim.o
                0x080042c6                HAL_TIM_PWM_PulseFinishedCallback
 .text.HAL_TIM_TriggerCallback
                0x080042d8       0x12 ./Drivers/STM32F1xx_HAL_Driver/Src/stm32f1xx_hal_tim.o
                0x080042d8                HAL_TIM_TriggerCallback
 *fill*         0x080042ea        0x2 
 .text.TIM_Base_SetConfig
                0x080042ec       0xdc ./Drivers/STM32F1xx_HAL_Driver/Src/stm32f1xx_hal_tim.o
                0x080042ec                TIM_Base_SetConfig
 .text.TIM_TI1_ConfigInputStage
                0x080043c8       0x5c ./Drivers/STM32F1xx_HAL_Driver/Src/stm32f1xx_hal_tim.o
 .text.TIM_TI2_ConfigInputStage
                0x08004424       0x5e ./Drivers/STM32F1xx_HAL_Driver/Src/stm32f1xx_hal_tim.o
 .text.TIM_ITRx_SetConfig
                0x08004482       0x34 ./Drivers/STM32F1xx_HAL_Driver/Src/stm32f1xx_hal_tim.o
 .text.TIM_ETR_SetConfig
                0x080044b6       0x3e ./Drivers/STM32F1xx_HAL_Driver/Src/stm32f1xx_hal_tim.o
                0x080044b6                TIM_ETR_SetConfig
 .text.HAL_TIMEx_MasterConfigSynchronization
                0x080044f4       0xbc ./Drivers/STM32F1xx_HAL_Driver/Src/stm32f1xx_hal_tim_ex.o
                0x080044f4                HAL_TIMEx_MasterConfigSynchronization
 .text.HAL_TIMEx_CommutCallback
                0x080045b0       0x12 ./Drivers/STM32F1xx_HAL_Driver/Src/stm32f1xx_hal_tim_ex.o
                0x080045b0                HAL_TIMEx_CommutCallback
 .text.HAL_TIMEx_BreakCallback
                0x080045c2       0x12 ./Drivers/STM32F1xx_HAL_Driver/Src/stm32f1xx_hal_tim_ex.o
                0x080045c2                HAL_TIMEx_BreakCallback
 .text.HAL_UART_Init
                0x080045d4       0xa0 ./Drivers/STM32F1xx_HAL_Driver/Src/stm32f1xx_hal_uart.o
                0x080045d4                HAL_UART_Init
 .text.HAL_UART_Transmit
                0x08004674      0x116 ./Drivers/STM32F1xx_HAL_Driver/Src/stm32f1xx_hal_uart.o
                0x08004674                HAL_UART_Transmit
 .text.UART_WaitOnFlagUntilTimeout
                0x0800478a       0xb2 ./Drivers/STM32F1xx_HAL_Driver/Src/stm32f1xx_hal_uart.o
 .text.UART_EndRxTransfer
                0x0800483c       0xc4 ./Drivers/STM32F1xx_HAL_Driver/Src/stm32f1xx_hal_uart.o
 .text.UART_SetConfig
                0x08004900      0x11c ./Drivers/STM32F1xx_HAL_Driver/Src/stm32f1xx_hal_uart.o
 .text.sprintf  0x08004a1c       0x40 C:/ST/STM32CubeIDE_1.16.1/STM32CubeIDE/plugins/com.st.stm32cube.ide.mcu.externaltools.gnu-tools-for-stm32.12.3.rel1.win32_1.0.200.202406191623/tools/bin/../lib/gcc/arm-none-eabi/12.3.1/../../../../arm-none-eabi/lib/thumb/v7-m/nofp\libc_nano.a(libc_a-sprintf.o)
                0x08004a1c                siprintf
                0x08004a1c                sprintf
 .text.memset   0x08004a5c       0x10 C:/ST/STM32CubeIDE_1.16.1/STM32CubeIDE/plugins/com.st.stm32cube.ide.mcu.externaltools.gnu-tools-for-stm32.12.3.rel1.win32_1.0.200.202406191623/tools/bin/../lib/gcc/arm-none-eabi/12.3.1/../../../../arm-none-eabi/lib/thumb/v7-m/nofp\libc_nano.a(libc_a-memset.o)
                0x08004a5c                memset
 .text.__errno  0x08004a6c        0xc C:/ST/STM32CubeIDE_1.16.1/STM32CubeIDE/plugins/com.st.stm32cube.ide.mcu.externaltools.gnu-tools-for-stm32.12.3.rel1.win32_1.0.200.202406191623/tools/bin/../lib/gcc/arm-none-eabi/12.3.1/../../../../arm-none-eabi/lib/thumb/v7-m/nofp\libc_nano.a(libc_a-errno.o)
                0x08004a6c                __errno
 .text.__libc_init_array
                0x08004a78       0x48 C:/ST/STM32CubeIDE_1.16.1/STM32CubeIDE/plugins/com.st.stm32cube.ide.mcu.externaltools.gnu-tools-for-stm32.12.3.rel1.win32_1.0.200.202406191623/tools/bin/../lib/gcc/arm-none-eabi/12.3.1/../../../../arm-none-eabi/lib/thumb/v7-m/nofp\libc_nano.a(libc_a-init.o)
                0x08004a78                __libc_init_array
 .text.__retarget_lock_acquire_recursive
                0x08004ac0        0x2 C:/ST/STM32CubeIDE_1.16.1/STM32CubeIDE/plugins/com.st.stm32cube.ide.mcu.externaltools.gnu-tools-for-stm32.12.3.rel1.win32_1.0.200.202406191623/tools/bin/../lib/gcc/arm-none-eabi/12.3.1/../../../../arm-none-eabi/lib/thumb/v7-m/nofp\libc_nano.a(libc_a-lock.o)
                0x08004ac0                __retarget_lock_acquire_recursive
 .text.__retarget_lock_release_recursive
                0x08004ac2        0x2 C:/ST/STM32CubeIDE_1.16.1/STM32CubeIDE/plugins/com.st.stm32cube.ide.mcu.externaltools.gnu-tools-for-stm32.12.3.rel1.win32_1.0.200.202406191623/tools/bin/../lib/gcc/arm-none-eabi/12.3.1/../../../../arm-none-eabi/lib/thumb/v7-m/nofp\libc_nano.a(libc_a-lock.o)
                0x08004ac2                __retarget_lock_release_recursive
 .text.memcpy   0x08004ac4       0x1c C:/ST/STM32CubeIDE_1.16.1/STM32CubeIDE/plugins/com.st.stm32cube.ide.mcu.externaltools.gnu-tools-for-stm32.12.3.rel1.win32_1.0.200.202406191623/tools/bin/../lib/gcc/arm-none-eabi/12.3.1/../../../../arm-none-eabi/lib/thumb/v7-m/nofp\libc_nano.a(libc_a-memcpy-stub.o)
                0x08004ac4                memcpy
 .text._free_r  0x08004ae0       0x90 C:/ST/STM32CubeIDE_1.16.1/STM32CubeIDE/plugins/com.st.stm32cube.ide.mcu.externaltools.gnu-tools-for-stm32.12.3.rel1.win32_1.0.200.202406191623/tools/bin/../lib/gcc/arm-none-eabi/12.3.1/../../../../arm-none-eabi/lib/thumb/v7-m/nofp\libc_nano.a(libc_a-freer.o)
                0x08004ae0                _free_r
 .text.sbrk_aligned
                0x08004b70       0x44 C:/ST/STM32CubeIDE_1.16.1/STM32CubeIDE/plugins/com.st.stm32cube.ide.mcu.externaltools.gnu-tools-for-stm32.12.3.rel1.win32_1.0.200.202406191623/tools/bin/../lib/gcc/arm-none-eabi/12.3.1/../../../../arm-none-eabi/lib/thumb/v7-m/nofp\libc_nano.a(libc_a-mallocr.o)
 .text._malloc_r
                0x08004bb4      0x100 C:/ST/STM32CubeIDE_1.16.1/STM32CubeIDE/plugins/com.st.stm32cube.ide.mcu.externaltools.gnu-tools-for-stm32.12.3.rel1.win32_1.0.200.202406191623/tools/bin/../lib/gcc/arm-none-eabi/12.3.1/../../../../arm-none-eabi/lib/thumb/v7-m/nofp\libc_nano.a(libc_a-mallocr.o)
                0x08004bb4                _malloc_r
 .text.__malloc_lock
                0x08004cb4        0xc C:/ST/STM32CubeIDE_1.16.1/STM32CubeIDE/plugins/com.st.stm32cube.ide.mcu.externaltools.gnu-tools-for-stm32.12.3.rel1.win32_1.0.200.202406191623/tools/bin/../lib/gcc/arm-none-eabi/12.3.1/../../../../arm-none-eabi/lib/thumb/v7-m/nofp\libc_nano.a(libc_a-mlock.o)
                0x08004cb4                __malloc_lock
 .text.__malloc_unlock
                0x08004cc0        0xc C:/ST/STM32CubeIDE_1.16.1/STM32CubeIDE/plugins/com.st.stm32cube.ide.mcu.externaltools.gnu-tools-for-stm32.12.3.rel1.win32_1.0.200.202406191623/tools/bin/../lib/gcc/arm-none-eabi/12.3.1/../../../../arm-none-eabi/lib/thumb/v7-m/nofp\libc_nano.a(libc_a-mlock.o)
                0x08004cc0                __malloc_unlock
 .text.__ssputs_r
                0x08004ccc       0xb6 C:/ST/STM32CubeIDE_1.16.1/STM32CubeIDE/plugins/com.st.stm32cube.ide.mcu.externaltools.gnu-tools-for-stm32.12.3.rel1.win32_1.0.200.202406191623/tools/bin/../lib/gcc/arm-none-eabi/12.3.1/../../../../arm-none-eabi/lib/thumb/v7-m/nofp\libc_nano.a(libc_a-nano-svfprintf.o)
                0x08004ccc                __ssputs_r
 *fill*         0x08004d82        0x2 
 .text._svfprintf_r
                0x08004d84      0x1f8 C:/ST/STM32CubeIDE_1.16.1/STM32CubeIDE/plugins/com.st.stm32cube.ide.mcu.externaltools.gnu-tools-for-stm32.12.3.rel1.win32_1.0.200.202406191623/tools/bin/../lib/gcc/arm-none-eabi/12.3.1/../../../../arm-none-eabi/lib/thumb/v7-m/nofp\libc_nano.a(libc_a-nano-svfprintf.o)
                0x08004d84                _svfiprintf_r
                0x08004d84                _svfprintf_r
 .text._printf_common
                0x08004f7c       0xe4 C:/ST/STM32CubeIDE_1.16.1/STM32CubeIDE/plugins/com.st.stm32cube.ide.mcu.externaltools.gnu-tools-for-stm32.12.3.rel1.win32_1.0.200.202406191623/tools/bin/../lib/gcc/arm-none-eabi/12.3.1/../../../../arm-none-eabi/lib/thumb/v7-m/nofp\libc_nano.a(libc_a-nano-vfprintf_i.o)
                0x08004f7c                _printf_common
 .text._printf_i
                0x08005060      0x240 C:/ST/STM32CubeIDE_1.16.1/STM32CubeIDE/plugins/com.st.stm32cube.ide.mcu.externaltools.gnu-tools-for-stm32.12.3.rel1.win32_1.0.200.202406191623/tools/bin/../lib/gcc/arm-none-eabi/12.3.1/../../../../arm-none-eabi/lib/thumb/v7-m/nofp\libc_nano.a(libc_a-nano-vfprintf_i.o)
                0x08005060                _printf_i
 .text.memmove  0x080052a0       0x34 C:/ST/STM32CubeIDE_1.16.1/STM32CubeIDE/plugins/com.st.stm32cube.ide.mcu.externaltools.gnu-tools-for-stm32.12.3.rel1.win32_1.0.200.202406191623/tools/bin/../lib/gcc/arm-none-eabi/12.3.1/../../../../arm-none-eabi/lib/thumb/v7-m/nofp\libc_nano.a(libc_a-memmove.o)
                0x080052a0                memmove
 .text._sbrk_r  0x080052d4       0x20 C:/ST/STM32CubeIDE_1.16.1/STM32CubeIDE/plugins/com.st.stm32cube.ide.mcu.externaltools.gnu-tools-for-stm32.12.3.rel1.win32_1.0.200.202406191623/tools/bin/../lib/gcc/arm-none-eabi/12.3.1/../../../../arm-none-eabi/lib/thumb/v7-m/nofp\libc_nano.a(libc_a-sbrkr.o)
                0x080052d4                _sbrk_r
 .text.memchr   0x080052f4       0x1c C:/ST/STM32CubeIDE_1.16.1/STM32CubeIDE/plugins/com.st.stm32cube.ide.mcu.externaltools.gnu-tools-for-stm32.12.3.rel1.win32_1.0.200.202406191623/tools/bin/../lib/gcc/arm-none-eabi/12.3.1/../../../../arm-none-eabi/lib/thumb/v7-m/nofp\libc_nano.a(libc_a-memchr-stub.o)
                0x080052f4                memchr
 .text._realloc_r
                0x08005310       0x5c C:/ST/STM32CubeIDE_1.16.1/STM32CubeIDE/plugins/com.st.stm32cube.ide.mcu.externaltools.gnu-tools-for-stm32.12.3.rel1.win32_1.0.200.202406191623/tools/bin/../lib/gcc/arm-none-eabi/12.3.1/../../../../arm-none-eabi/lib/thumb/v7-m/nofp\libc_nano.a(libc_a-reallocr.o)
                0x08005310                _realloc_r
 .text._malloc_usable_size_r
                0x0800536c       0x10 C:/ST/STM32CubeIDE_1.16.1/STM32CubeIDE/plugins/com.st.stm32cube.ide.mcu.externaltools.gnu-tools-for-stm32.12.3.rel1.win32_1.0.200.202406191623/tools/bin/../lib/gcc/arm-none-eabi/12.3.1/../../../../arm-none-eabi/lib/thumb/v7-m/nofp\libc_nano.a(libc_a-msizer.o)
                0x0800536c                _malloc_usable_size_r
 *(.glue_7)
 .glue_7        0x0800537c        0x0 linker stubs
 *(.glue_7t)
 .glue_7t       0x0800537c        0x0 linker stubs
 *(.eh_frame)
 .eh_frame      0x0800537c        0x0 C:/ST/STM32CubeIDE_1.16.1/STM32CubeIDE/plugins/com.st.stm32cube.ide.mcu.externaltools.gnu-tools-for-stm32.12.3.rel1.win32_1.0.200.202406191623/tools/bin/../lib/gcc/arm-none-eabi/12.3.1/thumb/v7-m/nofp/crtbegin.o
 *(.init)
 .init          0x0800537c        0x4 C:/ST/STM32CubeIDE_1.16.1/STM32CubeIDE/plugins/com.st.stm32cube.ide.mcu.externaltools.gnu-tools-for-stm32.12.3.rel1.win32_1.0.200.202406191623/tools/bin/../lib/gcc/arm-none-eabi/12.3.1/thumb/v7-m/nofp/crti.o
                0x0800537c                _init
 .init          0x08005380        0x8 C:/ST/STM32CubeIDE_1.16.1/STM32CubeIDE/plugins/com.st.stm32cube.ide.mcu.externaltools.gnu-tools-for-stm32.12.3.rel1.win32_1.0.200.202406191623/tools/bin/../lib/gcc/arm-none-eabi/12.3.1/thumb/v7-m/nofp/crtn.o
 *(.fini)
 .fini          0x08005388        0x4 C:/ST/STM32CubeIDE_1.16.1/STM32CubeIDE/plugins/com.st.stm32cube.ide.mcu.externaltools.gnu-tools-for-stm32.12.3.rel1.win32_1.0.200.202406191623/tools/bin/../lib/gcc/arm-none-eabi/12.3.1/thumb/v7-m/nofp/crti.o
                0x08005388                _fini
 .fini          0x0800538c        0x8 C:/ST/STM32CubeIDE_1.16.1/STM32CubeIDE/plugins/com.st.stm32cube.ide.mcu.externaltools.gnu-tools-for-stm32.12.3.rel1.win32_1.0.200.202406191623/tools/bin/../lib/gcc/arm-none-eabi/12.3.1/thumb/v7-m/nofp/crtn.o
                0x08005394                        . = ALIGN (0x4)
                0x08005394                        _etext = .

.vfp11_veneer   0x08005394        0x0
 .vfp11_veneer  0x08005394        0x0 linker stubs

.v4_bx          0x08005394        0x0
 .v4_bx         0x08005394        0x0 linker stubs

.iplt           0x08005394        0x0
 .iplt          0x08005394        0x0 C:/ST/STM32CubeIDE_1.16.1/STM32CubeIDE/plugins/com.st.stm32cube.ide.mcu.externaltools.gnu-tools-for-stm32.12.3.rel1.win32_1.0.200.202406191623/tools/bin/../lib/gcc/arm-none-eabi/12.3.1/thumb/v7-m/nofp/crtbegin.o

.rodata         0x08005394      0x278
                0x08005394                        . = ALIGN (0x4)
 *(.rodata)
 .rodata        0x08005394      0x184 ./Core/Src/VL53L1X.o
 .rodata        0x08005518        0x3 ./Core/Src/VL53L1_Handler.o
 *fill*         0x0800551b        0x1 
 .rodata        0x0800551c       0x2e ./Core/Src/main.o
 *(.rodata*)
 *fill*         0x0800554a        0x2 
 .rodata.registered_sensors_cnt
                0x0800554c        0x4 ./Core/Src/VL53L1X.o
                0x0800554c                registered_sensors_cnt
 .rodata.VL51L1X_DEFAULT_CONFIGURATION
                0x08005550       0x5b ./Core/Src/VL53L1X_api.o
                0x08005550                VL51L1X_DEFAULT_CONFIGURATION
 *fill*         0x080055ab        0x1 
 .rodata.AHBPrescTable
                0x080055ac       0x10 ./Core/Src/system_stm32f1xx.o
                0x080055ac                AHBPrescTable
 .rodata.APBPrescTable
                0x080055bc        0x8 ./Core/Src/system_stm32f1xx.o
                0x080055bc                APBPrescTable
 .rodata.aPLLMULFactorTable.1
                0x080055c4       0x10 ./Drivers/STM32F1xx_HAL_Driver/Src/stm32f1xx_hal_rcc.o
 .rodata.aPredivFactorTable.0
                0x080055d4        0x2 ./Drivers/STM32F1xx_HAL_Driver/Src/stm32f1xx_hal_rcc.o
 .rodata._svfprintf_r.str1.1
                0x080055d6       0x11 C:/ST/STM32CubeIDE_1.16.1/STM32CubeIDE/plugins/com.st.stm32cube.ide.mcu.externaltools.gnu-tools-for-stm32.12.3.rel1.win32_1.0.200.202406191623/tools/bin/../lib/gcc/arm-none-eabi/12.3.1/../../../../arm-none-eabi/lib/thumb/v7-m/nofp\libc_nano.a(libc_a-nano-svfprintf.o)
 .rodata._printf_i.str1.1
                0x080055e7       0x22 C:/ST/STM32CubeIDE_1.16.1/STM32CubeIDE/plugins/com.st.stm32cube.ide.mcu.externaltools.gnu-tools-for-stm32.12.3.rel1.win32_1.0.200.202406191623/tools/bin/../lib/gcc/arm-none-eabi/12.3.1/../../../../arm-none-eabi/lib/thumb/v7-m/nofp\libc_nano.a(libc_a-nano-vfprintf_i.o)
                0x0800560c                        . = ALIGN (0x4)
 *fill*         0x08005609        0x3 

.ARM.extab      0x0800560c        0x0
                0x0800560c                        . = ALIGN (0x4)
 *(.ARM.extab* .gnu.linkonce.armextab.*)
                0x0800560c                        . = ALIGN (0x4)

.ARM            0x0800560c        0x8
                0x0800560c                        . = ALIGN (0x4)
                0x0800560c                        __exidx_start = .
 *(.ARM.exidx*)
 .ARM.exidx     0x0800560c        0x8 C:/ST/STM32CubeIDE_1.16.1/STM32CubeIDE/plugins/com.st.stm32cube.ide.mcu.externaltools.gnu-tools-for-stm32.12.3.rel1.win32_1.0.200.202406191623/tools/bin/../lib/gcc/arm-none-eabi/12.3.1/../../../../arm-none-eabi/lib/thumb/v7-m/nofp\libc_nano.a(libc_a-strlen.o)
                0x08005614                        __exidx_end = .
                0x08005614                        . = ALIGN (0x4)

.preinit_array  0x08005614        0x0
                0x08005614                        . = ALIGN (0x4)
                0x08005614                        PROVIDE (__preinit_array_start = .)
 *(.preinit_array*)
                0x08005614                        PROVIDE (__preinit_array_end = .)
                0x08005614                        . = ALIGN (0x4)

.init_array     0x08005614        0x4
                0x08005614                        . = ALIGN (0x4)
                0x08005614                        PROVIDE (__init_array_start = .)
 *(SORT_BY_NAME(.init_array.*))
 *(.init_array*)
 .init_array    0x08005614        0x4 C:/ST/STM32CubeIDE_1.16.1/STM32CubeIDE/plugins/com.st.stm32cube.ide.mcu.externaltools.gnu-tools-for-stm32.12.3.rel1.win32_1.0.200.202406191623/tools/bin/../lib/gcc/arm-none-eabi/12.3.1/thumb/v7-m/nofp/crtbegin.o
                0x08005618                        PROVIDE (__init_array_end = .)
                0x08005618                        . = ALIGN (0x4)

.fini_array     0x08005618        0x4
                0x08005618                        . = ALIGN (0x4)
                [!provide]                        PROVIDE (__fini_array_start = .)
 *(SORT_BY_NAME(.fini_array.*))
 *(.fini_array*)
 .fini_array    0x08005618        0x4 C:/ST/STM32CubeIDE_1.16.1/STM32CubeIDE/plugins/com.st.stm32cube.ide.mcu.externaltools.gnu-tools-for-stm32.12.3.rel1.win32_1.0.200.202406191623/tools/bin/../lib/gcc/arm-none-eabi/12.3.1/thumb/v7-m/nofp/crtbegin.o
                [!provide]                        PROVIDE (__fini_array_end = .)
                0x0800561c                        . = ALIGN (0x4)
                0x0800561c                        _sidata = LOADADDR (.data)

.rel.dyn        0x0800561c        0x0
 .rel.iplt      0x0800561c        0x0 C:/ST/STM32CubeIDE_1.16.1/STM32CubeIDE/plugins/com.st.stm32cube.ide.mcu.externaltools.gnu-tools-for-stm32.12.3.rel1.win32_1.0.200.202406191623/tools/bin/../lib/gcc/arm-none-eabi/12.3.1/thumb/v7-m/nofp/crtbegin.o

.data           0x20000000       0x84 load address 0x0800561c
                0x20000000                        . = ALIGN (0x4)
                0x20000000                        _sdata = .
 *(.data)
 *(.data*)
 .data.LEFT     0x20000000        0x8 ./Core/Src/SIGNAL.o
                0x20000000                LEFT
 .data.RIGHT    0x20000008        0x8 ./Core/Src/SIGNAL.o
                0x20000008                RIGHT
 .data.FORWARD  0x20000010        0x8 ./Core/Src/SIGNAL.o
                0x20000010                FORWARD
 .data.BACKWARD_LEFT
                0x20000018        0x8 ./Core/Src/SIGNAL.o
                0x20000018                BACKWARD_LEFT
 .data.BACKWARD_RIGHT
                0x20000020        0x8 ./Core/Src/SIGNAL.o
                0x20000020                BACKWARD_RIGHT
 .data.SystemCoreClock
                0x20000028        0x4 ./Core/Src/system_stm32f1xx.o
                0x20000028                SystemCoreClock
 .data.uwTickPrio
                0x2000002c        0x4 ./Drivers/STM32F1xx_HAL_Driver/Src/stm32f1xx_hal.o
                0x2000002c                uwTickPrio
 .data.uwTickFreq
                0x20000030        0x1 ./Drivers/STM32F1xx_HAL_Driver/Src/stm32f1xx_hal.o
                0x20000030                uwTickFreq
 *fill*         0x20000031        0x3 
 .data._impure_ptr
                0x20000034        0x4 C:/ST/STM32CubeIDE_1.16.1/STM32CubeIDE/plugins/com.st.stm32cube.ide.mcu.externaltools.gnu-tools-for-stm32.12.3.rel1.win32_1.0.200.202406191623/tools/bin/../lib/gcc/arm-none-eabi/12.3.1/../../../../arm-none-eabi/lib/thumb/v7-m/nofp\libc_nano.a(libc_a-impure.o)
                0x20000034                _impure_ptr
 .data._impure_data
                0x20000038       0x4c C:/ST/STM32CubeIDE_1.16.1/STM32CubeIDE/plugins/com.st.stm32cube.ide.mcu.externaltools.gnu-tools-for-stm32.12.3.rel1.win32_1.0.200.202406191623/tools/bin/../lib/gcc/arm-none-eabi/12.3.1/../../../../arm-none-eabi/lib/thumb/v7-m/nofp\libc_nano.a(libc_a-impure.o)
                0x20000038                _impure_data
 *(.RamFunc)
 *(.RamFunc*)
                0x20000084                        . = ALIGN (0x4)
                0x20000084                        _edata = .

.igot.plt       0x20000084        0x0 load address 0x080056a0
 .igot.plt      0x20000084        0x0 C:/ST/STM32CubeIDE_1.16.1/STM32CubeIDE/plugins/com.st.stm32cube.ide.mcu.externaltools.gnu-tools-for-stm32.12.3.rel1.win32_1.0.200.202406191623/tools/bin/../lib/gcc/arm-none-eabi/12.3.1/thumb/v7-m/nofp/crtbegin.o
                0x20000084                        . = ALIGN (0x4)

.bss            0x20000084      0x4a0 load address 0x080056a0
                0x20000084                        _sbss = .
                0x20000084                        __bss_start__ = _sbss
 *(.bss)
 .bss           0x20000084       0x1c C:/ST/STM32CubeIDE_1.16.1/STM32CubeIDE/plugins/com.st.stm32cube.ide.mcu.externaltools.gnu-tools-for-stm32.12.3.rel1.win32_1.0.200.202406191623/tools/bin/../lib/gcc/arm-none-eabi/12.3.1/thumb/v7-m/nofp/crtbegin.o
 *(.bss*)
 .bss.TxHeader  0x200000a0       0x18 ./Core/Src/CAN_Handler.o
                0x200000a0                TxHeader
 .bss.Mailbox   0x200000b8        0x4 ./Core/Src/CAN_Handler.o
                0x200000b8                Mailbox
 .bss.RxHeader  0x200000bc       0x1c ./Core/Src/CAN_Handler.o
                0x200000bc                RxHeader
 .bss.canfilterconfig
                0x200000d8       0x28 ./Core/Src/CAN_Handler.o
                0x200000d8                canfilterconfig
 .bss.RxData    0x20000100        0x8 ./Core/Src/CAN_Handler.o
                0x20000100                RxData
 .bss.returnSignal
                0x20000108        0x1 ./Core/Src/SIGNAL.o
                0x20000108                returnSignal
 *fill*         0x20000109        0x3 
 .bss.registered_sensors
                0x2000010c       0x28 ./Core/Src/VL53L1X.o
                0x2000010c                registered_sensors
 .bss.vl53l1x_log_func
                0x20000134        0x4 ./Core/Src/VL53L1X.o
 .bss.hcan      0x20000138       0x28 ./Core/Src/can.o
                0x20000138                hcan
 .bss.hi2c1     0x20000160       0x54 ./Core/Src/i2c.o
                0x20000160                hi2c1
 .bss.sensor1   0x200001b4       0x14 ./Core/Src/main.o
                0x200001b4                sensor1
 .bss.sensor2   0x200001c8       0x14 ./Core/Src/main.o
                0x200001c8                sensor2
 .bss.buffer    0x200001dc       0x64 ./Core/Src/main.o
                0x200001dc                buffer
 .bss.state     0x20000240        0x1 ./Core/Src/main.o
                0x20000240                state
 *fill*         0x20000241        0x3 
 .bss.__sbrk_heap_end
                0x20000244        0x4 ./Core/Src/sysmem.o
 .bss.htim3     0x20000248       0x48 ./Core/Src/tim.o
                0x20000248                htim3
 .bss.huart1    0x20000290       0x48 ./Core/Src/usart.o
                0x20000290                huart1
 .bss._I2CBuffer
                0x200002d8      0x100 ./Core/Src/vl53l1_platform.o
                0x200002d8                _I2CBuffer
 .bss.uwTick    0x200003d8        0x4 ./Drivers/STM32F1xx_HAL_Driver/Src/stm32f1xx_hal.o
                0x200003d8                uwTick
 .bss.__sf      0x200003dc      0x138 C:/ST/STM32CubeIDE_1.16.1/STM32CubeIDE/plugins/com.st.stm32cube.ide.mcu.externaltools.gnu-tools-for-stm32.12.3.rel1.win32_1.0.200.202406191623/tools/bin/../lib/gcc/arm-none-eabi/12.3.1/../../../../arm-none-eabi/lib/thumb/v7-m/nofp\libc_nano.a(libc_a-findfp.o)
                0x200003dc                __sf
 .bss.errno     0x20000514        0x4 C:/ST/STM32CubeIDE_1.16.1/STM32CubeIDE/plugins/com.st.stm32cube.ide.mcu.externaltools.gnu-tools-for-stm32.12.3.rel1.win32_1.0.200.202406191623/tools/bin/../lib/gcc/arm-none-eabi/12.3.1/../../../../arm-none-eabi/lib/thumb/v7-m/nofp\libc_nano.a(libc_a-reent.o)
                0x20000514                errno
 .bss.__lock___malloc_recursive_mutex
                0x20000518        0x1 C:/ST/STM32CubeIDE_1.16.1/STM32CubeIDE/plugins/com.st.stm32cube.ide.mcu.externaltools.gnu-tools-for-stm32.12.3.rel1.win32_1.0.200.202406191623/tools/bin/../lib/gcc/arm-none-eabi/12.3.1/../../../../arm-none-eabi/lib/thumb/v7-m/nofp\libc_nano.a(libc_a-lock.o)
                0x20000518                __lock___malloc_recursive_mutex
 *fill*         0x20000519        0x3 
 .bss.__malloc_sbrk_start
                0x2000051c        0x4 C:/ST/STM32CubeIDE_1.16.1/STM32CubeIDE/plugins/com.st.stm32cube.ide.mcu.externaltools.gnu-tools-for-stm32.12.3.rel1.win32_1.0.200.202406191623/tools/bin/../lib/gcc/arm-none-eabi/12.3.1/../../../../arm-none-eabi/lib/thumb/v7-m/nofp\libc_nano.a(libc_a-mallocr.o)
                0x2000051c                __malloc_sbrk_start
 .bss.__malloc_free_list
                0x20000520        0x4 C:/ST/STM32CubeIDE_1.16.1/STM32CubeIDE/plugins/com.st.stm32cube.ide.mcu.externaltools.gnu-tools-for-stm32.12.3.rel1.win32_1.0.200.202406191623/tools/bin/../lib/gcc/arm-none-eabi/12.3.1/../../../../arm-none-eabi/lib/thumb/v7-m/nofp\libc_nano.a(libc_a-mallocr.o)
                0x20000520                __malloc_free_list
 *(COMMON)
                0x20000524                        . = ALIGN (0x4)
                0x20000524                        _ebss = .
                0x20000524                        __bss_end__ = _ebss

._user_heap_stack
                0x20000524      0x604 load address 0x080056a0
                0x20000528                        . = ALIGN (0x8)
 *fill*         0x20000524        0x4 
                [!provide]                        PROVIDE (end = .)
                0x20000528                        PROVIDE (_end = .)
                0x20000728                        . = (. + _Min_Heap_Size)
 *fill*         0x20000528      0x200 
                0x20000b28                        . = (. + _Min_Stack_Size)
 *fill*         0x20000728      0x400 
                0x20000b28                        . = ALIGN (0x8)

/DISCARD/
 libc.a(*)
 libm.a(*)
 libgcc.a(*)

.ARM.attributes
                0x00000000       0x29
 *(.ARM.attributes)
 .ARM.attributes
                0x00000000       0x1d C:/ST/STM32CubeIDE_1.16.1/STM32CubeIDE/plugins/com.st.stm32cube.ide.mcu.externaltools.gnu-tools-for-stm32.12.3.rel1.win32_1.0.200.202406191623/tools/bin/../lib/gcc/arm-none-eabi/12.3.1/thumb/v7-m/nofp/crti.o
 .ARM.attributes
                0x0000001d       0x2d C:/ST/STM32CubeIDE_1.16.1/STM32CubeIDE/plugins/com.st.stm32cube.ide.mcu.externaltools.gnu-tools-for-stm32.12.3.rel1.win32_1.0.200.202406191623/tools/bin/../lib/gcc/arm-none-eabi/12.3.1/thumb/v7-m/nofp/crtbegin.o
 .ARM.attributes
                0x0000004a       0x2d ./Core/Src/CAN_Handler.o
 .ARM.attributes
                0x00000077       0x2d ./Core/Src/SIGNAL.o
 .ARM.attributes
                0x000000a4       0x2d ./Core/Src/VL53L1X.o
 .ARM.attributes
                0x000000d1       0x2d ./Core/Src/VL53L1X_api.o
 .ARM.attributes
                0x000000fe       0x2d ./Core/Src/VL53L1_Handler.o
 .ARM.attributes
                0x0000012b       0x2d ./Core/Src/can.o
 .ARM.attributes
                0x00000158       0x2d ./Core/Src/gpio.o
 .ARM.attributes
                0x00000185       0x2d ./Core/Src/i2c.o
 .ARM.attributes
                0x000001b2       0x2d ./Core/Src/main.o
 .ARM.attributes
                0x000001df       0x2d ./Core/Src/stm32f1xx_hal_msp.o
 .ARM.attributes
                0x0000020c       0x2d ./Core/Src/stm32f1xx_it.o
 .ARM.attributes
                0x00000239       0x2d ./Core/Src/sysmem.o
 .ARM.attributes
                0x00000266       0x2d ./Core/Src/system_stm32f1xx.o
 .ARM.attributes
                0x00000293       0x2d ./Core/Src/tim.o
 .ARM.attributes
                0x000002c0       0x2d ./Core/Src/usart.o
 .ARM.attributes
                0x000002ed       0x2d ./Core/Src/vl53l1_platform.o
 .ARM.attributes
                0x0000031a       0x21 ./Core/Startup/startup_stm32f103c8tx.o
 .ARM.attributes
                0x0000033b       0x2d ./Drivers/STM32F1xx_HAL_Driver/Src/stm32f1xx_hal.o
 .ARM.attributes
                0x00000368       0x2d ./Drivers/STM32F1xx_HAL_Driver/Src/stm32f1xx_hal_can.o
 .ARM.attributes
                0x00000395       0x2d ./Drivers/STM32F1xx_HAL_Driver/Src/stm32f1xx_hal_cortex.o
 .ARM.attributes
                0x000003c2       0x2d ./Drivers/STM32F1xx_HAL_Driver/Src/stm32f1xx_hal_gpio.o
 .ARM.attributes
                0x000003ef       0x2d ./Drivers/STM32F1xx_HAL_Driver/Src/stm32f1xx_hal_i2c.o
 .ARM.attributes
                0x0000041c       0x2d ./Drivers/STM32F1xx_HAL_Driver/Src/stm32f1xx_hal_rcc.o
 .ARM.attributes
                0x00000449       0x2d ./Drivers/STM32F1xx_HAL_Driver/Src/stm32f1xx_hal_tim.o
 .ARM.attributes
                0x00000476       0x2d ./Drivers/STM32F1xx_HAL_Driver/Src/stm32f1xx_hal_tim_ex.o
 .ARM.attributes
                0x000004a3       0x2d ./Drivers/STM32F1xx_HAL_Driver/Src/stm32f1xx_hal_uart.o
 .ARM.attributes
                0x000004d0       0x2d C:/ST/STM32CubeIDE_1.16.1/STM32CubeIDE/plugins/com.st.stm32cube.ide.mcu.externaltools.gnu-tools-for-stm32.12.3.rel1.win32_1.0.200.202406191623/tools/bin/../lib/gcc/arm-none-eabi/12.3.1/../../../../arm-none-eabi/lib/thumb/v7-m/nofp\libc_nano.a(libc_a-findfp.o)
 .ARM.attributes
                0x000004fd       0x2d C:/ST/STM32CubeIDE_1.16.1/STM32CubeIDE/plugins/com.st.stm32cube.ide.mcu.externaltools.gnu-tools-for-stm32.12.3.rel1.win32_1.0.200.202406191623/tools/bin/../lib/gcc/arm-none-eabi/12.3.1/../../../../arm-none-eabi/lib/thumb/v7-m/nofp\libc_nano.a(libc_a-sprintf.o)
 .ARM.attributes
                0x0000052a       0x2d C:/ST/STM32CubeIDE_1.16.1/STM32CubeIDE/plugins/com.st.stm32cube.ide.mcu.externaltools.gnu-tools-for-stm32.12.3.rel1.win32_1.0.200.202406191623/tools/bin/../lib/gcc/arm-none-eabi/12.3.1/../../../../arm-none-eabi/lib/thumb/v7-m/nofp\libc_nano.a(libc_a-memset.o)
 .ARM.attributes
                0x00000557       0x2d C:/ST/STM32CubeIDE_1.16.1/STM32CubeIDE/plugins/com.st.stm32cube.ide.mcu.externaltools.gnu-tools-for-stm32.12.3.rel1.win32_1.0.200.202406191623/tools/bin/../lib/gcc/arm-none-eabi/12.3.1/../../../../arm-none-eabi/lib/thumb/v7-m/nofp\libc_nano.a(libc_a-reent.o)
 .ARM.attributes
                0x00000584       0x2d C:/ST/STM32CubeIDE_1.16.1/STM32CubeIDE/plugins/com.st.stm32cube.ide.mcu.externaltools.gnu-tools-for-stm32.12.3.rel1.win32_1.0.200.202406191623/tools/bin/../lib/gcc/arm-none-eabi/12.3.1/../../../../arm-none-eabi/lib/thumb/v7-m/nofp\libc_nano.a(libc_a-impure.o)
 .ARM.attributes
                0x000005b1       0x2d C:/ST/STM32CubeIDE_1.16.1/STM32CubeIDE/plugins/com.st.stm32cube.ide.mcu.externaltools.gnu-tools-for-stm32.12.3.rel1.win32_1.0.200.202406191623/tools/bin/../lib/gcc/arm-none-eabi/12.3.1/../../../../arm-none-eabi/lib/thumb/v7-m/nofp\libc_nano.a(libc_a-errno.o)
 .ARM.attributes
                0x000005de       0x2d C:/ST/STM32CubeIDE_1.16.1/STM32CubeIDE/plugins/com.st.stm32cube.ide.mcu.externaltools.gnu-tools-for-stm32.12.3.rel1.win32_1.0.200.202406191623/tools/bin/../lib/gcc/arm-none-eabi/12.3.1/../../../../arm-none-eabi/lib/thumb/v7-m/nofp\libc_nano.a(libc_a-init.o)
 .ARM.attributes
                0x0000060b       0x2d C:/ST/STM32CubeIDE_1.16.1/STM32CubeIDE/plugins/com.st.stm32cube.ide.mcu.externaltools.gnu-tools-for-stm32.12.3.rel1.win32_1.0.200.202406191623/tools/bin/../lib/gcc/arm-none-eabi/12.3.1/../../../../arm-none-eabi/lib/thumb/v7-m/nofp\libc_nano.a(libc_a-lock.o)
 .ARM.attributes
                0x00000638       0x2d C:/ST/STM32CubeIDE_1.16.1/STM32CubeIDE/plugins/com.st.stm32cube.ide.mcu.externaltools.gnu-tools-for-stm32.12.3.rel1.win32_1.0.200.202406191623/tools/bin/../lib/gcc/arm-none-eabi/12.3.1/../../../../arm-none-eabi/lib/thumb/v7-m/nofp\libc_nano.a(libc_a-memcpy-stub.o)
 .ARM.attributes
                0x00000665       0x17 C:/ST/STM32CubeIDE_1.16.1/STM32CubeIDE/plugins/com.st.stm32cube.ide.mcu.externaltools.gnu-tools-for-stm32.12.3.rel1.win32_1.0.200.202406191623/tools/bin/../lib/gcc/arm-none-eabi/12.3.1/../../../../arm-none-eabi/lib/thumb/v7-m/nofp\libc_nano.a(libc_a-strlen.o)
 .ARM.attributes
                0x0000067c       0x2d C:/ST/STM32CubeIDE_1.16.1/STM32CubeIDE/plugins/com.st.stm32cube.ide.mcu.externaltools.gnu-tools-for-stm32.12.3.rel1.win32_1.0.200.202406191623/tools/bin/../lib/gcc/arm-none-eabi/12.3.1/../../../../arm-none-eabi/lib/thumb/v7-m/nofp\libc_nano.a(libc_a-freer.o)
 .ARM.attributes
                0x000006a9       0x2d C:/ST/STM32CubeIDE_1.16.1/STM32CubeIDE/plugins/com.st.stm32cube.ide.mcu.externaltools.gnu-tools-for-stm32.12.3.rel1.win32_1.0.200.202406191623/tools/bin/../lib/gcc/arm-none-eabi/12.3.1/../../../../arm-none-eabi/lib/thumb/v7-m/nofp\libc_nano.a(libc_a-mallocr.o)
 .ARM.attributes
                0x000006d6       0x2d C:/ST/STM32CubeIDE_1.16.1/STM32CubeIDE/plugins/com.st.stm32cube.ide.mcu.externaltools.gnu-tools-for-stm32.12.3.rel1.win32_1.0.200.202406191623/tools/bin/../lib/gcc/arm-none-eabi/12.3.1/../../../../arm-none-eabi/lib/thumb/v7-m/nofp\libc_nano.a(libc_a-mlock.o)
 .ARM.attributes
                0x00000703       0x2d C:/ST/STM32CubeIDE_1.16.1/STM32CubeIDE/plugins/com.st.stm32cube.ide.mcu.externaltools.gnu-tools-for-stm32.12.3.rel1.win32_1.0.200.202406191623/tools/bin/../lib/gcc/arm-none-eabi/12.3.1/../../../../arm-none-eabi/lib/thumb/v7-m/nofp\libc_nano.a(libc_a-nano-svfprintf.o)
 .ARM.attributes
                0x00000730       0x2d C:/ST/STM32CubeIDE_1.16.1/STM32CubeIDE/plugins/com.st.stm32cube.ide.mcu.externaltools.gnu-tools-for-stm32.12.3.rel1.win32_1.0.200.202406191623/tools/bin/../lib/gcc/arm-none-eabi/12.3.1/../../../../arm-none-eabi/lib/thumb/v7-m/nofp\libc_nano.a(libc_a-nano-vfprintf_i.o)
 .ARM.attributes
                0x0000075d       0x2d C:/ST/STM32CubeIDE_1.16.1/STM32CubeIDE/plugins/com.st.stm32cube.ide.mcu.externaltools.gnu-tools-for-stm32.12.3.rel1.win32_1.0.200.202406191623/tools/bin/../lib/gcc/arm-none-eabi/12.3.1/../../../../arm-none-eabi/lib/thumb/v7-m/nofp\libc_nano.a(libc_a-memmove.o)
 .ARM.attributes
                0x0000078a       0x2d C:/ST/STM32CubeIDE_1.16.1/STM32CubeIDE/plugins/com.st.stm32cube.ide.mcu.externaltools.gnu-tools-for-stm32.12.3.rel1.win32_1.0.200.202406191623/tools/bin/../lib/gcc/arm-none-eabi/12.3.1/../../../../arm-none-eabi/lib/thumb/v7-m/nofp\libc_nano.a(libc_a-sbrkr.o)
 .ARM.attributes
                0x000007b7       0x2d C:/ST/STM32CubeIDE_1.16.1/STM32CubeIDE/plugins/com.st.stm32cube.ide.mcu.externaltools.gnu-tools-for-stm32.12.3.rel1.win32_1.0.200.202406191623/tools/bin/../lib/gcc/arm-none-eabi/12.3.1/../../../../arm-none-eabi/lib/thumb/v7-m/nofp\libc_nano.a(libc_a-memchr-stub.o)
 .ARM.attributes
                0x000007e4       0x2d C:/ST/STM32CubeIDE_1.16.1/STM32CubeIDE/plugins/com.st.stm32cube.ide.mcu.externaltools.gnu-tools-for-stm32.12.3.rel1.win32_1.0.200.202406191623/tools/bin/../lib/gcc/arm-none-eabi/12.3.1/../../../../arm-none-eabi/lib/thumb/v7-m/nofp\libc_nano.a(libc_a-reallocr.o)
 .ARM.attributes
                0x00000811       0x2d C:/ST/STM32CubeIDE_1.16.1/STM32CubeIDE/plugins/com.st.stm32cube.ide.mcu.externaltools.gnu-tools-for-stm32.12.3.rel1.win32_1.0.200.202406191623/tools/bin/../lib/gcc/arm-none-eabi/12.3.1/../../../../arm-none-eabi/lib/thumb/v7-m/nofp\libc_nano.a(libc_a-msizer.o)
 .ARM.attributes
                0x0000083e       0x1d C:/ST/STM32CubeIDE_1.16.1/STM32CubeIDE/plugins/com.st.stm32cube.ide.mcu.externaltools.gnu-tools-for-stm32.12.3.rel1.win32_1.0.200.202406191623/tools/bin/../lib/gcc/arm-none-eabi/12.3.1/thumb/v7-m/nofp/crtn.o
OUTPUT(FINAL_SENSOR.elf elf32-littlearm)
LOAD linker stubs
LOAD C:/ST/STM32CubeIDE_1.16.1/STM32CubeIDE/plugins/com.st.stm32cube.ide.mcu.externaltools.gnu-tools-for-stm32.12.3.rel1.win32_1.0.200.202406191623/tools/bin/../lib/gcc/arm-none-eabi/12.3.1/../../../../arm-none-eabi/lib/thumb/v7-m/nofp\libc.a
LOAD C:/ST/STM32CubeIDE_1.16.1/STM32CubeIDE/plugins/com.st.stm32cube.ide.mcu.externaltools.gnu-tools-for-stm32.12.3.rel1.win32_1.0.200.202406191623/tools/bin/../lib/gcc/arm-none-eabi/12.3.1/../../../../arm-none-eabi/lib/thumb/v7-m/nofp\libm.a
LOAD C:/ST/STM32CubeIDE_1.16.1/STM32CubeIDE/plugins/com.st.stm32cube.ide.mcu.externaltools.gnu-tools-for-stm32.12.3.rel1.win32_1.0.200.202406191623/tools/bin/../lib/gcc/arm-none-eabi/12.3.1/thumb/v7-m/nofp\libgcc.a

.debug_info     0x00000000    0x13cae
 .debug_info    0x00000000      0x80c ./Core/Src/CAN_Handler.o
 .debug_info    0x0000080c      0x186 ./Core/Src/SIGNAL.o
 .debug_info    0x00000992      0x999 ./Core/Src/VL53L1X.o
 .debug_info    0x0000132b     0x10cc ./Core/Src/VL53L1X_api.o
 .debug_info    0x000023f7      0x78b ./Core/Src/VL53L1_Handler.o
 .debug_info    0x00002b82      0x867 ./Core/Src/can.o
 .debug_info    0x000033e9      0x2d3 ./Core/Src/gpio.o
 .debug_info    0x000036bc      0x7e3 ./Core/Src/i2c.o
 .debug_info    0x00003e9f     0x1039 ./Core/Src/main.o
 .debug_info    0x00004ed8      0x1f1 ./Core/Src/stm32f1xx_hal_msp.o
 .debug_info    0x000050c9      0xa6e ./Core/Src/stm32f1xx_it.o
 .debug_info    0x00005b37      0x168 ./Core/Src/sysmem.o
 .debug_info    0x00005c9f      0x222 ./Core/Src/system_stm32f1xx.o
 .debug_info    0x00005ec1      0x9bb ./Core/Src/tim.o
 .debug_info    0x0000687c      0x823 ./Core/Src/usart.o
 .debug_info    0x0000709f      0xbbc ./Core/Src/vl53l1_platform.o
 .debug_info    0x00007c5b       0x30 ./Core/Startup/startup_stm32f103c8tx.o
 .debug_info    0x00007c8b      0x704 ./Drivers/STM32F1xx_HAL_Driver/Src/stm32f1xx_hal.o
 .debug_info    0x0000838f      0xf13 ./Drivers/STM32F1xx_HAL_Driver/Src/stm32f1xx_hal_can.o
 .debug_info    0x000092a2      0xa87 ./Drivers/STM32F1xx_HAL_Driver/Src/stm32f1xx_hal_cortex.o
 .debug_info    0x00009d29      0x5ab ./Drivers/STM32F1xx_HAL_Driver/Src/stm32f1xx_hal_gpio.o
 .debug_info    0x0000a2d4     0x2524 ./Drivers/STM32F1xx_HAL_Driver/Src/stm32f1xx_hal_i2c.o
 .debug_info    0x0000c7f8      0x7d5 ./Drivers/STM32F1xx_HAL_Driver/Src/stm32f1xx_hal_rcc.o
 .debug_info    0x0000cfcd     0x2959 ./Drivers/STM32F1xx_HAL_Driver/Src/stm32f1xx_hal_tim.o
 .debug_info    0x0000f926     0x149b ./Drivers/STM32F1xx_HAL_Driver/Src/stm32f1xx_hal_tim_ex.o
 .debug_info    0x00010dc1     0x2eed ./Drivers/STM32F1xx_HAL_Driver/Src/stm32f1xx_hal_uart.o

.debug_abbrev   0x00000000     0x314e
 .debug_abbrev  0x00000000      0x1c3 ./Core/Src/CAN_Handler.o
 .debug_abbrev  0x000001c3       0xa1 ./Core/Src/SIGNAL.o
 .debug_abbrev  0x00000264      0x249 ./Core/Src/VL53L1X.o
 .debug_abbrev  0x000004ad      0x19d ./Core/Src/VL53L1X_api.o
 .debug_abbrev  0x0000064a      0x1e3 ./Core/Src/VL53L1_Handler.o
 .debug_abbrev  0x0000082d      0x232 ./Core/Src/can.o
 .debug_abbrev  0x00000a5f      0x13f ./Core/Src/gpio.o
 .debug_abbrev  0x00000b9e      0x1de ./Core/Src/i2c.o
 .debug_abbrev  0x00000d7c      0x29e ./Core/Src/main.o
 .debug_abbrev  0x0000101a       0xdb ./Core/Src/stm32f1xx_hal_msp.o
 .debug_abbrev  0x000010f5      0x1eb ./Core/Src/stm32f1xx_it.o
 .debug_abbrev  0x000012e0       0xbc ./Core/Src/sysmem.o
 .debug_abbrev  0x0000139c      0x13f ./Core/Src/system_stm32f1xx.o
 .debug_abbrev  0x000014db      0x20e ./Core/Src/tim.o
 .debug_abbrev  0x000016e9      0x1ff ./Core/Src/usart.o
 .debug_abbrev  0x000018e8      0x21c ./Core/Src/vl53l1_platform.o
 .debug_abbrev  0x00001b04       0x24 ./Core/Startup/startup_stm32f103c8tx.o
 .debug_abbrev  0x00001b28      0x201 ./Drivers/STM32F1xx_HAL_Driver/Src/stm32f1xx_hal.o
 .debug_abbrev  0x00001d29      0x21c ./Drivers/STM32F1xx_HAL_Driver/Src/stm32f1xx_hal_can.o
 .debug_abbrev  0x00001f45      0x2f8 ./Drivers/STM32F1xx_HAL_Driver/Src/stm32f1xx_hal_cortex.o
 .debug_abbrev  0x0000223d      0x1ca ./Drivers/STM32F1xx_HAL_Driver/Src/stm32f1xx_hal_gpio.o
 .debug_abbrev  0x00002407      0x2a3 ./Drivers/STM32F1xx_HAL_Driver/Src/stm32f1xx_hal_i2c.o
 .debug_abbrev  0x000026aa      0x2b3 ./Drivers/STM32F1xx_HAL_Driver/Src/stm32f1xx_hal_rcc.o
 .debug_abbrev  0x0000295d      0x277 ./Drivers/STM32F1xx_HAL_Driver/Src/stm32f1xx_hal_tim.o
 .debug_abbrev  0x00002bd4      0x282 ./Drivers/STM32F1xx_HAL_Driver/Src/stm32f1xx_hal_tim_ex.o
 .debug_abbrev  0x00002e56      0x2f8 ./Drivers/STM32F1xx_HAL_Driver/Src/stm32f1xx_hal_uart.o

.debug_aranges  0x00000000     0x12b0
 .debug_aranges
                0x00000000       0x30 ./Core/Src/CAN_Handler.o
 .debug_aranges
                0x00000030       0x20 ./Core/Src/SIGNAL.o
 .debug_aranges
                0x00000050       0x50 ./Core/Src/VL53L1X.o
 .debug_aranges
                0x000000a0      0x168 ./Core/Src/VL53L1X_api.o
 .debug_aranges
                0x00000208       0x30 ./Core/Src/VL53L1_Handler.o
 .debug_aranges
                0x00000238       0x30 ./Core/Src/can.o
 .debug_aranges
                0x00000268       0x20 ./Core/Src/gpio.o
 .debug_aranges
                0x00000288       0x30 ./Core/Src/i2c.o
 .debug_aranges
                0x000002b8       0x38 ./Core/Src/main.o
 .debug_aranges
                0x000002f0       0x20 ./Core/Src/stm32f1xx_hal_msp.o
 .debug_aranges
                0x00000310       0x70 ./Core/Src/stm32f1xx_it.o
 .debug_aranges
                0x00000380       0x20 ./Core/Src/sysmem.o
 .debug_aranges
                0x000003a0       0x28 ./Core/Src/system_stm32f1xx.o
 .debug_aranges
                0x000003c8       0x30 ./Core/Src/tim.o
 .debug_aranges
                0x000003f8       0x38 ./Core/Src/usart.o
 .debug_aranges
                0x00000430       0x70 ./Core/Src/vl53l1_platform.o
 .debug_aranges
                0x000004a0       0x28 ./Core/Startup/startup_stm32f103c8tx.o
 .debug_aranges
                0x000004c8       0xe0 ./Drivers/STM32F1xx_HAL_Driver/Src/stm32f1xx_hal.o
 .debug_aranges
                0x000005a8      0x138 ./Drivers/STM32F1xx_HAL_Driver/Src/stm32f1xx_hal_can.o
 .debug_aranges
                0x000006e0      0x100 ./Drivers/STM32F1xx_HAL_Driver/Src/stm32f1xx_hal_cortex.o
 .debug_aranges
                0x000007e0       0x58 ./Drivers/STM32F1xx_HAL_Driver/Src/stm32f1xx_hal_gpio.o
 .debug_aranges
                0x00000838      0x2a8 ./Drivers/STM32F1xx_HAL_Driver/Src/stm32f1xx_hal_i2c.o
 .debug_aranges
                0x00000ae0       0x90 ./Drivers/STM32F1xx_HAL_Driver/Src/stm32f1xx_hal_rcc.o
 .debug_aranges
                0x00000b70      0x3d0 ./Drivers/STM32F1xx_HAL_Driver/Src/stm32f1xx_hal_tim.o
 .debug_aranges
                0x00000f40      0x168 ./Drivers/STM32F1xx_HAL_Driver/Src/stm32f1xx_hal_tim_ex.o
 .debug_aranges
                0x000010a8      0x208 ./Drivers/STM32F1xx_HAL_Driver/Src/stm32f1xx_hal_uart.o

.debug_rnglists
                0x00000000      0xe84
 .debug_rnglists
                0x00000000       0x1f ./Core/Src/CAN_Handler.o
 .debug_rnglists
                0x0000001f       0x13 ./Core/Src/SIGNAL.o
 .debug_rnglists
                0x00000032       0x39 ./Core/Src/VL53L1X.o
 .debug_rnglists
                0x0000006b      0x114 ./Core/Src/VL53L1X_api.o
 .debug_rnglists
                0x0000017f       0x1f ./Core/Src/VL53L1_Handler.o
 .debug_rnglists
                0x0000019e       0x20 ./Core/Src/can.o
 .debug_rnglists
                0x000001be       0x14 ./Core/Src/gpio.o
 .debug_rnglists
                0x000001d2       0x1f ./Core/Src/i2c.o
 .debug_rnglists
                0x000001f1       0x27 ./Core/Src/main.o
 .debug_rnglists
                0x00000218       0x13 ./Core/Src/stm32f1xx_hal_msp.o
 .debug_rnglists
                0x0000022b       0x4f ./Core/Src/stm32f1xx_it.o
 .debug_rnglists
                0x0000027a       0x13 ./Core/Src/sysmem.o
 .debug_rnglists
                0x0000028d       0x1a ./Core/Src/system_stm32f1xx.o
 .debug_rnglists
                0x000002a7       0x20 ./Core/Src/tim.o
 .debug_rnglists
                0x000002c7       0x26 ./Core/Src/usart.o
 .debug_rnglists
                0x000002ed       0x51 ./Core/Src/vl53l1_platform.o
 .debug_rnglists
                0x0000033e       0x19 ./Core/Startup/startup_stm32f103c8tx.o
 .debug_rnglists
                0x00000357       0xa3 ./Drivers/STM32F1xx_HAL_Driver/Src/stm32f1xx_hal.o
 .debug_rnglists
                0x000003fa       0xed ./Drivers/STM32F1xx_HAL_Driver/Src/stm32f1xx_hal_can.o
 .debug_rnglists
                0x000004e7       0xbb ./Drivers/STM32F1xx_HAL_Driver/Src/stm32f1xx_hal_cortex.o
 .debug_rnglists
                0x000005a2       0x3f ./Drivers/STM32F1xx_HAL_Driver/Src/stm32f1xx_hal_gpio.o
 .debug_rnglists
                0x000005e1      0x23c ./Drivers/STM32F1xx_HAL_Driver/Src/stm32f1xx_hal_i2c.o
 .debug_rnglists
                0x0000081d       0x6c ./Drivers/STM32F1xx_HAL_Driver/Src/stm32f1xx_hal_rcc.o
 .debug_rnglists
                0x00000889      0x31a ./Drivers/STM32F1xx_HAL_Driver/Src/stm32f1xx_hal_tim.o
 .debug_rnglists
                0x00000ba3      0x125 ./Drivers/STM32F1xx_HAL_Driver/Src/stm32f1xx_hal_tim_ex.o
 .debug_rnglists
                0x00000cc8      0x1bc ./Drivers/STM32F1xx_HAL_Driver/Src/stm32f1xx_hal_uart.o

.debug_macro    0x00000000    0x1a515
 .debug_macro   0x00000000      0x1df ./Core/Src/CAN_Handler.o
 .debug_macro   0x000001df      0xaa8 ./Core/Src/CAN_Handler.o
 .debug_macro   0x00000c87      0x227 ./Core/Src/CAN_Handler.o
 .debug_macro   0x00000eae       0x2e ./Core/Src/CAN_Handler.o
 .debug_macro   0x00000edc       0x22 ./Core/Src/CAN_Handler.o
 .debug_macro   0x00000efe       0x22 ./Core/Src/CAN_Handler.o
 .debug_macro   0x00000f20       0x8e ./Core/Src/CAN_Handler.o
 .debug_macro   0x00000fae       0x51 ./Core/Src/CAN_Handler.o
 .debug_macro   0x00000fff      0x103 ./Core/Src/CAN_Handler.o
 .debug_macro   0x00001102       0x6a ./Core/Src/CAN_Handler.o
 .debug_macro   0x0000116c      0x1df ./Core/Src/CAN_Handler.o
 .debug_macro   0x0000134b       0x1c ./Core/Src/CAN_Handler.o
 .debug_macro   0x00001367       0x22 ./Core/Src/CAN_Handler.o
 .debug_macro   0x00001389       0xbd ./Core/Src/CAN_Handler.o
 .debug_macro   0x00001446      0xd23 ./Core/Src/CAN_Handler.o
 .debug_macro   0x00002169     0xe09e ./Core/Src/CAN_Handler.o
 .debug_macro   0x00010207       0x6d ./Core/Src/CAN_Handler.o
 .debug_macro   0x00010274     0x34a2 ./Core/Src/CAN_Handler.o
 .debug_macro   0x00013716      0x189 ./Core/Src/CAN_Handler.o
 .debug_macro   0x0001389f       0x5c ./Core/Src/CAN_Handler.o
 .debug_macro   0x000138fb      0x5bc ./Core/Src/CAN_Handler.o
 .debug_macro   0x00013eb7      0x289 ./Core/Src/CAN_Handler.o
 .debug_macro   0x00014140      0x1cb ./Core/Src/CAN_Handler.o
 .debug_macro   0x0001430b      0x114 ./Core/Src/CAN_Handler.o
 .debug_macro   0x0001441f      0x1b2 ./Core/Src/CAN_Handler.o
 .debug_macro   0x000145d1       0x27 ./Core/Src/CAN_Handler.o
 .debug_macro   0x000145f8      0x136 ./Core/Src/CAN_Handler.o
 .debug_macro   0x0001472e      0x1bc ./Core/Src/CAN_Handler.o
 .debug_macro   0x000148ea       0x34 ./Core/Src/CAN_Handler.o
 .debug_macro   0x0001491e       0x3c ./Core/Src/CAN_Handler.o
 .debug_macro   0x0001495a      0x408 ./Core/Src/CAN_Handler.o
 .debug_macro   0x00014d62       0x57 ./Core/Src/CAN_Handler.o
 .debug_macro   0x00014db9       0x87 ./Core/Src/CAN_Handler.o
 .debug_macro   0x00014e40      0x240 ./Core/Src/CAN_Handler.o
 .debug_macro   0x00015080      0x287 ./Core/Src/CAN_Handler.o
 .debug_macro   0x00015307      0x140 ./Core/Src/CAN_Handler.o
 .debug_macro   0x00015447      0x8ed ./Core/Src/CAN_Handler.o
 .debug_macro   0x00015d34      0x28e ./Core/Src/CAN_Handler.o
 .debug_macro   0x00015fc2       0x83 ./Core/Src/CAN_Handler.o
 .debug_macro   0x00016045       0x4c ./Core/Src/CAN_Handler.o
 .debug_macro   0x00016091       0x10 ./Core/Src/CAN_Handler.o
 .debug_macro   0x000160a1      0x2a1 ./Core/Src/SIGNAL.o
 .debug_macro   0x00016342       0x24 ./Core/Src/SIGNAL.o
 .debug_macro   0x00016366       0x61 ./Core/Src/SIGNAL.o
 .debug_macro   0x000163c7       0x43 ./Core/Src/SIGNAL.o
 .debug_macro   0x0001640a       0x34 ./Core/Src/SIGNAL.o
 .debug_macro   0x0001643e       0x16 ./Core/Src/SIGNAL.o
 .debug_macro   0x00016454       0x35 ./Core/Src/SIGNAL.o
 .debug_macro   0x00016489       0x16 ./Core/Src/SIGNAL.o
 .debug_macro   0x0001649f       0x43 ./Core/Src/SIGNAL.o
 .debug_macro   0x000164e2       0x34 ./Core/Src/SIGNAL.o
 .debug_macro   0x00016516       0x10 ./Core/Src/SIGNAL.o
 .debug_macro   0x00016526       0x58 ./Core/Src/SIGNAL.o
 .debug_macro   0x0001657e       0x8e ./Core/Src/SIGNAL.o
 .debug_macro   0x0001660c       0x1c ./Core/Src/SIGNAL.o
 .debug_macro   0x00016628      0x177 ./Core/Src/SIGNAL.o
 .debug_macro   0x0001679f      0x369 ./Core/Src/SIGNAL.o
 .debug_macro   0x00016b08       0x16 ./Core/Src/SIGNAL.o
 .debug_macro   0x00016b1e       0x29 ./Core/Src/SIGNAL.o
 .debug_macro   0x00016b47       0x34 ./Core/Src/SIGNAL.o
 .debug_macro   0x00016b7b      0x34d ./Core/Src/VL53L1X.o
 .debug_macro   0x00016ec8       0x10 ./Core/Src/VL53L1X.o
 .debug_macro   0x00016ed8       0x20 ./Core/Src/VL53L1X.o
 .debug_macro   0x00016ef8       0x1c ./Core/Src/VL53L1X.o
 .debug_macro   0x00016f14       0x10 ./Core/Src/VL53L1X.o
 .debug_macro   0x00016f24       0x1c ./Core/Src/VL53L1X.o
 .debug_macro   0x00016f40       0x16 ./Core/Src/VL53L1X.o
 .debug_macro   0x00016f56      0x146 ./Core/Src/VL53L1X.o
 .debug_macro   0x0001709c      0x112 ./Core/Src/VL53L1X.o
 .debug_macro   0x000171ae      0x1c5 ./Core/Src/VL53L1X_api.o
 .debug_macro   0x00017373      0x355 ./Core/Src/VL53L1_Handler.o
 .debug_macro   0x000176c8      0x1d0 ./Core/Src/can.o
 .debug_macro   0x00017898      0x1d0 ./Core/Src/gpio.o
 .debug_macro   0x00017a68      0x1d0 ./Core/Src/i2c.o
 .debug_macro   0x00017c38      0x3a1 ./Core/Src/main.o
 .debug_macro   0x00017fd9       0x16 ./Core/Src/main.o
 .debug_macro   0x00017fef       0x16 ./Core/Src/main.o
 .debug_macro   0x00018005       0x16 ./Core/Src/main.o
 .debug_macro   0x0001801b      0x1c6 ./Core/Src/stm32f1xx_hal_msp.o
 .debug_macro   0x000181e1      0x1d0 ./Core/Src/stm32f1xx_it.o
 .debug_macro   0x000183b1       0xff ./Core/Src/sysmem.o
 .debug_macro   0x000184b0      0x23c ./Core/Src/sysmem.o
 .debug_macro   0x000186ec      0x1b7 ./Core/Src/system_stm32f1xx.o
 .debug_macro   0x000188a3      0x1d0 ./Core/Src/tim.o
 .debug_macro   0x00018a73      0x29e ./Core/Src/usart.o
 .debug_macro   0x00018d11      0x3fd ./Core/Src/vl53l1_platform.o
 .debug_macro   0x0001910e      0x126 ./Core/Src/vl53l1_platform.o
 .debug_macro   0x00019234       0x16 ./Core/Src/vl53l1_platform.o
 .debug_macro   0x0001924a       0xc1 ./Core/Src/vl53l1_platform.o
 .debug_macro   0x0001930b      0x19b ./Core/Src/vl53l1_platform.o
 .debug_macro   0x000194a6      0x1db ./Drivers/STM32F1xx_HAL_Driver/Src/stm32f1xx_hal.o
 .debug_macro   0x00019681      0x1c6 ./Drivers/STM32F1xx_HAL_Driver/Src/stm32f1xx_hal_can.o
 .debug_macro   0x00019847      0x1b7 ./Drivers/STM32F1xx_HAL_Driver/Src/stm32f1xx_hal_cortex.o
 .debug_macro   0x000199fe      0x222 ./Drivers/STM32F1xx_HAL_Driver/Src/stm32f1xx_hal_gpio.o
 .debug_macro   0x00019c20      0x205 ./Drivers/STM32F1xx_HAL_Driver/Src/stm32f1xx_hal_i2c.o
 .debug_macro   0x00019e25      0x1c9 ./Drivers/STM32F1xx_HAL_Driver/Src/stm32f1xx_hal_rcc.o
 .debug_macro   0x00019fee      0x1b8 ./Drivers/STM32F1xx_HAL_Driver/Src/stm32f1xx_hal_tim.o
 .debug_macro   0x0001a1a6      0x1b7 ./Drivers/STM32F1xx_HAL_Driver/Src/stm32f1xx_hal_tim_ex.o
 .debug_macro   0x0001a35d      0x1b8 ./Drivers/STM32F1xx_HAL_Driver/Src/stm32f1xx_hal_uart.o

.debug_line     0x00000000    0x18188
 .debug_line    0x00000000      0x7a2 ./Core/Src/CAN_Handler.o
 .debug_line    0x000007a2      0x8be ./Core/Src/SIGNAL.o
 .debug_line    0x00001060      0xb04 ./Core/Src/VL53L1X.o
 .debug_line    0x00001b64      0xe8f ./Core/Src/VL53L1X_api.o
 .debug_line    0x000029f3      0x99b ./Core/Src/VL53L1_Handler.o
 .debug_line    0x0000338e      0x7a9 ./Core/Src/can.o
 .debug_line    0x00003b37      0x750 ./Core/Src/gpio.o
 .debug_line    0x00004287      0x798 ./Core/Src/i2c.o
 .debug_line    0x00004a1f      0xa41 ./Core/Src/main.o
 .debug_line    0x00005460      0x734 ./Core/Src/stm32f1xx_hal_msp.o
 .debug_line    0x00005b94      0x825 ./Core/Src/stm32f1xx_it.o
 .debug_line    0x000063b9      0x583 ./Core/Src/sysmem.o
 .debug_line    0x0000693c      0x7b1 ./Core/Src/system_stm32f1xx.o
 .debug_line    0x000070ed      0x7a0 ./Core/Src/tim.o
 .debug_line    0x0000788d      0x920 ./Core/Src/usart.o
 .debug_line    0x000081ad      0xc35 ./Core/Src/vl53l1_platform.o
 .debug_line    0x00008de2       0x78 ./Core/Startup/startup_stm32f103c8tx.o
 .debug_line    0x00008e5a      0x9de ./Drivers/STM32F1xx_HAL_Driver/Src/stm32f1xx_hal.o
 .debug_line    0x00009838     0x11c0 ./Drivers/STM32F1xx_HAL_Driver/Src/stm32f1xx_hal_can.o
 .debug_line    0x0000a9f8      0xbca ./Drivers/STM32F1xx_HAL_Driver/Src/stm32f1xx_hal_cortex.o
 .debug_line    0x0000b5c2      0xa77 ./Drivers/STM32F1xx_HAL_Driver/Src/stm32f1xx_hal_gpio.o
 .debug_line    0x0000c039     0x3c7b ./Drivers/STM32F1xx_HAL_Driver/Src/stm32f1xx_hal_i2c.o
 .debug_line    0x0000fcb4      0xde7 ./Drivers/STM32F1xx_HAL_Driver/Src/stm32f1xx_hal_rcc.o
 .debug_line    0x00010a9b     0x3503 ./Drivers/STM32F1xx_HAL_Driver/Src/stm32f1xx_hal_tim.o
 .debug_line    0x00013f9e     0x192d ./Drivers/STM32F1xx_HAL_Driver/Src/stm32f1xx_hal_tim_ex.o
 .debug_line    0x000158cb     0x28bd ./Drivers/STM32F1xx_HAL_Driver/Src/stm32f1xx_hal_uart.o

.debug_str      0x00000000    0x92349
 .debug_str     0x00000000    0x87370 ./Core/Src/CAN_Handler.o
                              0x876f2 (size before relaxing)
 .debug_str     0x00087370     0x32a5 ./Core/Src/SIGNAL.o
                              0x8a498 (size before relaxing)
 .debug_str     0x0008a615     0x1431 ./Core/Src/VL53L1X.o
                              0x8b88b (size before relaxing)
 .debug_str     0x0008ba46      0x5ce ./Core/Src/VL53L1X_api.o
                               0x869e (size before relaxing)
 .debug_str     0x0008c014       0xab ./Core/Src/VL53L1_Handler.o
                              0x8b72a (size before relaxing)
 .debug_str     0x0008c0bf      0x399 ./Core/Src/can.o
                              0x878e1 (size before relaxing)
 .debug_str     0x0008c458       0x20 ./Core/Src/gpio.o
                              0x872f0 (size before relaxing)
 .debug_str     0x0008c478       0x51 ./Core/Src/i2c.o
                              0x877aa (size before relaxing)
 .debug_str     0x0008c4c9      0x1f1 ./Core/Src/main.o
                              0x8be45 (size before relaxing)
 .debug_str     0x0008c6ba       0x50 ./Core/Src/stm32f1xx_hal_msp.o
                              0x87278 (size before relaxing)
 .debug_str     0x0008c70a      0x36e ./Core/Src/stm32f1xx_it.o
                              0x87a0a (size before relaxing)
 .debug_str     0x0008ca78      0x4dc ./Core/Src/sysmem.o
                               0x6078 (size before relaxing)
 .debug_str     0x0008cf54       0x7e ./Core/Src/system_stm32f1xx.o
                              0x87192 (size before relaxing)
 .debug_str     0x0008cfd2      0x13c ./Core/Src/tim.o
                              0x87b99 (size before relaxing)
 .debug_str     0x0008d10e      0x249 ./Core/Src/usart.o
                              0x8a8ae (size before relaxing)
 .debug_str     0x0008d357     0x1cb1 ./Core/Src/vl53l1_platform.o
                              0x8ccea (size before relaxing)
 .debug_str     0x0008f008       0x44 ./Core/Startup/startup_stm32f103c8tx.o
                                 0x83 (size before relaxing)
 .debug_str     0x0008f04c      0x384 ./Drivers/STM32F1xx_HAL_Driver/Src/stm32f1xx_hal.o
                              0x878c5 (size before relaxing)
 .debug_str     0x0008f3d0      0x3ef ./Drivers/STM32F1xx_HAL_Driver/Src/stm32f1xx_hal_can.o
                              0x8799a (size before relaxing)
 .debug_str     0x0008f7bf      0x262 ./Drivers/STM32F1xx_HAL_Driver/Src/stm32f1xx_hal_cortex.o
                              0x87811 (size before relaxing)
 .debug_str     0x0008fa21      0x2e6 ./Drivers/STM32F1xx_HAL_Driver/Src/stm32f1xx_hal_gpio.o
                              0x87518 (size before relaxing)
 .debug_str     0x0008fd07      0xba6 ./Drivers/STM32F1xx_HAL_Driver/Src/stm32f1xx_hal_i2c.o
                              0x88259 (size before relaxing)
 .debug_str     0x000908ad      0x209 ./Drivers/STM32F1xx_HAL_Driver/Src/stm32f1xx_hal_rcc.o
                              0x875c1 (size before relaxing)
 .debug_str     0x00090ab6      0xdf1 ./Drivers/STM32F1xx_HAL_Driver/Src/stm32f1xx_hal_tim.o
                              0x885c3 (size before relaxing)
 .debug_str     0x000918a7      0x493 ./Drivers/STM32F1xx_HAL_Driver/Src/stm32f1xx_hal_tim_ex.o
                              0x87dcf (size before relaxing)
 .debug_str     0x00091d3a      0x60f ./Drivers/STM32F1xx_HAL_Driver/Src/stm32f1xx_hal_uart.o
                              0x87c32 (size before relaxing)

.comment        0x00000000       0x43
 .comment       0x00000000       0x43 ./Core/Src/CAN_Handler.o
                                 0x44 (size before relaxing)
 .comment       0x00000043       0x44 ./Core/Src/SIGNAL.o
 .comment       0x00000043       0x44 ./Core/Src/VL53L1X.o
 .comment       0x00000043       0x44 ./Core/Src/VL53L1X_api.o
 .comment       0x00000043       0x44 ./Core/Src/VL53L1_Handler.o
 .comment       0x00000043       0x44 ./Core/Src/can.o
 .comment       0x00000043       0x44 ./Core/Src/gpio.o
 .comment       0x00000043       0x44 ./Core/Src/i2c.o
 .comment       0x00000043       0x44 ./Core/Src/main.o
 .comment       0x00000043       0x44 ./Core/Src/stm32f1xx_hal_msp.o
 .comment       0x00000043       0x44 ./Core/Src/stm32f1xx_it.o
 .comment       0x00000043       0x44 ./Core/Src/sysmem.o
 .comment       0x00000043       0x44 ./Core/Src/system_stm32f1xx.o
 .comment       0x00000043       0x44 ./Core/Src/tim.o
 .comment       0x00000043       0x44 ./Core/Src/usart.o
 .comment       0x00000043       0x44 ./Core/Src/vl53l1_platform.o
 .comment       0x00000043       0x44 ./Drivers/STM32F1xx_HAL_Driver/Src/stm32f1xx_hal.o
 .comment       0x00000043       0x44 ./Drivers/STM32F1xx_HAL_Driver/Src/stm32f1xx_hal_can.o
 .comment       0x00000043       0x44 ./Drivers/STM32F1xx_HAL_Driver/Src/stm32f1xx_hal_cortex.o
 .comment       0x00000043       0x44 ./Drivers/STM32F1xx_HAL_Driver/Src/stm32f1xx_hal_gpio.o
 .comment       0x00000043       0x44 ./Drivers/STM32F1xx_HAL_Driver/Src/stm32f1xx_hal_i2c.o
 .comment       0x00000043       0x44 ./Drivers/STM32F1xx_HAL_Driver/Src/stm32f1xx_hal_rcc.o
 .comment       0x00000043       0x44 ./Drivers/STM32F1xx_HAL_Driver/Src/stm32f1xx_hal_tim.o
 .comment       0x00000043       0x44 ./Drivers/STM32F1xx_HAL_Driver/Src/stm32f1xx_hal_tim_ex.o
 .comment       0x00000043       0x44 ./Drivers/STM32F1xx_HAL_Driver/Src/stm32f1xx_hal_uart.o

.debug_frame    0x00000000     0x5270
 .debug_frame   0x00000000       0x7c ./Core/Src/CAN_Handler.o
 .debug_frame   0x0000007c       0x38 ./Core/Src/SIGNAL.o
 .debug_frame   0x000000b4      0x110 ./Core/Src/VL53L1X.o
 .debug_frame   0x000001c4      0x610 ./Core/Src/VL53L1X_api.o
 .debug_frame   0x000007d4       0x78 ./Core/Src/VL53L1_Handler.o
 .debug_frame   0x0000084c       0x74 ./Core/Src/can.o
 .debug_frame   0x000008c0       0x34 ./Core/Src/gpio.o
 .debug_frame   0x000008f4       0x74 ./Core/Src/i2c.o
 .debug_frame   0x00000968       0x90 ./Core/Src/main.o
 .debug_frame   0x000009f8       0x38 ./Core/Src/stm32f1xx_hal_msp.o
 .debug_frame   0x00000a30      0x13c ./Core/Src/stm32f1xx_it.o
 .debug_frame   0x00000b6c       0x34 ./Core/Src/sysmem.o
 .debug_frame   0x00000ba0       0x58 ./Core/Src/system_stm32f1xx.o
 .debug_frame   0x00000bf8       0x7c ./Core/Src/tim.o
 .debug_frame   0x00000c74       0x98 ./Core/Src/usart.o
 .debug_frame   0x00000d0c      0x1a0 ./Core/Src/vl53l1_platform.o
 .debug_frame   0x00000eac      0x334 ./Drivers/STM32F1xx_HAL_Driver/Src/stm32f1xx_hal.o
 .debug_frame   0x000011e0      0x5a0 ./Drivers/STM32F1xx_HAL_Driver/Src/stm32f1xx_hal_can.o
 .debug_frame   0x00001780      0x428 ./Drivers/STM32F1xx_HAL_Driver/Src/stm32f1xx_hal_cortex.o
 .debug_frame   0x00001ba8      0x14c ./Drivers/STM32F1xx_HAL_Driver/Src/stm32f1xx_hal_gpio.o
 .debug_frame   0x00001cf4      0xc84 ./Drivers/STM32F1xx_HAL_Driver/Src/stm32f1xx_hal_i2c.o
 .debug_frame   0x00002978      0x218 ./Drivers/STM32F1xx_HAL_Driver/Src/stm32f1xx_hal_rcc.o
 .debug_frame   0x00002b90     0x11b8 ./Drivers/STM32F1xx_HAL_Driver/Src/stm32f1xx_hal_tim.o
 .debug_frame   0x00003d48      0x638 ./Drivers/STM32F1xx_HAL_Driver/Src/stm32f1xx_hal_tim_ex.o
 .debug_frame   0x00004380      0x944 ./Drivers/STM32F1xx_HAL_Driver/Src/stm32f1xx_hal_uart.o
 .debug_frame   0x00004cc4      0x144 C:/ST/STM32CubeIDE_1.16.1/STM32CubeIDE/plugins/com.st.stm32cube.ide.mcu.externaltools.gnu-tools-for-stm32.12.3.rel1.win32_1.0.200.202406191623/tools/bin/../lib/gcc/arm-none-eabi/12.3.1/../../../../arm-none-eabi/lib/thumb/v7-m/nofp\libc_nano.a(libc_a-findfp.o)
 .debug_frame   0x00004e08       0x6c C:/ST/STM32CubeIDE_1.16.1/STM32CubeIDE/plugins/com.st.stm32cube.ide.mcu.externaltools.gnu-tools-for-stm32.12.3.rel1.win32_1.0.200.202406191623/tools/bin/../lib/gcc/arm-none-eabi/12.3.1/../../../../arm-none-eabi/lib/thumb/v7-m/nofp\libc_nano.a(libc_a-sprintf.o)
 .debug_frame   0x00004e74       0x20 C:/ST/STM32CubeIDE_1.16.1/STM32CubeIDE/plugins/com.st.stm32cube.ide.mcu.externaltools.gnu-tools-for-stm32.12.3.rel1.win32_1.0.200.202406191623/tools/bin/../lib/gcc/arm-none-eabi/12.3.1/../../../../arm-none-eabi/lib/thumb/v7-m/nofp\libc_nano.a(libc_a-memset.o)
 .debug_frame   0x00004e94       0x38 C:/ST/STM32CubeIDE_1.16.1/STM32CubeIDE/plugins/com.st.stm32cube.ide.mcu.externaltools.gnu-tools-for-stm32.12.3.rel1.win32_1.0.200.202406191623/tools/bin/../lib/gcc/arm-none-eabi/12.3.1/../../../../arm-none-eabi/lib/thumb/v7-m/nofp\libc_nano.a(libc_a-reent.o)
 .debug_frame   0x00004ecc       0x20 C:/ST/STM32CubeIDE_1.16.1/STM32CubeIDE/plugins/com.st.stm32cube.ide.mcu.externaltools.gnu-tools-for-stm32.12.3.rel1.win32_1.0.200.202406191623/tools/bin/../lib/gcc/arm-none-eabi/12.3.1/../../../../arm-none-eabi/lib/thumb/v7-m/nofp\libc_nano.a(libc_a-errno.o)
 .debug_frame   0x00004eec       0x2c C:/ST/STM32CubeIDE_1.16.1/STM32CubeIDE/plugins/com.st.stm32cube.ide.mcu.externaltools.gnu-tools-for-stm32.12.3.rel1.win32_1.0.200.202406191623/tools/bin/../lib/gcc/arm-none-eabi/12.3.1/../../../../arm-none-eabi/lib/thumb/v7-m/nofp\libc_nano.a(libc_a-init.o)
 .debug_frame   0x00004f18       0xb0 C:/ST/STM32CubeIDE_1.16.1/STM32CubeIDE/plugins/com.st.stm32cube.ide.mcu.externaltools.gnu-tools-for-stm32.12.3.rel1.win32_1.0.200.202406191623/tools/bin/../lib/gcc/arm-none-eabi/12.3.1/../../../../arm-none-eabi/lib/thumb/v7-m/nofp\libc_nano.a(libc_a-lock.o)
 .debug_frame   0x00004fc8       0x28 C:/ST/STM32CubeIDE_1.16.1/STM32CubeIDE/plugins/com.st.stm32cube.ide.mcu.externaltools.gnu-tools-for-stm32.12.3.rel1.win32_1.0.200.202406191623/tools/bin/../lib/gcc/arm-none-eabi/12.3.1/../../../../arm-none-eabi/lib/thumb/v7-m/nofp\libc_nano.a(libc_a-memcpy-stub.o)
 .debug_frame   0x00004ff0       0x38 C:/ST/STM32CubeIDE_1.16.1/STM32CubeIDE/plugins/com.st.stm32cube.ide.mcu.externaltools.gnu-tools-for-stm32.12.3.rel1.win32_1.0.200.202406191623/tools/bin/../lib/gcc/arm-none-eabi/12.3.1/../../../../arm-none-eabi/lib/thumb/v7-m/nofp\libc_nano.a(libc_a-freer.o)
 .debug_frame   0x00005028       0x50 C:/ST/STM32CubeIDE_1.16.1/STM32CubeIDE/plugins/com.st.stm32cube.ide.mcu.externaltools.gnu-tools-for-stm32.12.3.rel1.win32_1.0.200.202406191623/tools/bin/../lib/gcc/arm-none-eabi/12.3.1/../../../../arm-none-eabi/lib/thumb/v7-m/nofp\libc_nano.a(libc_a-mallocr.o)
 .debug_frame   0x00005078       0x30 C:/ST/STM32CubeIDE_1.16.1/STM32CubeIDE/plugins/com.st.stm32cube.ide.mcu.externaltools.gnu-tools-for-stm32.12.3.rel1.win32_1.0.200.202406191623/tools/bin/../lib/gcc/arm-none-eabi/12.3.1/../../../../arm-none-eabi/lib/thumb/v7-m/nofp\libc_nano.a(libc_a-mlock.o)
 .debug_frame   0x000050a8       0x90 C:/ST/STM32CubeIDE_1.16.1/STM32CubeIDE/plugins/com.st.stm32cube.ide.mcu.externaltools.gnu-tools-for-stm32.12.3.rel1.win32_1.0.200.202406191623/tools/bin/../lib/gcc/arm-none-eabi/12.3.1/../../../../arm-none-eabi/lib/thumb/v7-m/nofp\libc_nano.a(libc_a-nano-svfprintf.o)
 .debug_frame   0x00005138       0x60 C:/ST/STM32CubeIDE_1.16.1/STM32CubeIDE/plugins/com.st.stm32cube.ide.mcu.externaltools.gnu-tools-for-stm32.12.3.rel1.win32_1.0.200.202406191623/tools/bin/../lib/gcc/arm-none-eabi/12.3.1/../../../../arm-none-eabi/lib/thumb/v7-m/nofp\libc_nano.a(libc_a-nano-vfprintf_i.o)
 .debug_frame   0x00005198       0x28 C:/ST/STM32CubeIDE_1.16.1/STM32CubeIDE/plugins/com.st.stm32cube.ide.mcu.externaltools.gnu-tools-for-stm32.12.3.rel1.win32_1.0.200.202406191623/tools/bin/../lib/gcc/arm-none-eabi/12.3.1/../../../../arm-none-eabi/lib/thumb/v7-m/nofp\libc_nano.a(libc_a-memmove.o)
 .debug_frame   0x000051c0       0x2c C:/ST/STM32CubeIDE_1.16.1/STM32CubeIDE/plugins/com.st.stm32cube.ide.mcu.externaltools.gnu-tools-for-stm32.12.3.rel1.win32_1.0.200.202406191623/tools/bin/../lib/gcc/arm-none-eabi/12.3.1/../../../../arm-none-eabi/lib/thumb/v7-m/nofp\libc_nano.a(libc_a-sbrkr.o)
 .debug_frame   0x000051ec       0x28 C:/ST/STM32CubeIDE_1.16.1/STM32CubeIDE/plugins/com.st.stm32cube.ide.mcu.externaltools.gnu-tools-for-stm32.12.3.rel1.win32_1.0.200.202406191623/tools/bin/../lib/gcc/arm-none-eabi/12.3.1/../../../../arm-none-eabi/lib/thumb/v7-m/nofp\libc_nano.a(libc_a-memchr-stub.o)
 .debug_frame   0x00005214       0x3c C:/ST/STM32CubeIDE_1.16.1/STM32CubeIDE/plugins/com.st.stm32cube.ide.mcu.externaltools.gnu-tools-for-stm32.12.3.rel1.win32_1.0.200.202406191623/tools/bin/../lib/gcc/arm-none-eabi/12.3.1/../../../../arm-none-eabi/lib/thumb/v7-m/nofp\libc_nano.a(libc_a-reallocr.o)
 .debug_frame   0x00005250       0x20 C:/ST/STM32CubeIDE_1.16.1/STM32CubeIDE/plugins/com.st.stm32cube.ide.mcu.externaltools.gnu-tools-for-stm32.12.3.rel1.win32_1.0.200.202406191623/tools/bin/../lib/gcc/arm-none-eabi/12.3.1/../../../../arm-none-eabi/lib/thumb/v7-m/nofp\libc_nano.a(libc_a-msizer.o)

.debug_line_str
                0x00000000       0x67
 .debug_line_str
                0x00000000       0x67 ./Core/Startup/startup_stm32f103c8tx.o